Component: ARM Compiler 5.06 update 7 (build 960) Tool: armlink [4d3601]

==============================================================================

Section Cross References

    startup_stm32f407xx.o(STACK) refers (Special) to heapauxi.o(.text) for __use_two_region_memory
    startup_stm32f407xx.o(HEAP) refers (Special) to heapauxi.o(.text) for __use_two_region_memory
    startup_stm32f407xx.o(RESET) refers (Special) to heapauxi.o(.text) for __use_two_region_memory
    startup_stm32f407xx.o(RESET) refers to startup_stm32f407xx.o(STACK) for __initial_sp
    startup_stm32f407xx.o(RESET) refers to startup_stm32f407xx.o(.text) for Reset_Handler
    startup_stm32f407xx.o(RESET) refers to stm32f4xx_it.o(i.NMI_Handler) for NMI_Handler
    startup_stm32f407xx.o(RESET) refers to stm32f4xx_it.o(i.HardFault_Handler) for HardFault_Handler
    startup_stm32f407xx.o(RESET) refers to stm32f4xx_it.o(i.MemManage_Handler) for MemManage_Handler
    startup_stm32f407xx.o(RESET) refers to stm32f4xx_it.o(i.BusFault_Handler) for BusFault_Handler
    startup_stm32f407xx.o(RESET) refers to stm32f4xx_it.o(i.UsageFault_Handler) for UsageFault_Handler
    startup_stm32f407xx.o(RESET) refers to port.o(.emb_text) for SVC_Handler
    startup_stm32f407xx.o(RESET) refers to stm32f4xx_it.o(i.DebugMon_Handler) for DebugMon_Handler
    startup_stm32f407xx.o(RESET) refers to port.o(i.SysTick_Handler) for SysTick_Handler
    startup_stm32f407xx.o(RESET) refers to stm32f4xx_it.o(i.EXTI0_IRQHandler) for EXTI0_IRQHandler
    startup_stm32f407xx.o(RESET) refers to stm32f4xx_it.o(i.EXTI3_IRQHandler) for EXTI3_IRQHandler
    startup_stm32f407xx.o(RESET) refers to stm32f4xx_it.o(i.EXTI4_IRQHandler) for EXTI4_IRQHandler
    startup_stm32f407xx.o(RESET) refers to stm32f4xx_it.o(i.DMA1_Stream1_IRQHandler) for DMA1_Stream1_IRQHandler
    startup_stm32f407xx.o(RESET) refers to stm32f4xx_it.o(i.CAN1_RX0_IRQHandler) for CAN1_RX0_IRQHandler
    startup_stm32f407xx.o(RESET) refers to stm32f4xx_it.o(i.EXTI9_5_IRQHandler) for EXTI9_5_IRQHandler
    startup_stm32f407xx.o(RESET) refers to stm32f4xx_it.o(i.TIM2_IRQHandler) for TIM2_IRQHandler
    startup_stm32f407xx.o(RESET) refers to stm32f4xx_it.o(i.USART1_IRQHandler) for USART1_IRQHandler
    startup_stm32f407xx.o(RESET) refers to stm32f4xx_it.o(i.USART3_IRQHandler) for USART3_IRQHandler
    startup_stm32f407xx.o(RESET) refers to stm32f4xx_it.o(i.DMA2_Stream1_IRQHandler) for DMA2_Stream1_IRQHandler
    startup_stm32f407xx.o(RESET) refers to ins_task.o(i.DMA2_Stream2_IRQHandler) for DMA2_Stream2_IRQHandler
    startup_stm32f407xx.o(RESET) refers to stm32f4xx_it.o(i.CAN2_RX0_IRQHandler) for CAN2_RX0_IRQHandler
    startup_stm32f407xx.o(RESET) refers to stm32f4xx_it.o(i.DMA2_Stream6_IRQHandler) for DMA2_Stream6_IRQHandler
    startup_stm32f407xx.o(RESET) refers to stm32f4xx_it.o(i.DMA2_Stream7_IRQHandler) for DMA2_Stream7_IRQHandler
    startup_stm32f407xx.o(RESET) refers to stm32f4xx_it.o(i.USART6_IRQHandler) for USART6_IRQHandler
    startup_stm32f407xx.o(.text) refers (Special) to heapauxi.o(.text) for __use_two_region_memory
    startup_stm32f407xx.o(.text) refers to system_stm32f4xx.o(i.SystemInit) for SystemInit
    startup_stm32f407xx.o(.text) refers to __main.o(!!!main) for __main
    startup_stm32f407xx.o(.text) refers to startup_stm32f407xx.o(HEAP) for Heap_Mem
    startup_stm32f407xx.o(.text) refers to startup_stm32f407xx.o(STACK) for Stack_Mem
    main.o(i.HAL_TIM_PeriodElapsedCallback) refers to stm32f4xx_hal.o(i.HAL_IncTick) for HAL_IncTick
    main.o(i.SystemClock_Config) refers to rt_memclr_w.o(.text) for __aeabi_memclr4
    main.o(i.SystemClock_Config) refers to stm32f4xx_hal_rcc.o(i.HAL_RCC_OscConfig) for HAL_RCC_OscConfig
    main.o(i.SystemClock_Config) refers to main.o(i.Error_Handler) for Error_Handler
    main.o(i.SystemClock_Config) refers to stm32f4xx_hal_rcc.o(i.HAL_RCC_ClockConfig) for HAL_RCC_ClockConfig
    main.o(i.main) refers to stm32f4xx_hal.o(i.HAL_Init) for HAL_Init
    main.o(i.main) refers to main.o(i.SystemClock_Config) for SystemClock_Config
    main.o(i.main) refers to gpio.o(i.MX_GPIO_Init) for MX_GPIO_Init
    main.o(i.main) refers to dma.o(i.MX_DMA_Init) for MX_DMA_Init
    main.o(i.main) refers to can.o(i.MX_CAN1_Init) for MX_CAN1_Init
    main.o(i.main) refers to can.o(i.MX_CAN2_Init) for MX_CAN2_Init
    main.o(i.main) refers to usart.o(i.MX_USART3_UART_Init) for MX_USART3_UART_Init
    main.o(i.main) refers to usart.o(i.MX_USART6_UART_Init) for MX_USART6_UART_Init
    main.o(i.main) refers to usart.o(i.MX_USART1_UART_Init) for MX_USART1_UART_Init
    main.o(i.main) refers to spi.o(i.MX_SPI1_Init) for MX_SPI1_Init
    main.o(i.main) refers to tim.o(i.MX_TIM10_Init) for MX_TIM10_Init
    main.o(i.main) refers to i2c.o(i.MX_I2C3_Init) for MX_I2C3_Init
    main.o(i.main) refers to bsp_dwt.o(i.DWT_Init) for DWT_Init
    main.o(i.main) refers to bsp_dwt.o(i.delay_init) for delay_init
[...]
    BMI088_GYRO_NS_L                         0x08001fdd   Thumb Code    14  bmi088middleware.o(i.BMI088_GYRO_NS_L)
    BMI088_accel_read_over                   0x08001ff1   Thumb Code   134  bmi088driver.o(i.BMI088_accel_read_over)
    BMI088_com_init                          0x08002081   Thumb Code     2  bmi088middleware.o(i.BMI088_com_init)
    BMI088_delay_ms                          0x08002083   Thumb Code    12  bmi088middleware.o(i.BMI088_delay_ms)
    BMI088_delay_us                          0x0800208f   Thumb Code    12  bmi088middleware.o(i.BMI088_delay_us)
    BMI088_gyro_read_over                    0x0800209d   Thumb Code    98  bmi088driver.o(i.BMI088_gyro_read_over)
    BMI088_init                              0x08002105   Thumb Code    52  bmi088driver.o(i.BMI088_init)
    BMI088_read                              0x08002139   Thumb Code   372  bmi088driver.o(i.BMI088_read)
    BMI088_read_write_byte                   0x080022f5   Thumb Code    28  bmi088middleware.o(i.BMI088_read_write_byte)
    BMI088_temperature_read_over             0x08002315   Thumb Code    52  bmi088driver.o(i.BMI088_temperature_read_over)
    BusFault_Handler                         0x0800235d   Thumb Code     4  stm32f4xx_it.o(i.BusFault_Handler)
    CAN1_RX0_IRQHandler                      0x08002361   Thumb Code    10  stm32f4xx_it.o(i.CAN1_RX0_IRQHandler)
    CAN2_RX0_IRQHandler                      0x08002371   Thumb Code    10  stm32f4xx_it.o(i.CAN2_RX0_IRQHandler)
    ChassiR_Task                             0x08002381   Thumb Code    14  freertos.o(i.ChassiR_Task)
    ChassisrL_Task                           0x0800238f   Thumb Code    14  freertos.o(i.ChassisrL_Task)
    DMA1_Stream1_IRQHandler                  0x0800239d   Thumb Code    10  stm32f4xx_it.o(i.DMA1_Stream1_IRQHandler)
    DMA2_Stream1_IRQHandler                  0x080023ad   Thumb Code    10  stm32f4xx_it.o(i.DMA2_Stream1_IRQHandler)
    DMA2_Stream2_IRQHandler                  0x080023bd   Thumb Code  2182  ins_task.o(i.DMA2_Stream2_IRQHandler)
    DMA2_Stream6_IRQHandler                  0x08002c55   Thumb Code    10  stm32f4xx_it.o(i.DMA2_Stream6_IRQHandler)
    DMA2_Stream7_IRQHandler                  0x08002c65   Thumb Code    10  stm32f4xx_it.o(i.DMA2_Stream7_IRQHandler)
    DT7_Task                                 0x08002d7f   Thumb Code    14  freertos.o(i.DT7_Task)
    DT7_task                                 0x08002d8d   Thumb Code    10  dt7_task.o(i.DT7_task)
    DWT_Init                                 0x08002d99   Thumb Code    74  bsp_dwt.o(i.DWT_Init)
    DebugMon_Handler                         0x08002e01   Thumb Code     2  stm32f4xx_it.o(i.DebugMon_Handler)
    EXTI0_IRQHandler                         0x08002e03   Thumb Code    10  stm32f4xx_it.o(i.EXTI0_IRQHandler)
    EXTI3_IRQHandler                         0x08002e0d   Thumb Code    10  stm32f4xx_it.o(i.EXTI3_IRQHandler)
    EXTI4_IRQHandler                         0x08002e17   Thumb Code    10  stm32f4xx_it.o(i.EXTI4_IRQHandler)
    EXTI9_5_IRQHandler                       0x08002e21   Thumb Code    10  stm32f4xx_it.o(i.EXTI9_5_IRQHandler)
    Error_Handler                            0x08002e2b   Thumb Code     6  main.o(i.Error_Handler)
    HAL_CAN_ErrorCallback                    0x08002e31   Thumb Code     2  stm32f4xx_hal_can.o(i.HAL_CAN_ErrorCallback)
    HAL_CAN_IRQHandler                       0x08002e33   Thumb Code   590  stm32f4xx_hal_can.o(i.HAL_CAN_IRQHandler)
    HAL_CAN_Init                             0x08003081   Thumb Code   372  stm32f4xx_hal_can.o(i.HAL_CAN_Init)
    HAL_CAN_MspInit                          0x080031f5   Thumb Code   328  can.o(i.HAL_CAN_MspInit)
    HAL_CAN_RxFifo0FullCallback              0x08003355   Thumb Code     2  stm32f4xx_hal_can.o(i.HAL_CAN_RxFifo0FullCallback)
    HAL_CAN_RxFifo0MsgPendingCallback        0x08003357   Thumb Code     2  stm32f4xx_hal_can.o(i.HAL_CAN_RxFifo0MsgPendingCallback)
    HAL_CAN_RxFifo1FullCallback              0x08003359   Thumb Code     2  stm32f4xx_hal_can.o(i.HAL_CAN_RxFifo1FullCallback)
    HAL_CAN_RxFifo1MsgPendingCallback        0x0800335b   Thumb Code     2  stm32f4xx_hal_can.o(i.HAL_CAN_RxFifo1MsgPendingCallback)
    HAL_CAN_SleepCallback                    0x0800335d   Thumb Code     2  stm32f4xx_hal_can.o(i.HAL_CAN_SleepCallback)
    HAL_CAN_TxMailbox0AbortCallback          0x0800335f   Thumb Code     2  stm32f4xx_hal_can.o(i.HAL_CAN_TxMailbox0AbortCallback)
    HAL_CAN_TxMailbox0CompleteCallback       0x08003361   Thumb Code     2  stm32f4xx_hal_can.o(i.HAL_CAN_TxMailbox0CompleteCallback)
    HAL_CAN_TxMailbox1AbortCallback          0x08003363   Thumb Code     2  stm32f4xx_hal_can.o(i.HAL_CAN_TxMailbox1AbortCallback)
    HAL_CAN_TxMailbox1CompleteCallback       0x08003365   Thumb Code     2  stm32f4xx_hal_can.o(i.HAL_CAN_TxMailbox1CompleteCallback)
    HAL_CAN_TxMailbox2AbortCallback          0x08003367   Thumb Code     2  stm32f4xx_hal_can.o(i.HAL_CAN_TxMailbox2AbortCallback)
    HAL_CAN_TxMailbox2CompleteCallback       0x08003369   Thumb Code     2  stm32f4xx_hal_can.o(i.HAL_CAN_TxMailbox2CompleteCallback)
    HAL_CAN_WakeUpFromRxMsgCallback          0x0800336b   Thumb Code     2  stm32f4xx_hal_can.o(i.HAL_CAN_WakeUpFromRxMsgCallback)
    HAL_DMA_Abort                            0x0800336d   Thumb Code   172  stm32f4xx_hal_dma.o(i.HAL_DMA_Abort)
    HAL_DMA_Abort_IT                         0x08003419   Thumb Code    40  stm32f4xx_hal_dma.o(i.HAL_DMA_Abort_IT)
    HAL_DMA_IRQHandler                       0x08003441   Thumb Code   570  stm32f4xx_hal_dma.o(i.HAL_DMA_IRQHandler)
    HAL_DMA_Init                             0x08003681   Thumb Code   232  stm32f4xx_hal_dma.o(i.HAL_DMA_Init)
    HAL_DMA_Start_IT                         0x0800376d   Thumb Code   146  stm32f4xx_hal_dma.o(i.HAL_DMA_Start_IT)
    HAL_GPIO_EXTI_Callback                   0x08003801   Thumb Code   174  ins_task.o(i.HAL_GPIO_EXTI_Callback)
    HAL_GPIO_EXTI_IRQHandler                 0x080038d5   Thumb Code    24  stm32f4xx_hal_gpio.o(i.HAL_GPIO_EXTI_IRQHandler)
    HAL_GPIO_Init                            0x080038f1   Thumb Code   454  stm32f4xx_hal_gpio.o(i.HAL_GPIO_Init)
    HAL_GPIO_WritePin                        0x08003ae5   Thumb Code    12  stm32f4xx_hal_gpio.o(i.HAL_GPIO_WritePin)
    HAL_GetTick                              0x08003af1   Thumb Code     6  stm32f4xx_hal.o(i.HAL_GetTick)
    HAL_I2C_Init                             0x08003afd   Thumb Code   446  stm32f4xx_hal_i2c.o(i.HAL_I2C_Init)
    HAL_I2C_Mem_Read                         0x08003ccd   Thumb Code   762  stm32f4xx_hal_i2c.o(i.HAL_I2C_Mem_Read)
    HAL_I2C_Mem_Write                        0x08003fd5   Thumb Code   348  stm32f4xx_hal_i2c.o(i.HAL_I2C_Mem_Write)
    HAL_I2C_MspInit                          0x08004139   Thumb Code   182  i2c.o(i.HAL_I2C_MspInit)
    HAL_IncTick                              0x08004201   Thumb Code    16  stm32f4xx_hal.o(i.HAL_IncTick)
    HAL_Init                                 0x08004219   Thumb Code    54  stm32f4xx_hal.o(i.HAL_Init)
    HAL_InitTick                             0x08004255   Thumb Code   162  stm32f4xx_hal_timebase_tim.o(i.HAL_InitTick)
    HAL_MspInit                              0x08004309   Thumb Code    78  stm32f4xx_hal_msp.o(i.HAL_MspInit)
    HAL_NVIC_EnableIRQ                       0x0800435d   Thumb Code    40  stm32f4xx_hal_cortex.o(i.HAL_NVIC_EnableIRQ)
    HAL_NVIC_SetPriority                     0x08004385   Thumb Code   124  stm32f4xx_hal_cortex.o(i.HAL_NVIC_SetPriority)
    HAL_NVIC_SetPriorityGrouping             0x08004401   Thumb Code    32  stm32f4xx_hal_cortex.o(i.HAL_NVIC_SetPriorityGrouping)
    HAL_RCC_ClockConfig                      0x08004429   Thumb Code   368  stm32f4xx_hal_rcc.o(i.HAL_RCC_ClockConfig)
    HAL_RCC_GetClockConfig                   0x080045ad   Thumb Code    58  stm32f4xx_hal_rcc.o(i.HAL_RCC_GetClockConfig)
    HAL_RCC_GetHCLKFreq                      0x080045f1   Thumb Code     6  stm32f4xx_hal_rcc.o(i.HAL_RCC_GetHCLKFreq)
    HAL_RCC_GetPCLK1Freq                     0x080045fd   Thumb Code    22  stm32f4xx_hal_rcc.o(i.HAL_RCC_GetPCLK1Freq)
    HAL_RCC_GetPCLK2Freq                     0x0800461d   Thumb Code    22  stm32f4xx_hal_rcc.o(i.HAL_RCC_GetPCLK2Freq)
    HAL_RCC_GetSysClockFreq                  0x0800463d   Thumb Code   162  stm32f4xx_hal_rcc.o(i.HAL_RCC_GetSysClockFreq)
    HAL_RCC_OscConfig                        0x080046ed   Thumb Code  1172  stm32f4xx_hal_rcc.o(i.HAL_RCC_OscConfig)
    HAL_SPI_Init                             0x08004b89   Thumb Code   200  stm32f4xx_hal_spi.o(i.HAL_SPI_Init)
    HAL_SPI_MspInit                          0x08004c51   Thumb Code   316  spi.o(i.HAL_SPI_MspInit)
    HAL_SPI_TransmitReceive                  0x08004da9   Thumb Code   584  stm32f4xx_hal_spi.o(i.HAL_SPI_TransmitReceive)
    HAL_TIMEx_BreakCallback                  0x08004ff1   Thumb Code     2  stm32f4xx_hal_tim_ex.o(i.HAL_TIMEx_BreakCallback)
    HAL_TIMEx_CommutCallback                 0x08004ff3   Thumb Code     2  stm32f4xx_hal_tim_ex.o(i.HAL_TIMEx_CommutCallback)
    HAL_TIM_Base_Init                        0x08004ff5   Thumb Code   102  stm32f4xx_hal_tim.o(i.HAL_TIM_Base_Init)
    HAL_TIM_Base_MspInit                     0x0800505d   Thumb Code    44  tim.o(i.HAL_TIM_Base_MspInit)
    HAL_TIM_Base_Start_IT                    0x08005091   Thumb Code   138  stm32f4xx_hal_tim.o(i.HAL_TIM_Base_Start_IT)
    HAL_TIM_IC_CaptureCallback               0x08005139   Thumb Code     2  stm32f4xx_hal_tim.o(i.HAL_TIM_IC_CaptureCallback)
    HAL_TIM_IRQHandler                       0x0800513b   Thumb Code   364  stm32f4xx_hal_tim.o(i.HAL_TIM_IRQHandler)
    HAL_TIM_MspPostInit                      0x080052a9   Thumb Code    86  tim.o(i.HAL_TIM_MspPostInit)
    HAL_TIM_OC_DelayElapsedCallback          0x0800530d   Thumb Code     2  stm32f4xx_hal_tim.o(i.HAL_TIM_OC_DelayElapsedCallback)
    HAL_TIM_PWM_ConfigChannel                0x0800530f   Thumb Code   260  stm32f4xx_hal_tim.o(i.HAL_TIM_PWM_ConfigChannel)
    HAL_TIM_PWM_Init                         0x08005413   Thumb Code   102  stm32f4xx_hal_tim.o(i.HAL_TIM_PWM_Init)
    HAL_TIM_PWM_MspInit                      0x08005479   Thumb Code     2  stm32f4xx_hal_tim.o(i.HAL_TIM_PWM_MspInit)
    HAL_TIM_PWM_PulseFinishedCallback        0x0800547b   Thumb Code     2  stm32f4xx_hal_tim.o(i.HAL_TIM_PWM_PulseFinishedCallback)
    HAL_TIM_PeriodElapsedCallback            0x0800547d   Thumb Code    18  main.o(i.HAL_TIM_PeriodElapsedCallback)
    HAL_TIM_TriggerCallback                  0x0800548f   Thumb Code     2  stm32f4xx_hal_tim.o(i.HAL_TIM_TriggerCallback)
    HAL_UARTEx_RxEventCallback               0x08005491   Thumb Code     2  stm32f4xx_hal_uart.o(i.HAL_UARTEx_RxEventCallback)
    HAL_UART_ErrorCallback                   0x08005493   Thumb Code     2  stm32f4xx_hal_uart.o(i.HAL_UART_ErrorCallback)
    HAL_UART_IRQHandler                      0x08005495   Thumb Code   740  stm32f4xx_hal_uart.o(i.HAL_UART_IRQHandler)
    HAL_UART_Init                            0x0800577d   Thumb Code   118  stm32f4xx_hal_uart.o(i.HAL_UART_Init)
    HAL_UART_MspInit                         0x080057f5   Thumb Code   714  usart.o(i.HAL_UART_MspInit)
    HAL_UART_RxCpltCallback                  0x08005af9   Thumb Code     2  stm32f4xx_hal_uart.o(i.HAL_UART_RxCpltCallback)
    HAL_UART_Transmit_DMA                    0x08005afd   Thumb Code   128  stm32f4xx_hal_uart.o(i.HAL_UART_Transmit_DMA)
    HAL_UART_TxCpltCallback                  0x08005b89   Thumb Code    16  usart.o(i.HAL_UART_TxCpltCallback)
    HAL_UART_TxHalfCpltCallback              0x08005ba1   Thumb Code     2  stm32f4xx_hal_uart.o(i.HAL_UART_TxHalfCpltCallback)
    HardFault_Handler                        0x08005ba5   Thumb Code    10  stm32f4xx_it.o(i.HardFault_Handler)
    IMU_Data_Process                         0x08006161   Thumb Code   284  ins_task.o(i.IMU_Data_Process)
    IMU_Init_Self_inspection                 0x080062cd   Thumb Code   144  ins_task.o(i.IMU_Init_Self_inspection)
    INS_Task                                 0x080063cd   Thumb Code    14  freertos.o(i.INS_Task)
    INS_task                                 0x080063db   Thumb Code    12  ins_task.o(i.INS_task)
    MX_CAN1_Init                             0x080063e9   Thumb Code    58  can.o(i.MX_CAN1_Init)
    MX_CAN2_Init                             0x0800642d   Thumb Code    58  can.o(i.MX_CAN2_Init)
    MX_DMA_Init                              0x08006471   Thumb Code   162  dma.o(i.MX_DMA_Init)
    MX_FREERTOS_Init                         0x08006519   Thumb Code   150  freertos.o(i.MX_FREERTOS_Init)
    MX_GPIO_Init                             0x080065cd   Thumb Code   458  gpio.o(i.MX_GPIO_Init)
    MX_I2C3_Init                             0x080067ad   Thumb Code    48  i2c.o(i.MX_I2C3_Init)
    MX_SPI1_Init                             0x080067e9   Thumb Code    62  spi.o(i.MX_SPI1_Init)
    MX_TIM10_Init                            0x08006831   Thumb Code   100  tim.o(i.MX_TIM10_Init)
    MX_USART1_UART_Init                      0x0800689d   Thumb Code    46  usart.o(i.MX_USART1_UART_Init)
    MX_USART3_UART_Init                      0x080068d5   Thumb Code    46  usart.o(i.MX_USART3_UART_Init)
    MX_USART6_UART_Init                      0x0800690d   Thumb Code    46  usart.o(i.MX_USART6_UART_Init)
    MahonyAHRSupdate                         0x08006945   Thumb Code  1418  mahonyahrs.o(i.MahonyAHRSupdate)
    MahonyAHRSupdateIMU                      0x08006ef1   Thumb Code   730  mahonyahrs.o(i.MahonyAHRSupdateIMU)
    MemManage_Handler                        0x080071ed   Thumb Code     4  stm32f4xx_it.o(i.MemManage_Handler)
    NMI_Handler                              0x080071f1   Thumb Code     4  stm32f4xx_it.o(i.NMI_Handler)
    OBSERVE_Task                             0x080071f5   Thumb Code    10  freertos.o(i.OBSERVE_Task)
    PID_calc                                 0x08007201   Thumb Code   492  pid_1.o(i.PID_calc)
    PID_init                                 0x080073f1   Thumb Code    92  pid_1.o(i.PID_init)
    SPI1_DMA_enable                          0x08007451   Thumb Code 10024  bsp_spi.o(i.SPI1_DMA_enable)
    SPI1_DMA_init                            0x08009b8d   Thumb Code   360  bsp_spi.o(i.SPI1_DMA_init)
    StartDefaultTask                         0x08009e6d   Thumb Code    10  freertos.o(i.StartDefaultTask)
    SysTick_Handler                          0x08009e79   Thumb Code    46  port.o(i.SysTick_Handler)
    SystemClock_Config                       0x08009ead   Thumb Code   170  main.o(i.SystemClock_Config)
    SystemInit                               0x08009f61   Thumb Code    14  system_stm32f4xx.o(i.SystemInit)
    TIM2_IRQHandler                          0x08009f75   Thumb Code    10  stm32f4xx_it.o(i.TIM2_IRQHandler)
    TIM_Base_SetConfig                       0x08009f85   Thumb Code   186  stm32f4xx_hal_tim.o(i.TIM_Base_SetConfig)
    TIM_OC2_SetConfig                        0x0800a0dd   Thumb Code   114  stm32f4xx_hal_tim.o(i.TIM_OC2_SetConfig)
    USART1_IRQHandler                        0x0800a729   Thumb Code    10  stm32f4xx_it.o(i.USART1_IRQHandler)
    USART3_IRQHandler                        0x0800a739   Thumb Code    10  stm32f4xx_it.o(i.USART3_IRQHandler)
    USART6_IRQHandler                        0x0800a749   Thumb Code    10  stm32f4xx_it.o(i.USART6_IRQHandler)
    UsageFault_Handler                       0x0800a759   Thumb Code     4  stm32f4xx_it.o(i.UsageFault_Handler)
    __ARM_fpclassify                         0x0800a75d   Thumb Code    48  fpclassify.o(i.__ARM_fpclassify)
    __ARM_fpclassifyf                        0x0800a78d   Thumb Code    38  fpclassifyf.o(i.__ARM_fpclassifyf)
    __hardfp_asinf                           0x0800a7ed   Thumb Code   258  asinf.o(i.__hardfp_asinf)
    __hardfp_atan2f                          0x0800a919   Thumb Code   594  atan2f.o(i.__hardfp_atan2f)
    __hardfp_sqrt                            0x0800abc5   Thumb Code   122  sqrt.o(i.__hardfp_sqrt)
    __mathlib_flt_infnan                     0x0800ac3f   Thumb Code     6  funder.o(i.__mathlib_flt_infnan)
    __mathlib_flt_infnan2                    0x0800ac45   Thumb Code     6  funder.o(i.__mathlib_flt_infnan2)
    __mathlib_flt_invalid                    0x0800ac4d   Thumb Code    10  funder.o(i.__mathlib_flt_invalid)
    __mathlib_flt_underflow                  0x0800ac5d   Thumb Code    10  funder.o(i.__mathlib_flt_underflow)
    _is_digit                                0x0800ac6d   Thumb Code    14  __printf_wp.o(i._is_digit)
    bmi088_accel_init                        0x0800ac7d   Thumb Code   302  bmi088driver.o(i.bmi088_accel_init)
    bmi088_accel_self_test                   0x0800adb1   Thumb Code   760  bmi088driver.o(i.bmi088_accel_self_test)
    bmi088_gyro_init                         0x0800b0ad   Thumb Code   238  bmi088driver.o(i.bmi088_gyro_init)
    bmi088_gyro_self_test                    0x0800b1a1   Thumb Code   208  bmi088driver.o(i.bmi088_gyro_self_test)
    chassisL_task                            0x0800b271   Thumb Code    10  chassisl_task.o(i.chassisL_task)
    chassisR_task                            0x0800b27b   Thumb Code    10  chassisr_task.o(i.chassisR_task)
    delay_init                               0x0800b285   Thumb Code    32  bsp_dwt.o(i.delay_init)
    delay_us                                 0x0800b2b5   Thumb Code    76  bsp_dwt.o(i.delay_us)
    get_angle                                0x0800b305   Thumb Code   220  ins_task.o(i.get_angle)
    imu_pwm_set                              0x0800b589   Thumb Code     8  ins_task.o(i.imu_pwm_set)
    invSqrt                                  0x0800b639   Thumb Code    56  mahonyahrs.o(i.invSqrt)
    ist8310_GPIO_init                        0x0800b675   Thumb Code     2  ist8310driver_middleware.o(i.ist8310_GPIO_init)
    ist8310_IIC_read_muli_reg                0x0800b679   Thumb Code    30  ist8310driver_middleware.o(i.ist8310_IIC_read_muli_reg)
    ist8310_IIC_read_single_reg              0x0800b69d   Thumb Code    36  ist8310driver_middleware.o(i.ist8310_IIC_read_single_reg)
    ist8310_IIC_write_single_reg             0x0800b6c5   Thumb Code    34  ist8310driver_middleware.o(i.ist8310_IIC_write_single_reg)
    ist8310_RST_H                            0x0800b6ed   Thumb Code    14  ist8310driver_middleware.o(i.ist8310_RST_H)
    ist8310_RST_L                            0x0800b701   Thumb Code    14  ist8310driver_middleware.o(i.ist8310_RST_L)
    ist8310_com_init                         0x0800b715   Thumb Code     2  ist8310driver_middleware.o(i.ist8310_com_init)
    ist8310_delay_ms                         0x0800b717   Thumb Code    12  ist8310driver_middleware.o(i.ist8310_delay_ms)
    ist8310_init                             0x0800b725   Thumb Code   142  ist8310driver.o(i.ist8310_init)
    ist8310_read_mag                         0x0800b7b9   Thumb Code   136  ist8310driver.o(i.ist8310_read_mag)
    main                                     0x0800b845   Thumb Code    70  main.o(i.main)
    myprintf                                 0x0800b899   Thumb Code    60  usart.o(i.myprintf)
    osDelay                                  0x0800b8e1   Thumb Code    24  cmsis_os.o(i.osDelay)
    osKernelStart                            0x0800b8f9   Thumb Code    10  cmsis_os.o(i.osKernelStart)
    osThreadCreate                           0x0800b903   Thumb Code    94  cmsis_os.o(i.osThreadCreate)
    pcTaskGetName                            0x0800b961   Thumb Code    44  tasks.o(i.pcTaskGetName)
    pvPortMalloc                             0x0800bedd   Thumb Code   306  heap_4.o(i.pvPortMalloc)
    pxPortInitialiseStack                    0x0800c029   Thumb Code    38  port.o(i.pxPortInitialiseStack)
    sqrtf                                    0x0800c055   Thumb Code    62  sqrtf.o(i.sqrtf)
    ulTaskNotifyTake                         0x0800c095   Thumb Code   108  tasks.o(i.ulTaskNotifyTake)
    uxListRemove                             0x0800c109   Thumb Code    40  list.o(i.uxListRemove)
    vApplicationGetIdleTaskMemory            0x0800c131   Thumb Code    14  freertos.o(i.vApplicationGetIdleTaskMemory)
    vListInitialise                          0x0800c149   Thumb Code    26  list.o(i.vListInitialise)
    vListInitialiseItem                      0x0800c163   Thumb Code     6  list.o(i.vListInitialiseItem)
    vListInsert                              0x0800c169   Thumb Code    52  list.o(i.vListInsert)
    vListInsertEnd                           0x0800c19d   Thumb Code    24  list.o(i.vListInsertEnd)
    vPortEnterCritical                       0x0800c1b5   Thumb Code    76  port.o(i.vPortEnterCritical)
    vPortExitCritical                        0x0800c209   Thumb Code    56  port.o(i.vPortExitCritical)
    vPortFree                                0x0800c245   Thumb Code   150  heap_4.o(i.vPortFree)
    vPortSetupTimerInterrupt                 0x0800c2e9   Thumb Code    36  port.o(i.vPortSetupTimerInterrupt)
    vPortValidateInterruptPriority           0x0800c311   Thumb Code   106  port.o(i.vPortValidateInterruptPriority)
    vTaskDelay                               0x0800c389   Thumb Code    82  tasks.o(i.vTaskDelay)
    vTaskNotifyGiveFromISR                   0x0800c3e5   Thumb Code   214  tasks.o(i.vTaskNotifyGiveFromISR)
    vTaskStartScheduler                      0x0800c4d5   Thumb Code   146  tasks.o(i.vTaskStartScheduler)
    vTaskSuspendAll                          0x0800c585   Thumb Code    12  tasks.o(i.vTaskSuspendAll)
    vTaskSwitchContext                       0x0800c595   Thumb Code   118  tasks.o(i.vTaskSwitchContext)
    xPortStartScheduler                      0x0800c621   Thumb Code   330  port.o(i.xPortStartScheduler)
    xTaskCreate                              0x0800c789   Thumb Code   100  tasks.o(i.xTaskCreate)
    xTaskCreateStatic                        0x0800c7ed   Thumb Code   186  tasks.o(i.xTaskCreateStatic)
    xTaskGetHandle                           0x0800c8a9   Thumb Code   142  tasks.o(i.xTaskGetHandle)
    xTaskGetSchedulerState                   0x0800c94d   Thumb Code    24  tasks.o(i.xTaskGetSchedulerState)
    xTaskIncrementTick                       0x0800c96d   Thumb Code   282  tasks.o(i.xTaskIncrementTick)
    xTaskResumeAll                           0x0800cab5   Thumb Code   224  tasks.o(i.xTaskResumeAll)
    _get_lc_numeric                          0x0800cbb9   Thumb Code    44  lc_numeric_c.o(locale$$code)
    _get_lc_ctype                            0x0800cbe5   Thumb Code    44  lc_ctype_c.o(locale$$code)
    __aeabi_d2f                              0x0800cc11   Thumb Code     0  d2f.o(x$fpl$d2f)
    _d2f                                     0x0800cc11   Thumb Code    98  d2f.o(x$fpl$d2f)
    __fpl_dnaninf                            0x0800cc73   Thumb Code   156  dnaninf.o(x$fpl$dnaninf)
    __fpl_dretinf                            0x0800cd0f   Thumb Code    12  dretinf.o(x$fpl$dretinf)
    _dsqrt                                   0x0800cd1d   Thumb Code   404  dsqrt_umaal.o(x$fpl$dsqrt)
    __aeabi_f2d                              0x0800ceb5   Thumb Code     0  f2d.o(x$fpl$f2d)
    _f2d                                     0x0800ceb5   Thumb Code    86  f2d.o(x$fpl$f2d)
    __fpl_fnaninf                            0x0800cf0b   Thumb Code   140  fnaninf.o(x$fpl$fnaninf)
    _fp_init                                 0x0800cf97   Thumb Code    10  fpinit.o(x$fpl$fpinit)
    __fplib_config_fpu_vfp                   0x0800cf9f   Thumb Code     0  fpinit.o(x$fpl$fpinit)
    __fplib_config_pureend_doubles           0x0800cf9f   Thumb Code     0  fpinit.o(x$fpl$fpinit)
    __fpl_fretinf                            0x0800cfa1   Thumb Code    10  fretinf.o(x$fpl$fretinf)
    _printf_fp_dec                           0x0800cfab   Thumb Code     4  printf1.o(x$fpl$printf1)
    _printf_fp_hex                           0x0800cfaf   Thumb Code     4  printf2.o(x$fpl$printf2)
    __I$use$fp                               0x0800cfb2   Number         0  usenofp.o(x$fpl$usenofp)
    AHBPrescTable                            0x0800d064   Data          16  system_stm32f4xx.o(.constdata)
    APBPrescTable                            0x0800d074   Data           8  system_stm32f4xx.o(.constdata)
    Region$$Table$$Base                      0x0800d1f8   Number         0  anon$$obj.o(Region$$Table)
    Region$$Table$$Limit                     0x0800d218   Number         0  anon$$obj.o(Region$$Table)
    __ctype                                  0x0800d241   Data           0  lc_ctype_c.o(locale$$data)
    defaultTaskHandle                        0x20000000   Data           4  freertos.o(.data)
    INS_TASKHandle                           0x20000004   Data           4  freertos.o(.data)
    CHASSISR_TASKHandle                      0x20000008   Data           4  freertos.o(.data)
    CHASSISL_TASKHandle                      0x2000000c   Data           4  freertos.o(.data)
    OBSERVE_TASKHandle                       0x20000010   Data           4  freertos.o(.data)
    DT7_TASKHandle                           0x20000014   Data           4  freertos.o(.data)
    usart_dma_tx_over                        0x2000001c   Data           1  usart.o(.data)
    uwTick                                   0x20000020   Data           4  stm32f4xx_hal.o(.data)
    uwTickPrio                               0x20000024   Data           4  stm32f4xx_hal.o(.data)
    uwTickFreq                               0x20000028   Data           1  stm32f4xx_hal.o(.data)
    SystemCoreClock                          0x2000002c   Data           4  system_stm32f4xx.o(.data)
    pxCurrentTCB                             0x20000030   Data           4  tasks.o(.data)
    gyro_dma_rx_buf                          0x2000009c   Data           8  ins_task.o(.data)
    gyro_dma_tx_buf                          0x200000a4   Data           8  ins_task.o(.data)
    accel_dma_tx_buf                         0x200000ac   Data           9  ins_task.o(.data)
    accel_temp_dma_rx_buf                    0x200000b5   Data           4  ins_task.o(.data)
    accel_temp_dma_tx_buf                    0x200000b9   Data           4  ins_task.o(.data)
    gyro_update_flag                         0x200000bd   Data           1  ins_task.o(.data)
    accel_update_flag                        0x200000be   Data           1  ins_task.o(.data)
    accel_temp_update_flag                   0x200000bf   Data           1  ins_task.o(.data)
    mag_update_flag                          0x200000c0   Data           1  ins_task.o(.data)
    imu_start_dma_flag                       0x200000c1   Data           1  ins_task.o(.data)
    SysTime                                  0x200000c8   Data           8  bsp_dwt.o(.data)
    CYCCNT64                                 0x200000e8   Data           8  bsp_dwt.o(.data)
    twoKp                                    0x20000110   Data           4  mahonyahrs.o(.data)
    twoKi                                    0x20000114   Data           4  mahonyahrs.o(.data)
    integralFBx                              0x20000118   Data           4  mahonyahrs.o(.data)
    integralFBy                              0x2000011c   Data           4  mahonyahrs.o(.data)
    integralFBz                              0x20000120   Data           4  mahonyahrs.o(.data)
    BMI088_ACCEL_SEN                         0x20000124   Data           4  bmi088driver.o(.data)
    BMI088_GYRO_SEN                          0x20000128   Data           4  bmi088driver.o(.data)
    hcan1                                    0x200003a4   Data          40  can.o(.bss)
    hcan2                                    0x200003cc   Data          40  can.o(.bss)
    hi2c3                                    0x200003f4   Data          84  i2c.o(.bss)
    hspi1                                    0x20000448   Data          88  spi.o(.bss)
    hdma_spi1_rx                             0x200004a0   Data          96  spi.o(.bss)
    hdma_spi1_tx                             0x20000500   Data          96  spi.o(.bss)
    htim10                                   0x20000560   Data          72  tim.o(.bss)
    huart1                                   0x200005a8   Data          72  usart.o(.bss)
    huart3                                   0x200005f0   Data          72  usart.o(.bss)
    huart6                                   0x20000638   Data          72  usart.o(.bss)
    hdma_usart1_tx                           0x20000680   Data          96  usart.o(.bss)
    hdma_usart3_rx                           0x200006e0   Data          96  usart.o(.bss)
    hdma_usart6_rx                           0x20000740   Data          96  usart.o(.bss)
    hdma_usart6_tx                           0x200007a0   Data          96  usart.o(.bss)
    htim2                                    0x200008c8   Data          72  stm32f4xx_hal_timebase_tim.o(.bss)
    accel_dma_rx_buf                         0x20004600   Data           9  ins_task.o(.bss)
    bmi088_real_data                         0x2000460c   Data          36  ins_task.o(.bss)
    ist8310_real_data                        0x20004630   Data          16  ins_task.o(.bss)
    INS_quat                                 0x20004688   Data          16  ins_task.o(.bss)
    INS_angle                                0x20004698   Data          12  ins_task.o(.bss)
    __libspace_start                         0x200046a4   Data          96  libspace.o(.bss)
    __temporary_stack_top$libspace           0x20004704   Data           0  libspace.o(.bss)



==============================================================================

Memory Map of the image

  Image Entry point : 0x08000189

  Load Region LR_IROM1 (Base: 0x08000000, Size: 0x0000d494, Max: 0x00100000, ABSOLUTE, COMPRESSED[0x0000d398])

    Execution Region ER_IROM1 (Exec base: 0x08000000, Load base: 0x08000000, Size: 0x0000d344, Max: 0x00100000, ABSOLUTE)

    Exec Addr    Load Addr    Size         Type   Attr      Idx    E Section Name        Object

    0x08000000   0x08000000   0x00000188   Data   RO            3    RESET               startup_stm32f407xx.o
    0x08000188   0x08000188   0x00000008   Code   RO        12841  * !!!main             c_w.l(__main.o)
    0x08000190   0x08000190   0x00000034   Code   RO        13408    !!!scatter          c_w.l(__scatter.o)
    0x080001c4   0x080001c4   0x0000005a   Code   RO        13406    !!dczerorl2         c_w.l(__dczerorl2.o)
    0x0800021e   0x0800021e   0x00000002   PAD
    0x08000220   0x08000220   0x0000001c   Code   RO        13410    !!handler_zi        c_w.l(__scatter_zi.o)
    0x0800023c   0x0800023c   0x00000000   Code   RO        13111    .ARM.Collect$$_printf_percent$$00000000  c_w.l(_printf_percent.o)
    0x0800023c   0x0800023c   0x00000006   Code   RO        13100    .ARM.Collect$$_printf_percent$$00000001  c_w.l(_printf_n.o)
    0x08000242   0x08000242   0x00000006   Code   RO        13102    .ARM.Collect$$_printf_percent$$00000002  c_w.l(_printf_p.o)
    0x08000248   0x08000248   0x00000006   Code   RO        13107    .ARM.Collect$$_printf_percent$$00000003  c_w.l(_printf_f.o)
    0x0800024e   0x0800024e   0x00000006   Code   RO        13108    .ARM.Collect$$_printf_percent$$00000004  c_w.l(_printf_e.o)
    0x08000254   0x08000254   0x00000006   Code   RO        13109    .ARM.Collect$$_printf_percent$$00000005  c_w.l(_printf_g.o)
    0x0800025a   0x0800025a   0x00000006   Code   RO        13110    .ARM.Collect$$_printf_percent$$00000006  c_w.l(_printf_a.o)
    0x08000260   0x08000260   0x0000000a   Code   RO        13115    .ARM.Collect$$_printf_percent$$00000007  c_w.l(_printf_ll.o)
    0x0800026a   0x0800026a   0x00000006   Code   RO        13104    .ARM.Collect$$_printf_percent$$00000008  c_w.l(_printf_i.o)
    0x08000270   0x08000270   0x00000006   Code   RO        13105    .ARM.Collect$$_printf_percent$$00000009  c_w.l(_printf_d.o)
    0x08000276   0x08000276   0x00000006   Code   RO        13106    .ARM.Collect$$_printf_percent$$0000000A  c_w.l(_printf_u.o)
    0x0800027c   0x0800027c   0x00000006   Code   RO        13103    .ARM.Collect$$_printf_percent$$0000000B  c_w.l(_printf_o.o)
    0x08000282   0x08000282   0x00000006   Code   RO        13101    .ARM.Collect$$_printf_percent$$0000000C  c_w.l(_printf_x.o)
    0x08000288   0x08000288   0x00000006   Code   RO        13112    .ARM.Collect$$_printf_percent$$0000000D  c_w.l(_printf_lli.o)
    0x0800028e   0x0800028e   0x00000006   Code   RO        13113    .ARM.Collect$$_printf_percent$$0000000E  c_w.l(_printf_lld.o)
    0x08000294   0x08000294   0x00000006   Code   RO        13114    .ARM.Collect$$_printf_percent$$0000000F  c_w.l(_printf_llu.o)
    0x0800029a   0x0800029a   0x00000006   Code   RO        13119    .ARM.Collect$$_printf_percent$$00000010  c_w.l(_printf_llo.o)
    0x080002a0   0x080002a0   0x00000006   Code   RO        13120    .ARM.Collect$$_printf_percent$$00000011  c_w.l(_printf_llx.o)
    0x080002a6   0x080002a6   0x0000000a   Code   RO        13116    .ARM.Collect$$_printf_percent$$00000012  c_w.l(_printf_l.o)
    0x080002b0   0x080002b0   0x00000006   Code   RO        13098    .ARM.Collect$$_printf_percent$$00000013  c_w.l(_printf_c.o)
    0x080002b6   0x080002b6   0x00000006   Code   RO        13099    .ARM.Collect$$_printf_percent$$00000014  c_w.l(_printf_s.o)
    0x080002bc   0x080002bc   0x00000006   Code   RO        13117    .ARM.Collect$$_printf_percent$$00000015  c_w.l(_printf_lc.o)
    0x080002c2   0x080002c2   0x00000006   Code   RO        13118    .ARM.Collect$$_printf_percent$$00000016  c_w.l(_printf_ls.o)
    0x080002c8   0x080002c8   0x00000004   Code   RO        13216    .ARM.Collect$$_printf_percent$$00000017  c_w.l(_printf_percent_end.o)
    0x080002cc   0x080002cc   0x00000002   Code   RO        13272    .ARM.Collect$$libinit$$00000000  c_w.l(libinit.o)
    0x080002ce   0x080002ce   0x00000004   Code   RO        13286    .ARM.Collect$$libinit$$00000001  c_w.l(libinit2.o)
    0x080002d2   0x080002d2   0x00000000   Code   RO        13289    .ARM.Collect$$libinit$$00000004  c_w.l(libinit2.o)
    0x080002d2   0x080002d2   0x00000000   Code   RO        13292    .ARM.Collect$$libinit$$0000000A  c_w.l(libinit2.o)
    0x080002d2   0x080002d2   0x00000000   Code   RO        13294    .ARM.Collect$$libinit$$0000000C  c_w.l(libinit2.o)
    0x080002d2   0x080002d2   0x00000000   Code   RO        13296    .ARM.Collect$$libinit$$0000000E  c_w.l(libinit2.o)
    0x080002d2   0x080002d2   0x00000006   Code   RO        13297    .ARM.Collect$$libinit$$0000000F  c_w.l(libinit2.o)
    0x080002d8   0x080002d8   0x00000000   Code   RO        13299    .ARM.Collect$$libinit$$00000011  c_w.l(libinit2.o)
    0x080002d8   0x080002d8   0x0000000c   Code   RO        13300    .ARM.Collect$$libinit$$00000012  c_w.l(libinit2.o)
    0x080002e4   0x080002e4   0x00000000   Code   RO        13301    .ARM.Collect$$libinit$$00000013  c_w.l(libinit2.o)
    0x080002e4   0x080002e4   0x00000000   Code   RO        13303    .ARM.Collect$$libinit$$00000015  c_w.l(libinit2.o)
    0x080002e4   0x080002e4   0x0000000a   Code   RO        13304    .ARM.Collect$$libinit$$00000016  c_w.l(libinit2.o)
    0x080002ee   0x080002ee   0x00000000   Code   RO        13305    .ARM.Collect$$libinit$$00000017  c_w.l(libinit2.o)
    0x080002ee   0x080002ee   0x00000000   Code   RO        13307    .ARM.Collect$$libinit$$00000019  c_w.l(libinit2.o)
    0x080002ee   0x080002ee   0x00000000   Code   RO        13309    .ARM.Collect$$libinit$$0000001B  c_w.l(libinit2.o)
    0x080002ee   0x080002ee   0x00000000   Code   RO        13311    .ARM.Collect$$libinit$$0000001D  c_w.l(libinit2.o)
    0x080002ee   0x080002ee   0x00000000   Code   RO        13313    .ARM.Collect$$libinit$$0000001F  c_w.l(libinit2.o)
    0x080002ee   0x080002ee   0x00000000   Code   RO        13315    .ARM.Collect$$libinit$$00000021  c_w.l(libinit2.o)
    0x080002ee   0x080002ee   0x00000000   Code   RO        13317    .ARM.Collect$$libinit$$00000023  c_w.l(libinit2.o)
    0x080002ee   0x080002ee   0x00000000   Code   RO        13319    .ARM.Collect$$libinit$$00000025  c_w.l(libinit2.o)
    0x080002ee   0x080002ee   0x00000000   Code   RO        13323    .ARM.Collect$$libinit$$0000002C  c_w.l(libinit2.o)
    0x080002ee   0x080002ee   0x00000000   Code   RO        13325    .ARM.Collect$$libinit$$0000002E  c_w.l(libinit2.o)
    0x080002ee   0x080002ee   0x00000000   Code   RO        13327    .ARM.Collect$$libinit$$00000030  c_w.l(libinit2.o)
    0x080002ee   0x080002ee   0x00000000   Code   RO        13329    .ARM.Collect$$libinit$$00000032  c_w.l(libinit2.o)
    0x080002ee   0x080002ee   0x00000002   Code   RO        13330    .ARM.Collect$$libinit$$00000033  c_w.l(libinit2.o)
    0x080002f0   0x080002f0   0x00000002   Code   RO        13361    .ARM.Collect$$libshutdown$$00000000  c_w.l(libshutdown.o)
    0x080002f2   0x080002f2   0x00000000   Code   RO        13387    .ARM.Collect$$libshutdown$$00000002  c_w.l(libshutdown2.o)
    0x080002f2   0x080002f2   0x00000000   Code   RO        13389    .ARM.Collect$$libshutdown$$00000004  c_w.l(libshutdown2.o)
    0x080002f2   0x080002f2   0x00000000   Code   RO        13391    .ARM.Collect$$libshutdown$$00000006  c_w.l(libshutdown2.o)
    0x080002f2   0x080002f2   0x00000000   Code   RO        13394    .ARM.Collect$$libshutdown$$00000009  c_w.l(libshutdown2.o)
    0x080002f2   0x080002f2   0x00000000   Code   RO        13397    .ARM.Collect$$libshutdown$$0000000C  c_w.l(libshutdown2.o)
    0x080002f2   0x080002f2   0x00000000   Code   RO        13399    .ARM.Collect$$libshutdown$$0000000E  c_w.l(libshutdown2.o)
    0x080002f2   0x080002f2   0x00000000   Code   RO        13402    .ARM.Collect$$libshutdown$$00000011  c_w.l(libshutdown2.o)
    0x080002f2   0x080002f2   0x00000002   Code   RO        13403    .ARM.Collect$$libshutdown$$00000012  c_w.l(libshutdown2.o)
    0x080002f4   0x080002f4   0x00000000   Code   RO        13021    .ARM.Collect$$rtentry$$00000000  c_w.l(__rtentry.o)
    0x080002f4   0x080002f4   0x00000000   Code   RO        13180    .ARM.Collect$$rtentry$$00000002  c_w.l(__rtentry2.o)
    0x080002f4   0x080002f4   0x00000006   Code   RO        13192    .ARM.Collect$$rtentry$$00000004  c_w.l(__rtentry4.o)
    0x080002fa   0x080002fa   0x00000000   Code   RO        13182    .ARM.Collect$$rtentry$$00000009  c_w.l(__rtentry2.o)
    0x080002fa   0x080002fa   0x00000004   Code   RO        13183    .ARM.Collect$$rtentry$$0000000A  c_w.l(__rtentry2.o)
    0x080002fe   0x080002fe   0x00000000   Code   RO        13185    .ARM.Collect$$rtentry$$0000000C  c_w.l(__rtentry2.o)
    0x080002fe   0x080002fe   0x00000008   Code   RO        13186    .ARM.Collect$$rtentry$$0000000D  c_w.l(__rtentry2.o)
    0x08000306   0x08000306   0x00000002   Code   RO        13273    .ARM.Collect$$rtexit$$00000000  c_w.l(rtexit.o)
    0x08000308   0x08000308   0x00000000   Code   RO        13334    .ARM.Collect$$rtexit$$00000002  c_w.l(rtexit2.o)
    0x08000308   0x08000308   0x00000004   Code   RO        13335    .ARM.Collect$$rtexit$$00000003  c_w.l(rtexit2.o)
    0x0800030c   0x0800030c   0x00000006   Code   RO        13336    .ARM.Collect$$rtexit$$00000004  c_w.l(rtexit2.o)
    0x08000312   0x08000312   0x00000002   PAD
    0x08000314   0x08000314   0x000000be   Code   RO         5792    .emb_text           port.o
    0x080003d2   0x080003d2   0x00000002   PAD
    0x080003d4   0x080003d4   0x00000040   Code   RO            4    .text               startup_stm32f407xx.o
    0x08000414   0x08000414   0x000000ee   Code   RO        12815    .text               c_w.l(lludivv7m.o)
    0x08000502   0x08000502   0x00000002   PAD
    0x08000504   0x08000504   0x00000034   Code   RO        12823    .text               c_w.l(vsnprintf.o)
    0x08000538   0x08000538   0x0000003e   Code   RO        12825    .text               c_w.l(strlen.o)
    0x08000576   0x08000576   0x00000064   Code   RO        12829    .text               c_w.l(rt_memcpy_w.o)
    0x080005da   0x080005da   0x00000010   Code   RO        12833    .text               c_w.l(aeabi_memset.o)
    0x080005ea   0x080005ea   0x00000044   Code   RO        12835    .text               c_w.l(rt_memclr.o)
    0x0800062e   0x0800062e   0x0000004e   Code   RO        12837    .text               c_w.l(rt_memclr_w.o)
    0x0800067c   0x0800067c   0x00000006   Code   RO        12839    .text               c_w.l(heapauxi.o)
    0x08000682   0x08000682   0x00000016   Code   RO        13026    .text               c_w.l(_rserrno.o)
    0x08000698   0x08000698   0x0000004e   Code   RO        13030    .text               c_w.l(_printf_pad.o)
    0x080006e6   0x080006e6   0x00000024   Code   RO        13032    .text               c_w.l(_printf_truncate.o)
    0x0800070a   0x0800070a   0x00000052   Code   RO        13034    .text               c_w.l(_printf_str.o)
    0x0800075c   0x0800075c   0x00000078   Code   RO        13036    .text               c_w.l(_printf_dec.o)
    0x080007d4   0x080007d4   0x00000028   Code   RO        13038    .text               c_w.l(_printf_charcount.o)
    0x080007fc   0x080007fc   0x00000030   Code   RO        13040    .text               c_w.l(_printf_char_common.o)
    0x0800082c   0x0800082c   0x0000000a   Code   RO        13042    .text               c_w.l(_sputc.o)
    0x08000836   0x08000836   0x00000010   Code   RO        13044    .text               c_w.l(_snputc.o)
    0x08000846   0x08000846   0x00000002   PAD
    0x08000848   0x08000848   0x000000bc   Code   RO        13046    .text               c_w.l(_printf_wctomb.o)
    0x08000904   0x08000904   0x0000007c   Code   RO        13049    .text               c_w.l(_printf_longlong_dec.o)
    0x08000980   0x08000980   0x00000070   Code   RO        13055    .text               c_w.l(_printf_oct_int_ll.o)
    0x080009f0   0x080009f0   0x00000094   Code   RO        13075    .text               c_w.l(_printf_hex_int_ll_ptr.o)
    0x08000a84   0x08000a84   0x00000188   Code   RO        13095    .text               c_w.l(__printf_flags_ss_wp.o)
    0x08000c0c   0x08000c0c   0x00000008   Code   RO        13199    .text               c_w.l(rt_errno_addr_intlibspace.o)
    0x08000c14   0x08000c14   0x0000008a   Code   RO        13201    .text               c_w.l(lludiv10.o)
    0x08000c9e   0x08000c9e   0x000000b2   Code   RO        13203    .text               c_w.l(_printf_intcommon.o)
    0x08000d50   0x08000d50   0x0000041e   Code   RO        13205    .text               c_w.l(_printf_fp_dec.o)
    0x0800116e   0x0800116e   0x00000002   PAD
    0x08001170   0x08001170   0x000002fc   Code   RO        13207    .text               c_w.l(_printf_fp_hex.o)
    0x0800146c   0x0800146c   0x0000002c   Code   RO        13212    .text               c_w.l(_printf_char.o)
    0x08001498   0x08001498   0x0000002c   Code   RO        13214    .text               c_w.l(_printf_wchar.o)
    0x080014c4   0x080014c4   0x00000040   Code   RO        13217    .text               c_w.l(_wcrtomb.o)
    0x08001504   0x08001504   0x00000008   Code   RO        13219    .text               c_w.l(libspace.o)
    0x0800150c   0x0800150c   0x0000004a   Code   RO        13222    .text               c_w.l(sys_stackheap_outer.o)
    0x08001556   0x08001556   0x00000002   PAD
    0x08001558   0x08001558   0x00000010   Code   RO        13224    .text               c_w.l(rt_ctype_table.o)
    0x08001568   0x08001568   0x00000008   Code   RO        13229    .text               c_w.l(rt_locale_intlibspace.o)
    0x08001570   0x08001570   0x00000080   Code   RO        13231    .text               c_w.l(_printf_fp_infnan.o)
    0x080015f0   0x080015f0   0x000000e4   Code   RO        13233    .text               c_w.l(bigflt0.o)
    0x080016d4   0x080016d4   0x00000012   Code   RO        13261    .text               c_w.l(exit.o)
    0x080016e6   0x080016e6   0x00000002   PAD
    0x080016e8   0x080016e8   0x00000080   Code   RO        13284    .text               c_w.l(strcmpv7m.o)
    0x08001768   0x08001768   0x0000000c   Code   RO        13331    .text               c_w.l(sys_exit.o)
    0x08001774   0x08001774   0x00000002   Code   RO        13350    .text               c_w.l(use_no_semi.o)
    0x08001776   0x08001776   0x00000000   Code   RO        13352    .text               c_w.l(indicate_semi.o)
    0x08001776   0x08001776   0x0000003e   Code   RO        13236    CL$$btod_d2e        c_w.l(btod.o)
    0x080017b4   0x080017b4   0x00000046   Code   RO        13238    CL$$btod_d2e_denorm_low  c_w.l(btod.o)
    0x080017fa   0x080017fa   0x00000060   Code   RO        13237    CL$$btod_d2e_norm_op1  c_w.l(btod.o)
    0x0800185a   0x0800185a   0x00000338   Code   RO        13246    CL$$btod_div_common  c_w.l(btod.o)
    0x08001b92   0x08001b92   0x000000dc   Code   RO        13243    CL$$btod_e2e        c_w.l(btod.o)
    0x08001c6e   0x08001c6e   0x0000002a   Code   RO        13240    CL$$btod_ediv       c_w.l(btod.o)
    0x08001c98   0x08001c98   0x0000002a   Code   RO        13239    CL$$btod_emul       c_w.l(btod.o)
    0x08001cc2   0x08001cc2   0x00000244   Code   RO        13245    CL$$btod_mult_common  c_w.l(btod.o)
    0x08001f06   0x08001f06   0x00000002   PAD
    0x08001f08   0x08001f08   0x00000028   Code   RO         6320    i.AHRS_init         mahonyahrs.o
    0x08001f30   0x08001f30   0x0000006a   Code   RO         6321    i.AHRS_update       mahonyahrs.o
    0x08001f9a   0x08001f9a   0x00000002   PAD
    0x08001f9c   0x08001f9c   0x00000014   Code   RO         6542    i.BMI088_ACCEL_NS_H  bmi088middleware.o
    0x08001fb0   0x08001fb0   0x00000014   Code   RO         6543    i.BMI088_ACCEL_NS_L  bmi088middleware.o
    0x08001fc4   0x08001fc4   0x00000002   Code   RO         6544    i.BMI088_GPIO_init  bmi088middleware.o
    0x08001fc6   0x08001fc6   0x00000002   PAD
    0x08001fc8   0x08001fc8   0x00000014   Code   RO         6545    i.BMI088_GYRO_NS_H  bmi088middleware.o
    0x08001fdc   0x08001fdc   0x00000014   Code   RO         6546    i.BMI088_GYRO_NS_L  bmi088middleware.o
    0x08001ff0   0x08001ff0   0x00000090   Code   RO         6406    i.BMI088_accel_read_over  bmi088driver.o
    0x08002080   0x08002080   0x00000002   Code   RO         6547    i.BMI088_com_init   bmi088middleware.o
    0x08002082   0x08002082   0x0000000c   Code   RO         6548    i.BMI088_delay_ms   bmi088middleware.o
    0x0800208e   0x0800208e   0x0000000c   Code   RO         6549    i.BMI088_delay_us   bmi088middleware.o
    0x0800209a   0x0800209a   0x00000002   PAD
    0x0800209c   0x0800209c   0x00000068   Code   RO         6407    i.BMI088_gyro_read_over  bmi088driver.o
    0x08002104   0x08002104   0x00000034   Code   RO         6408    i.BMI088_init       bmi088driver.o
    0x08002138   0x08002138   0x0000017c   Code   RO         6409    i.BMI088_read       bmi088driver.o
    0x080022b4   0x080022b4   0x00000026   Code   RO         6412    i.BMI088_read_muli_reg  bmi088driver.o
    0x080022da   0x080022da   0x00000018   Code   RO         6413    i.BMI088_read_single_reg  bmi088driver.o
    0x080022f2   0x080022f2   0x00000002   PAD
    0x080022f4   0x080022f4   0x00000020   Code   RO         6550    i.BMI088_read_write_byte  bmi088middleware.o
    0x08002314   0x08002314   0x00000034   Code   RO         6414    i.BMI088_temperature_read_over  bmi088driver.o
    0x08002348   0x08002348   0x00000014   Code   RO         6415    i.BMI088_write_single_reg  bmi088driver.o
    0x0800235c   0x0800235c   0x00000004   Code   RO          634    i.BusFault_Handler  stm32f4xx_it.o
    0x08002360   0x08002360   0x00000010   Code   RO          635    i.CAN1_RX0_IRQHandler  stm32f4xx_it.o
    0x08002370   0x08002370   0x00000010   Code   RO          636    i.CAN2_RX0_IRQHandler  stm32f4xx_it.o
    0x08002380   0x08002380   0x0000000e   Code   RO          272    i.ChassiR_Task      freertos.o
    0x0800238e   0x0800238e   0x0000000e   Code   RO          273    i.ChassisrL_Task    freertos.o
    0x0800239c   0x0800239c   0x00000010   Code   RO          637    i.DMA1_Stream1_IRQHandler  stm32f4xx_it.o
    0x080023ac   0x080023ac   0x00000010   Code   RO          638    i.DMA2_Stream1_IRQHandler  stm32f4xx_it.o
    0x080023bc   0x080023bc   0x00000898   Code   RO         5872    i.DMA2_Stream2_IRQHandler  ins_task.o
    0x08002c54   0x08002c54   0x00000010   Code   RO          639    i.DMA2_Stream6_IRQHandler  stm32f4xx_it.o
    0x08002c64   0x08002c64   0x00000010   Code   RO          640    i.DMA2_Stream7_IRQHandler  stm32f4xx_it.o
    0x08002c74   0x08002c74   0x00000034   Code   RO         1577    i.DMA_CalcBaseAndBitshift  stm32f4xx_hal_dma.o
    0x08002ca8   0x08002ca8   0x000000aa   Code   RO         1578    i.DMA_CheckFifoParam  stm32f4xx_hal_dma.o
    0x08002d52   0x08002d52   0x0000002c   Code   RO         1579    i.DMA_SetConfig     stm32f4xx_hal_dma.o
    0x08002d7e   0x08002d7e   0x0000000e   Code   RO          274    i.DT7_Task          freertos.o
    0x08002d8c   0x08002d8c   0x0000000a   Code   RO         6098    i.DT7_task          dt7_task.o
    0x08002d96   0x08002d96   0x00000002   PAD
    0x08002d98   0x08002d98   0x00000068   Code   RO         6132    i.DWT_Init          bsp_dwt.o
    0x08002e00   0x08002e00   0x00000002   Code   RO          641    i.DebugMon_Handler  stm32f4xx_it.o
    0x08002e02   0x08002e02   0x0000000a   Code   RO          642    i.EXTI0_IRQHandler  stm32f4xx_it.o
    0x08002e0c   0x08002e0c   0x0000000a   Code   RO          643    i.EXTI3_IRQHandler  stm32f4xx_it.o
    0x08002e16   0x08002e16   0x0000000a   Code   RO          644    i.EXTI4_IRQHandler  stm32f4xx_it.o
    0x08002e20   0x08002e20   0x0000000a   Code   RO          645    i.EXTI9_5_IRQHandler  stm32f4xx_it.o
    0x08002e2a   0x08002e2a   0x00000006   Code   RO           13    i.Error_Handler     main.o
    0x08002e30   0x08002e30   0x00000002   Code   RO          845    i.HAL_CAN_ErrorCallback  stm32f4xx_hal_can.o
    0x08002e32   0x08002e32   0x0000024e   Code   RO          852    i.HAL_CAN_IRQHandler  stm32f4xx_hal_can.o
    0x08003080   0x08003080   0x00000174   Code   RO          853    i.HAL_CAN_Init      stm32f4xx_hal_can.o
    0x080031f4   0x080031f4   0x00000160   Code   RO          353    i.HAL_CAN_MspInit   can.o
    0x08003354   0x08003354   0x00000002   Code   RO          860    i.HAL_CAN_RxFifo0FullCallback  stm32f4xx_hal_can.o
    0x08003356   0x08003356   0x00000002   Code   RO          861    i.HAL_CAN_RxFifo0MsgPendingCallback  stm32f4xx_hal_can.o
    0x08003358   0x08003358   0x00000002   Code   RO          862    i.HAL_CAN_RxFifo1FullCallback  stm32f4xx_hal_can.o
    0x0800335a   0x0800335a   0x00000002   Code   RO          863    i.HAL_CAN_RxFifo1MsgPendingCallback  stm32f4xx_hal_can.o
    0x0800335c   0x0800335c   0x00000002   Code   RO          864    i.HAL_CAN_SleepCallback  stm32f4xx_hal_can.o
    0x0800335e   0x0800335e   0x00000002   Code   RO          867    i.HAL_CAN_TxMailbox0AbortCallback  stm32f4xx_hal_can.o
    0x08003360   0x08003360   0x00000002   Code   RO          868    i.HAL_CAN_TxMailbox0CompleteCallback  stm32f4xx_hal_can.o
    0x08003362   0x08003362   0x00000002   Code   RO          869    i.HAL_CAN_TxMailbox1AbortCallback  stm32f4xx_hal_can.o
    0x08003364   0x08003364   0x00000002   Code   RO          870    i.HAL_CAN_TxMailbox1CompleteCallback  stm32f4xx_hal_can.o
    0x08003366   0x08003366   0x00000002   Code   RO          871    i.HAL_CAN_TxMailbox2AbortCallback  stm32f4xx_hal_can.o
    0x08003368   0x08003368   0x00000002   Code   RO          872    i.HAL_CAN_TxMailbox2CompleteCallback  stm32f4xx_hal_can.o
    0x0800336a   0x0800336a   0x00000002   Code   RO          874    i.HAL_CAN_WakeUpFromRxMsgCallback  stm32f4xx_hal_can.o
    0x0800336c   0x0800336c   0x000000ac   Code   RO         1580    i.HAL_DMA_Abort     stm32f4xx_hal_dma.o
    0x08003418   0x08003418   0x00000028   Code   RO         1581    i.HAL_DMA_Abort_IT  stm32f4xx_hal_dma.o
    0x08003440   0x08003440   0x00000240   Code   RO         1585    i.HAL_DMA_IRQHandler  stm32f4xx_hal_dma.o
    0x08003680   0x08003680   0x000000ec   Code   RO         1586    i.HAL_DMA_Init      stm32f4xx_hal_dma.o
    0x0800376c   0x0800376c   0x00000092   Code   RO         1590    i.HAL_DMA_Start_IT  stm32f4xx_hal_dma.o
    0x080037fe   0x080037fe   0x00000002   PAD
    0x08003800   0x08003800   0x000000d4   Code   RO         5873    i.HAL_GPIO_EXTI_Callback  ins_task.o
    0x080038d4   0x080038d4   0x0000001c   Code   RO         1472    i.HAL_GPIO_EXTI_IRQHandler  stm32f4xx_hal_gpio.o
    0x080038f0   0x080038f0   0x000001f4   Code   RO         1473    i.HAL_GPIO_Init     stm32f4xx_hal_gpio.o
    0x08003ae4   0x08003ae4   0x0000000c   Code   RO         1477    i.HAL_GPIO_WritePin  stm32f4xx_hal_gpio.o
    0x08003af0   0x08003af0   0x0000000c   Code   RO         2028    i.HAL_GetTick       stm32f4xx_hal.o
    0x08003afc   0x08003afc   0x000001d0   Code   RO         2284    i.HAL_I2C_Init      stm32f4xx_hal_i2c.o
    0x08003ccc   0x08003ccc   0x00000308   Code   RO         2302    i.HAL_I2C_Mem_Read  stm32f4xx_hal_i2c.o
    0x08003fd4   0x08003fd4   0x00000164   Code   RO         2305    i.HAL_I2C_Mem_Write  stm32f4xx_hal_i2c.o
    0x08004138   0x08004138   0x000000c8   Code   RO          426    i.HAL_I2C_MspInit   i2c.o
    0x08004200   0x08004200   0x00000018   Code   RO         2034    i.HAL_IncTick       stm32f4xx_hal.o
    0x08004218   0x08004218   0x0000003c   Code   RO         2035    i.HAL_Init          stm32f4xx_hal.o
    0x08004254   0x08004254   0x000000b4   Code   RO          800    i.HAL_InitTick      stm32f4xx_hal_timebase_tim.o
    0x08004308   0x08004308   0x00000054   Code   RO          776    i.HAL_MspInit       stm32f4xx_hal_msp.o
    0x0800435c   0x0800435c   0x00000028   Code   RO         1865    i.HAL_NVIC_EnableIRQ  stm32f4xx_hal_cortex.o
    0x08004384   0x08004384   0x0000007c   Code   RO         1871    i.HAL_NVIC_SetPriority  stm32f4xx_hal_cortex.o
    0x08004400   0x08004400   0x00000028   Code   RO         1872    i.HAL_NVIC_SetPriorityGrouping  stm32f4xx_hal_cortex.o
    0x08004428   0x08004428   0x00000184   Code   RO         1074    i.HAL_RCC_ClockConfig  stm32f4xx_hal_rcc.o
    0x080045ac   0x080045ac   0x00000044   Code   RO         1078    i.HAL_RCC_GetClockConfig  stm32f4xx_hal_rcc.o
    0x080045f0   0x080045f0   0x0000000c   Code   RO         1079    i.HAL_RCC_GetHCLKFreq  stm32f4xx_hal_rcc.o
    0x080045fc   0x080045fc   0x00000020   Code   RO         1081    i.HAL_RCC_GetPCLK1Freq  stm32f4xx_hal_rcc.o
    0x0800461c   0x0800461c   0x00000020   Code   RO         1082    i.HAL_RCC_GetPCLK2Freq  stm32f4xx_hal_rcc.o
    0x0800463c   0x0800463c   0x000000b0   Code   RO         1083    i.HAL_RCC_GetSysClockFreq  stm32f4xx_hal_rcc.o
    0x080046ec   0x080046ec   0x0000049c   Code   RO         1086    i.HAL_RCC_OscConfig  stm32f4xx_hal_rcc.o
    0x08004b88   0x08004b88   0x000000c8   Code   RO         2779    i.HAL_SPI_Init      stm32f4xx_hal_spi.o
    0x08004c50   0x08004c50   0x00000158   Code   RO          468    i.HAL_SPI_MspInit   spi.o
    0x08004da8   0x08004da8   0x00000248   Code   RO         2788    i.HAL_SPI_TransmitReceive  stm32f4xx_hal_spi.o
    0x08004ff0   0x08004ff0   0x00000002   Code   RO         3807    i.HAL_TIMEx_BreakCallback  stm32f4xx_hal_tim_ex.o
    0x08004ff2   0x08004ff2   0x00000002   Code   RO         3808    i.HAL_TIMEx_CommutCallback  stm32f4xx_hal_tim_ex.o
    0x08004ff4   0x08004ff4   0x00000066   Code   RO         3092    i.HAL_TIM_Base_Init  stm32f4xx_hal_tim.o
    0x0800505a   0x0800505a   0x00000002   PAD
    0x0800505c   0x0800505c   0x00000034   Code   RO          510    i.HAL_TIM_Base_MspInit  tim.o
    0x08005090   0x08005090   0x000000a8   Code   RO         3097    i.HAL_TIM_Base_Start_IT  stm32f4xx_hal_tim.o
    0x08005138   0x08005138   0x00000002   Code   RO         3126    i.HAL_TIM_IC_CaptureCallback  stm32f4xx_hal_tim.o
    0x0800513a   0x0800513a   0x0000016c   Code   RO         3140    i.HAL_TIM_IRQHandler  stm32f4xx_hal_tim.o
    0x080052a6   0x080052a6   0x00000002   PAD
    0x080052a8   0x080052a8   0x00000064   Code   RO          511    i.HAL_TIM_MspPostInit  tim.o
    0x0800530c   0x0800530c   0x00000002   Code   RO         3143    i.HAL_TIM_OC_DelayElapsedCallback  stm32f4xx_hal_tim.o
    0x0800530e   0x0800530e   0x00000104   Code   RO         3164    i.HAL_TIM_PWM_ConfigChannel  stm32f4xx_hal_tim.o
    0x08005412   0x08005412   0x00000066   Code   RO         3167    i.HAL_TIM_PWM_Init  stm32f4xx_hal_tim.o
    0x08005478   0x08005478   0x00000002   Code   RO         3169    i.HAL_TIM_PWM_MspInit  stm32f4xx_hal_tim.o
    0x0800547a   0x0800547a   0x00000002   Code   RO         3170    i.HAL_TIM_PWM_PulseFinishedCallback  stm32f4xx_hal_tim.o
    0x0800547c   0x0800547c   0x00000012   Code   RO           14    i.HAL_TIM_PeriodElapsedCallback  main.o
    0x0800548e   0x0800548e   0x00000002   Code   RO         3183    i.HAL_TIM_TriggerCallback  stm32f4xx_hal_tim.o
    0x08005490   0x08005490   0x00000002   Code   RO         4086    i.HAL_UARTEx_RxEventCallback  stm32f4xx_hal_uart.o
    0x08005492   0x08005492   0x00000002   Code   RO         4100    i.HAL_UART_ErrorCallback  stm32f4xx_hal_uart.o
    0x08005494   0x08005494   0x000002e8   Code   RO         4103    i.HAL_UART_IRQHandler  stm32f4xx_hal_uart.o
    0x0800577c   0x0800577c   0x00000076   Code   RO         4104    i.HAL_UART_Init     stm32f4xx_hal_uart.o
    0x080057f2   0x080057f2   0x00000002   PAD
    0x080057f4   0x080057f4   0x00000304   Code   RO          558    i.HAL_UART_MspInit  usart.o
    0x08005af8   0x08005af8   0x00000002   Code   RO         4110    i.HAL_UART_RxCpltCallback  stm32f4xx_hal_uart.o
    0x08005afa   0x08005afa   0x00000002   PAD
    0x08005afc   0x08005afc   0x0000008c   Code   RO         4113    i.HAL_UART_Transmit_DMA  stm32f4xx_hal_uart.o
    0x08005b88   0x08005b88   0x00000018   Code   RO          559    i.HAL_UART_TxCpltCallback  usart.o
    0x08005ba0   0x08005ba0   0x00000002   Code   RO         4116    i.HAL_UART_TxHalfCpltCallback  stm32f4xx_hal_uart.o
    0x08005ba2   0x08005ba2   0x00000002   PAD
    0x08005ba4   0x08005ba4   0x0000002c   Code   RO          646    i.HardFault_Handler  stm32f4xx_it.o
    0x08005bd0   0x08005bd0   0x0000003e   Code   RO         2328    i.I2C_IsAcknowledgeFailed  stm32f4xx_hal_i2c.o
    0x08005c0e   0x08005c0e   0x00000002   PAD
    0x08005c10   0x08005c10   0x00000160   Code   RO         2339    i.I2C_RequestMemoryRead  stm32f4xx_hal_i2c.o
    0x08005d70   0x08005d70   0x000000e0   Code   RO         2340    i.I2C_RequestMemoryWrite  stm32f4xx_hal_i2c.o
    0x08005e50   0x08005e50   0x00000066   Code   RO         2348    i.I2C_WaitOnBTFFlagUntilTimeout  stm32f4xx_hal_i2c.o
    0x08005eb6   0x08005eb6   0x000000be   Code   RO         2349    i.I2C_WaitOnFlagUntilTimeout  stm32f4xx_hal_i2c.o
    0x08005f74   0x08005f74   0x000000fa   Code   RO         2350    i.I2C_WaitOnMasterAddressFlagUntilTimeout  stm32f4xx_hal_i2c.o
    0x0800606e   0x0800606e   0x0000008a   Code   RO         2351    i.I2C_WaitOnRXNEFlagUntilTimeout  stm32f4xx_hal_i2c.o
    0x080060f8   0x080060f8   0x00000066   Code   RO         2354    i.I2C_WaitOnTXEFlagUntilTimeout  stm32f4xx_hal_i2c.o
    0x0800615e   0x0800615e   0x00000002   PAD
    0x08006160   0x08006160   0x0000016c   Code   RO         5874    i.IMU_Data_Process  ins_task.o
    0x080062cc   0x080062cc   0x00000100   Code   RO         5875    i.IMU_Init_Self_inspection  ins_task.o
    0x080063cc   0x080063cc   0x0000000e   Code   RO          275    i.INS_Task          freertos.o
    0x080063da   0x080063da   0x0000000c   Code   RO         5876    i.INS_task          ins_task.o
    0x080063e6   0x080063e6   0x00000002   PAD
    0x080063e8   0x080063e8   0x00000044   Code   RO          354    i.MX_CAN1_Init      can.o
    0x0800642c   0x0800642c   0x00000044   Code   RO          355    i.MX_CAN2_Init      can.o
    0x08006470   0x08006470   0x000000a8   Code   RO          401    i.MX_DMA_Init       dma.o
    0x08006518   0x08006518   0x000000b4   Code   RO          276    i.MX_FREERTOS_Init  freertos.o
    0x080065cc   0x080065cc   0x000001e0   Code   RO          248    i.MX_GPIO_Init      gpio.o
    0x080067ac   0x080067ac   0x0000003c   Code   RO          427    i.MX_I2C3_Init      i2c.o
    0x080067e8   0x080067e8   0x00000048   Code   RO          469    i.MX_SPI1_Init      spi.o
    0x08006830   0x08006830   0x0000006c   Code   RO          512    i.MX_TIM10_Init     tim.o
    0x0800689c   0x0800689c   0x00000038   Code   RO          560    i.MX_USART1_UART_Init  usart.o
    0x080068d4   0x080068d4   0x00000038   Code   RO          561    i.MX_USART3_UART_Init  usart.o
    0x0800690c   0x0800690c   0x00000038   Code   RO          562    i.MX_USART6_UART_Init  usart.o
    0x08006944   0x08006944   0x000005ac   Code   RO         6322    i.MahonyAHRSupdate  mahonyahrs.o
    0x08006ef0   0x08006ef0   0x000002fc   Code   RO         6323    i.MahonyAHRSupdateIMU  mahonyahrs.o
    0x080071ec   0x080071ec   0x00000004   Code   RO          647    i.MemManage_Handler  stm32f4xx_it.o
    0x080071f0   0x080071f0   0x00000004   Code   RO          648    i.NMI_Handler       stm32f4xx_it.o
    0x080071f4   0x080071f4   0x0000000a   Code   RO          277    i.OBSERVE_Task      freertos.o
    0x080071fe   0x080071fe   0x00000002   PAD
    0x08007200   0x08007200   0x000001f0   Code   RO         6281    i.PID_calc          pid_1.o
    0x080073f0   0x080073f0   0x00000060   Code   RO         6283    i.PID_init          pid_1.o
    0x08007450   0x08007450   0x0000273c   Code   RO         6247    i.SPI1_DMA_enable   bsp_spi.o
    0x08009b8c   0x08009b8c   0x00000180   Code   RO         6248    i.SPI1_DMA_init     bsp_spi.o
    0x08009d0c   0x08009d0c   0x00000088   Code   RO         2817    i.SPI_EndRxTxTransaction  stm32f4xx_hal_spi.o
    0x08009d94   0x08009d94   0x000000d8   Code   RO         2822    i.SPI_WaitFlagStateUntilTimeout  stm32f4xx_hal_spi.o
    0x08009e6c   0x08009e6c   0x0000000a   Code   RO          278    i.StartDefaultTask  freertos.o
    0x08009e76   0x08009e76   0x00000002   PAD
    0x08009e78   0x08009e78   0x00000034   Code   RO         5793    i.SysTick_Handler   port.o
    0x08009eac   0x08009eac   0x000000b4   Code   RO           15    i.SystemClock_Config  main.o
    0x08009f60   0x08009f60   0x00000014   Code   RO         4448    i.SystemInit        system_stm32f4xx.o
    0x08009f74   0x08009f74   0x00000010   Code   RO          649    i.TIM2_IRQHandler   stm32f4xx_it.o
    0x08009f84   0x08009f84   0x000000e8   Code   RO         3185    i.TIM_Base_SetConfig  stm32f4xx_hal_tim.o
    0x0800a06c   0x0800a06c   0x00000070   Code   RO         3198    i.TIM_OC1_SetConfig  stm32f4xx_hal_tim.o
    0x0800a0dc   0x0800a0dc   0x0000007c   Code   RO         3199    i.TIM_OC2_SetConfig  stm32f4xx_hal_tim.o
    0x0800a158   0x0800a158   0x00000078   Code   RO         3200    i.TIM_OC3_SetConfig  stm32f4xx_hal_tim.o
    0x0800a1d0   0x0800a1d0   0x00000054   Code   RO         3201    i.TIM_OC4_SetConfig  stm32f4xx_hal_tim.o
    0x0800a224   0x0800a224   0x00000014   Code   RO         4117    i.UART_DMAAbortOnError  stm32f4xx_hal_uart.o
    0x0800a238   0x0800a238   0x00000050   Code   RO         4118    i.UART_DMAError     stm32f4xx_hal_uart.o
    0x0800a288   0x0800a288   0x00000058   Code   RO         4123    i.UART_DMATransmitCplt  stm32f4xx_hal_uart.o
    0x0800a2e0   0x0800a2e0   0x0000000e   Code   RO         4125    i.UART_DMATxHalfCplt  stm32f4xx_hal_uart.o
    0x0800a2ee   0x0800a2ee   0x0000006c   Code   RO         4127    i.UART_EndRxTransfer  stm32f4xx_hal_uart.o
    0x0800a35a   0x0800a35a   0x00000020   Code   RO         4128    i.UART_EndTransmit_IT  stm32f4xx_hal_uart.o
    0x0800a37a   0x0800a37a   0x00000026   Code   RO         4129    i.UART_EndTxTransfer  stm32f4xx_hal_uart.o
    0x0800a3a0   0x0800a3a0   0x000000fc   Code   RO         4130    i.UART_Receive_IT   stm32f4xx_hal_uart.o
    0x0800a49c   0x0800a49c   0x0000022c   Code   RO         4131    i.UART_SetConfig    stm32f4xx_hal_uart.o
    0x0800a6c8   0x0800a6c8   0x00000060   Code   RO         4134    i.UART_Transmit_IT  stm32f4xx_hal_uart.o
    0x0800a728   0x0800a728   0x00000010   Code   RO          650    i.USART1_IRQHandler  stm32f4xx_it.o
    0x0800a738   0x0800a738   0x00000010   Code   RO          651    i.USART3_IRQHandler  stm32f4xx_it.o
    0x0800a748   0x0800a748   0x00000010   Code   RO          652    i.USART6_IRQHandler  stm32f4xx_it.o
    0x0800a758   0x0800a758   0x00000004   Code   RO          653    i.UsageFault_Handler  stm32f4xx_it.o
    0x0800a75c   0x0800a75c   0x00000030   Code   RO        13158    i.__ARM_fpclassify  m_wm.l(fpclassify.o)
    0x0800a78c   0x0800a78c   0x00000026   Code   RO        13160    i.__ARM_fpclassifyf  m_wm.l(fpclassifyf.o)
    0x0800a7b2   0x0800a7b2   0x00000002   PAD
    0x0800a7b4   0x0800a7b4   0x00000010   Code   RO         1878    i.__NVIC_GetPriorityGrouping  stm32f4xx_hal_cortex.o
    0x0800a7c4   0x0800a7c4   0x00000028   Code   RO         1879    i.__NVIC_SetPriority  stm32f4xx_hal_cortex.o
    0x0800a7ec   0x0800a7ec   0x0000012c   Code   RO        12885    i.__hardfp_asinf    m_wm.l(asinf.o)
    0x0800a918   0x0800a918   0x000002ac   Code   RO        12897    i.__hardfp_atan2f   m_wm.l(atan2f.o)
    0x0800abc4   0x0800abc4   0x0000007a   Code   RO        12985    i.__hardfp_sqrt     m_wm.l(sqrt.o)
    0x0800ac3e   0x0800ac3e   0x00000006   Code   RO        13163    i.__mathlib_flt_infnan  m_wm.l(funder.o)
    0x0800ac44   0x0800ac44   0x00000006   Code   RO        13164    i.__mathlib_flt_infnan2  m_wm.l(funder.o)
    0x0800ac4a   0x0800ac4a   0x00000002   PAD
    0x0800ac4c   0x0800ac4c   0x00000010   Code   RO        13165    i.__mathlib_flt_invalid  m_wm.l(funder.o)
    0x0800ac5c   0x0800ac5c   0x00000010   Code   RO        13168    i.__mathlib_flt_underflow  m_wm.l(funder.o)
    0x0800ac6c   0x0800ac6c   0x0000000e   Code   RO        13088    i._is_digit         c_w.l(__printf_wp.o)
    0x0800ac7a   0x0800ac7a   0x00000002   PAD
    0x0800ac7c   0x0800ac7c   0x00000134   Code   RO         6416    i.bmi088_accel_init  bmi088driver.o
    0x0800adb0   0x0800adb0   0x000002fc   Code   RO         6417    i.bmi088_accel_self_test  bmi088driver.o
    0x0800b0ac   0x0800b0ac   0x000000f4   Code   RO         6418    i.bmi088_gyro_init  bmi088driver.o
    0x0800b1a0   0x0800b1a0   0x000000d0   Code   RO         6419    i.bmi088_gyro_self_test  bmi088driver.o
    0x0800b270   0x0800b270   0x0000000a   Code   RO         6056    i.chassisL_task     chassisl_task.o
    0x0800b27a   0x0800b27a   0x0000000a   Code   RO         6080    i.chassisR_task     chassisr_task.o
    0x0800b284   0x0800b284   0x00000030   Code   RO         6134    i.delay_init        bsp_dwt.o
    0x0800b2b4   0x0800b2b4   0x00000050   Code   RO         6136    i.delay_us          bsp_dwt.o
    0x0800b304   0x0800b304   0x000000dc   Code   RO         5877    i.get_angle         ins_task.o
    0x0800b3e0   0x0800b3e0   0x000001a8   Code   RO         5878    i.imu_cmd_spi_dma   ins_task.o
    0x0800b588   0x0800b588   0x0000000c   Code   RO         5879    i.imu_pwm_set       ins_task.o
    0x0800b594   0x0800b594   0x000000a4   Code   RO         5880    i.imu_temp_control  ins_task.o
    0x0800b638   0x0800b638   0x0000003c   Code   RO         6325    i.invSqrt           mahonyahrs.o
    0x0800b674   0x0800b674   0x00000002   Code   RO         6659    i.ist8310_GPIO_init  ist8310driver_middleware.o
    0x0800b676   0x0800b676   0x00000002   PAD
    0x0800b678   0x0800b678   0x00000024   Code   RO         6660    i.ist8310_IIC_read_muli_reg  ist8310driver_middleware.o
    0x0800b69c   0x0800b69c   0x00000028   Code   RO         6661    i.ist8310_IIC_read_single_reg  ist8310driver_middleware.o
    0x0800b6c4   0x0800b6c4   0x00000028   Code   RO         6663    i.ist8310_IIC_write_single_reg  ist8310driver_middleware.o
    0x0800b6ec   0x0800b6ec   0x00000014   Code   RO         6664    i.ist8310_RST_H     ist8310driver_middleware.o
    0x0800b700   0x0800b700   0x00000014   Code   RO         6665    i.ist8310_RST_L     ist8310driver_middleware.o
    0x0800b714   0x0800b714   0x00000002   Code   RO         6666    i.ist8310_com_init  ist8310driver_middleware.o
    0x0800b716   0x0800b716   0x0000000c   Code   RO         6667    i.ist8310_delay_ms  ist8310driver_middleware.o
    0x0800b722   0x0800b722   0x00000002   PAD
    0x0800b724   0x0800b724   0x00000094   Code   RO         6615    i.ist8310_init      ist8310driver.o
    0x0800b7b8   0x0800b7b8   0x0000008c   Code   RO         6616    i.ist8310_read_mag  ist8310driver.o
    0x0800b844   0x0800b844   0x00000046   Code   RO           16    i.main              main.o
    0x0800b88a   0x0800b88a   0x0000000e   Code   RO         5346    i.makeFreeRtosPriority  cmsis_os.o
    0x0800b898   0x0800b898   0x00000048   Code   RO          563    i.myprintf          usart.o
    0x0800b8e0   0x0800b8e0   0x00000018   Code   RO         5348    i.osDelay           cmsis_os.o
    0x0800b8f8   0x0800b8f8   0x0000000a   Code   RO         5351    i.osKernelStart     cmsis_os.o
    0x0800b902   0x0800b902   0x0000005e   Code   RO         5385    i.osThreadCreate    cmsis_os.o
    0x0800b960   0x0800b960   0x00000030   Code   RO         4971    i.pcTaskGetName     tasks.o
    0x0800b990   0x0800b990   0x000000a4   Code   RO         4972    i.prvAddCurrentTaskToDelayedList  tasks.o
    0x0800ba34   0x0800ba34   0x000000b4   Code   RO         4973    i.prvAddNewTaskToReadyList  tasks.o
    0x0800bae8   0x0800bae8   0x00000048   Code   RO         4974    i.prvCheckTasksWaitingTermination  tasks.o
    0x0800bb30   0x0800bb30   0x00000050   Code   RO         4975    i.prvDeleteTCB      tasks.o
    0x0800bb80   0x0800bb80   0x0000007c   Code   RO         5725    i.prvHeapInit       heap_4.o
    0x0800bbfc   0x0800bbfc   0x00000028   Code   RO         4976    i.prvIdleTask       tasks.o
    0x0800bc24   0x0800bc24   0x000000c2   Code   RO         4977    i.prvInitialiseNewTask  tasks.o
    0x0800bce6   0x0800bce6   0x00000002   PAD
    0x0800bce8   0x0800bce8   0x00000068   Code   RO         4978    i.prvInitialiseTaskLists  tasks.o
    0x0800bd50   0x0800bd50   0x00000068   Code   RO         5726    i.prvInsertBlockIntoFreeList  heap_4.o
    0x0800bdb8   0x0800bdb8   0x00000034   Code   RO         4979    i.prvResetNextTaskUnblockTime  tasks.o
    0x0800bdec   0x0800bdec   0x000000b0   Code   RO         4980    i.prvSearchForNameWithinSingleList  tasks.o
    0x0800be9c   0x0800be9c   0x00000040   Code   RO         5794    i.prvTaskExitError  port.o
    0x0800bedc   0x0800bedc   0x0000014c   Code   RO         5727    i.pvPortMalloc      heap_4.o
    0x0800c028   0x0800c028   0x0000002c   Code   RO         5795    i.pxPortInitialiseStack  port.o
    0x0800c054   0x0800c054   0x0000003e   Code   RO        12999    i.sqrtf             m_wm.l(sqrtf.o)
    0x0800c092   0x0800c092   0x00000002   PAD
    0x0800c094   0x0800c094   0x00000074   Code   RO         4984    i.ulTaskNotifyTake  tasks.o
    0x0800c108   0x0800c108   0x00000028   Code   RO         4585    i.uxListRemove      list.o
    0x0800c130   0x0800c130   0x00000018   Code   RO          279    i.vApplicationGetIdleTaskMemory  freertos.o
    0x0800c148   0x0800c148   0x0000001a   Code   RO         4586    i.vListInitialise   list.o
    0x0800c162   0x0800c162   0x00000006   Code   RO         4587    i.vListInitialiseItem  list.o
    0x0800c168   0x0800c168   0x00000034   Code   RO         4588    i.vListInsert       list.o
    0x0800c19c   0x0800c19c   0x00000018   Code   RO         4589    i.vListInsertEnd    list.o
    0x0800c1b4   0x0800c1b4   0x00000054   Code   RO         5797    i.vPortEnterCritical  port.o
    0x0800c208   0x0800c208   0x0000003c   Code   RO         5798    i.vPortExitCritical  port.o
    0x0800c244   0x0800c244   0x000000a4   Code   RO         5728    i.vPortFree         heap_4.o
    0x0800c2e8   0x0800c2e8   0x00000028   Code   RO         5799    i.vPortSetupTimerInterrupt  port.o
    0x0800c310   0x0800c310   0x00000078   Code   RO         5800    i.vPortValidateInterruptPriority  port.o
    0x0800c388   0x0800c388   0x0000005c   Code   RO         4992    i.vTaskDelay        tasks.o
    0x0800c3e4   0x0800c3e4   0x000000f0   Code   RO         4998    i.vTaskNotifyGiveFromISR  tasks.o
    0x0800c4d4   0x0800c4d4   0x000000b0   Code   RO         5006    i.vTaskStartScheduler  tasks.o
    0x0800c584   0x0800c584   0x00000010   Code   RO         5008    i.vTaskSuspendAll   tasks.o
    0x0800c594   0x0800c594   0x0000008c   Code   RO         5009    i.vTaskSwitchContext  tasks.o
    0x0800c620   0x0800c620   0x00000168   Code   RO         5801    i.xPortStartScheduler  port.o
    0x0800c788   0x0800c788   0x00000064   Code   RO         5013    i.xTaskCreate       tasks.o
    0x0800c7ec   0x0800c7ec   0x000000ba   Code   RO         5014    i.xTaskCreateStatic  tasks.o
    0x0800c8a6   0x0800c8a6   0x00000002   PAD
    0x0800c8a8   0x0800c8a8   0x000000a4   Code   RO         5018    i.xTaskGetHandle    tasks.o
    0x0800c94c   0x0800c94c   0x00000020   Code   RO         5019    i.xTaskGetSchedulerState  tasks.o
    0x0800c96c   0x0800c96c   0x00000148   Code   RO         5022    i.xTaskIncrementTick  tasks.o
    0x0800cab4   0x0800cab4   0x00000104   Code   RO         5028    i.xTaskResumeAll    tasks.o
    0x0800cbb8   0x0800cbb8   0x0000002c   Code   RO        13259    locale$$code        c_w.l(lc_numeric_c.o)
    0x0800cbe4   0x0800cbe4   0x0000002c   Code   RO        13278    locale$$code        c_w.l(lc_ctype_c.o)
    0x0800cc10   0x0800cc10   0x00000062   Code   RO        12845    x$fpl$d2f           fz_wm.l(d2f.o)
    0x0800cc72   0x0800cc72   0x0000009c   Code   RO        13123    x$fpl$dnaninf       fz_wm.l(dnaninf.o)
    0x0800cd0e   0x0800cd0e   0x0000000c   Code   RO        13125    x$fpl$dretinf       fz_wm.l(dretinf.o)
    0x0800cd1a   0x0800cd1a   0x00000002   PAD
    0x0800cd1c   0x0800cd1c   0x00000198   Code   RO        13127    x$fpl$dsqrt         fz_wm.l(dsqrt_umaal.o)
    0x0800ceb4   0x0800ceb4   0x00000056   Code   RO        12879    x$fpl$f2d           fz_wm.l(f2d.o)
    0x0800cf0a   0x0800cf0a   0x0000008c   Code   RO        13129    x$fpl$fnaninf       fz_wm.l(fnaninf.o)
    0x0800cf96   0x0800cf96   0x0000000a   Code   RO        13346    x$fpl$fpinit        fz_wm.l(fpinit.o)
    0x0800cfa0   0x0800cfa0   0x0000000a   Code   RO        13131    x$fpl$fretinf       fz_wm.l(fretinf.o)
    0x0800cfaa   0x0800cfaa   0x00000004   Code   RO        13135    x$fpl$printf1       fz_wm.l(printf1.o)
    0x0800cfae   0x0800cfae   0x00000004   Code   RO        13137    x$fpl$printf2       fz_wm.l(printf2.o)
    0x0800cfb2   0x0800cfb2   0x00000000   Code   RO        13143    x$fpl$usenofp       fz_wm.l(usenofp.o)
    0x0800cfb2   0x0800cfb2   0x00000002   PAD
    0x0800cfb4   0x0800cfb4   0x000000a8   Data   RO          281    .constdata          freertos.o
    0x0800d05c   0x0800d05c   0x00000008   Data   RO         1592    .constdata          stm32f4xx_hal_dma.o
    0x0800d064   0x0800d064   0x00000018   Data   RO         4449    .constdata          system_stm32f4xx.o
    0x0800d07c   0x0800d07c   0x0000000c   Data   RO         5882    .constdata          ins_task.o
    0x0800d088   0x0800d088   0x00000012   Data   RO         6424    .constdata          bmi088driver.o
    0x0800d09a   0x0800d09a   0x0000000c   Data   RO         6618    .constdata          ist8310driver.o
    0x0800d0a6   0x0800d0a6   0x00000002   PAD
    0x0800d0a8   0x0800d0a8   0x00000008   Data   RO        13047    .constdata          c_w.l(_printf_wctomb.o)
    0x0800d0b0   0x0800d0b0   0x00000028   Data   RO        13076    .constdata          c_w.l(_printf_hex_int_ll_ptr.o)
    0x0800d0d8   0x0800d0d8   0x00000011   Data   RO        13096    .constdata          c_w.l(__printf_flags_ss_wp.o)
    0x0800d0e9   0x0800d0e9   0x00000026   Data   RO        13208    .constdata          c_w.l(_printf_fp_hex.o)
    0x0800d10f   0x0800d10f   0x00000001   PAD
    0x0800d110   0x0800d110   0x00000094   Data   RO        13234    .constdata          c_w.l(bigflt0.o)
    0x0800d1a4   0x0800d1a4   0x00000054   Data   RO          282    .conststring        freertos.o
    0x0800d1f8   0x0800d1f8   0x00000020   Data   RO        13404    Region$$Table       anon$$obj.o
    0x0800d218   0x0800d218   0x0000001c   Data   RO        13258    locale$$data        c_w.l(lc_numeric_c.o)
    0x0800d234   0x0800d234   0x00000110   Data   RO        13277    locale$$data        c_w.l(lc_ctype_c.o)


    Execution Region RW_IRAM1 (Exec base: 0x20000000, Load base: 0x0800d344, Size: 0x00004d08, Max: 0x0001c000, ABSOLUTE, COMPRESSED[0x00000054])

    Exec Addr    Load Addr    Size         Type   Attr      Idx    E Section Name        Object

    0x20000000   COMPRESSED   0x00000018   Data   RW          283    .data               freertos.o
    0x20000018   COMPRESSED   0x00000004   Data   RW          357    .data               can.o
    0x2000001c   COMPRESSED   0x00000001   Data   RW          565    .data               usart.o
    0x2000001d   COMPRESSED   0x00000003   PAD
    0x20000020   COMPRESSED   0x00000009   Data   RW         2042    .data               stm32f4xx_hal.o
    0x20000029   COMPRESSED   0x00000003   PAD
    0x2000002c   COMPRESSED   0x00000004   Data   RW         4450    .data               system_stm32f4xx.o
    0x20000030   COMPRESSED   0x0000003c   Data   RW         5031    .data               tasks.o
    0x2000006c   COMPRESSED   0x00000020   Data   RW         5734    .data               heap_4.o
    0x2000008c   COMPRESSED   0x0000000c   Data   RW         5802    .data               port.o
    0x20000098   COMPRESSED   0x00000030   Data   RW         5883    .data               ins_task.o
    0x200000c8   COMPRESSED   0x00000048   Data   RW         6137    .data               bsp_dwt.o
    0x20000110   COMPRESSED   0x00000014   Data   RW         6331    .data               mahonyahrs.o
    0x20000124   COMPRESSED   0x0000002c   Data   RW         6425    .data               bmi088driver.o
    0x20000150        -       0x00000254   Zero   RW          280    .bss                freertos.o
    0x200003a4        -       0x00000050   Zero   RW          356    .bss                can.o
    0x200003f4        -       0x00000054   Zero   RW          428    .bss                i2c.o
    0x20000448        -       0x00000118   Zero   RW          470    .bss                spi.o
    0x20000560        -       0x00000048   Zero   RW          513    .bss                tim.o
    0x200005a8        -       0x00000320   Zero   RW          564    .bss                usart.o
    0x200008c8        -       0x00000048   Zero   RW          803    .bss                stm32f4xx_hal_timebase_tim.o
    0x20000910        -       0x000000f0   Zero   RW         5030    .bss                tasks.o
    0x20000a00        -       0x00003c00   Zero   RW         5733    .bss                heap_4.o
    0x20004600        -       0x000000a4   Zero   RW         5881    .bss                ins_task.o
    0x200046a4        -       0x00000060   Zero   RW        13220    .bss                c_w.l(libspace.o)
    0x20004704   COMPRESSED   0x00000004   PAD
    0x20004708        -       0x00000200   Zero   RW            2    HEAP                startup_stm32f407xx.o
    0x20004908        -       0x00000400   Zero   RW            1    STACK               startup_stm32f407xx.o


    Execution Region RW_IRAM2 (Exec base: 0x2001c000, Load base: 0x0800d398, Size: 0x00000000, Max: 0x00004000, ABSOLUTE)

    **** No section assigned to this execution region ****


==============================================================================

Image component sizes


      Code (inc. data)   RO Data    RW Data    ZI Data      Debug   Object Name

      2338         40         18         44          0      10615   bmi088driver.o
       140         28          0          0          0       4864   bmi088middleware.o
       232         50          0         72          0       3282   bsp_dwt.o
     10428        170          0          0          0       5670   bsp_spi.o
       488         44          0          4         80       2450   can.o
        10          0          0          0          0        476   chassisl_task.o
        10          0          0          0          0        476   chassisr_task.o
       142          0          0          0          0      22911   cmsis_os.o
       168          6          0          0          0        846   dma.o
        10          0          0          0          0        459   dt7_task.o
         0          0          0          0          0      16652   event_groups.o
       280         40        252         24        596       5504   freertos.o
       480         22          0          0          0       1219   gpio.o
       724         74          0         32      15360       7443   heap_4.o
       260         30          0          0         84       1733   i2c.o
      3864        362         12         48        164      11826   ins_task.o
       288         10         12          0          0       2674   ist8310driver.o
       172         28          0          0          0       5263   ist8310driver_middleware.o
       148          0          0          0          0       3590   list.o
      2422         78          0         20          0       7527   mahonyahrs.o
       274         10          0          0          0     752992   main.o
       592          8          0          0          0       2458   pid_1.o
      1014         92          0         12          0      12053   port.o
       416         38          0          0        280       1939   spi.o
        64         26        392          0       1536        844   startup_stm32f407xx.o
        96         20          0          9          0       8086   stm32f4xx_hal.o
       988          0          0          0          0      10467   stm32f4xx_hal_can.o
       260         22          0          0          0      33578   stm32f4xx_hal_cortex.o
      1436         16          8          0          0       7038   stm32f4xx_hal_dma.o
       540         50          0          0          0       2751   stm32f4xx_hal_gpio.o
      3016         48          0          0          0      11882   stm32f4xx_hal_i2c.o
        84          6          0          0          0        862   stm32f4xx_hal_msp.o
      1888         94          0          0          0       6273   stm32f4xx_hal_rcc.o
      1136         14          0          0          0       4657   stm32f4xx_hal_spi.o
      1678        112          0          0          0      11240   stm32f4xx_hal_tim.o
         4          0          0          0          0       1605   stm32f4xx_hal_tim_ex.o
       180         18          0          0         72       1475   stm32f4xx_hal_timebase_tim.o
      2294         26          0          0          0      13052   stm32f4xx_hal_uart.o
       262         94          0          0          0       9841   stm32f4xx_it.o
         0          0          0          0          0        416   stream_buffer.o
        20          6         24          4          0       1135   system_stm32f4xx.o
      2960        340          0         60        240      25943   tasks.o
       260         30          0          0         72       2306   tim.o
      1036        108          0          1        800       5427   usart.o

    ----------------------------------------------------------------------
     43144       2160        752        336      19284    1043800   Object Totals
         0          0         32          0          0          0   (incl. Generated)
        42          0          2          6          0          0   (incl. Padding)

    ----------------------------------------------------------------------

      Code (inc. data)   RO Data    RW Data    ZI Data      Debug   Library Member Name

        90          0          0          0          0          0   __dczerorl2.o
         8          0          0          0          0         68   __main.o
       392          4         17          0          0         92   __printf_flags_ss_wp.o
        14          0          0          0          0         68   __printf_wp.o
         0          0          0          0          0          0   __rtentry.o
        12          0          0          0          0          0   __rtentry2.o
         6          0          0          0          0          0   __rtentry4.o
        52          8          0          0          0          0   __scatter.o
        28          0          0          0          0          0   __scatter_zi.o
         6          0          0          0          0          0   _printf_a.o
         6          0          0          0          0          0   _printf_c.o
        44          0          0          0          0        108   _printf_char.o
        48          6          0          0          0         96   _printf_char_common.o
        40          0          0          0          0         68   _printf_charcount.o
         6          0          0          0          0          0   _printf_d.o
       120         16          0          0          0         92   _printf_dec.o
         6          0          0          0          0          0   _printf_e.o
         6          0          0          0          0          0   _printf_f.o
      1054          0          0          0          0        216   _printf_fp_dec.o
       764          8         38          0          0        100   _printf_fp_hex.o
       128         16          0          0          0         84   _printf_fp_infnan.o
         6          0          0          0          0          0   _printf_g.o
       148          4         40          0          0        160   _printf_hex_int_ll_ptr.o
         6          0          0          0          0          0   _printf_i.o
       178          0          0          0          0         88   _printf_intcommon.o
        10          0          0          0          0          0   _printf_l.o
         6          0          0          0          0          0   _printf_lc.o
        10          0          0          0          0          0   _printf_ll.o
         6          0          0          0          0          0   _printf_lld.o
         6          0          0          0          0          0   _printf_lli.o
         6          0          0          0          0          0   _printf_llo.o
         6          0          0          0          0          0   _printf_llu.o
         6          0          0          0          0          0   _printf_llx.o
       124         16          0          0          0         92   _printf_longlong_dec.o
         6          0          0          0          0          0   _printf_ls.o
         6          0          0          0          0          0   _printf_n.o
         6          0          0          0          0          0   _printf_o.o
       112         10          0          0          0        124   _printf_oct_int_ll.o
         6          0          0          0          0          0   _printf_p.o
        78          0          0          0          0        108   _printf_pad.o
         0          0          0          0          0          0   _printf_percent.o
         4          0          0          0          0          0   _printf_percent_end.o
         6          0          0          0          0          0   _printf_s.o
        82          0          0          0          0         80   _printf_str.o
        36          0          0          0          0         84   _printf_truncate.o
         6          0          0          0          0          0   _printf_u.o
        44          0          0          0          0        108   _printf_wchar.o
       188          6          8          0          0         92   _printf_wctomb.o
         6          0          0          0          0          0   _printf_x.o
        22          0          0          0          0        100   _rserrno.o
        16          0          0          0          0         68   _snputc.o
        10          0          0          0          0         68   _sputc.o
        64          0          0          0          0         92   _wcrtomb.o
        16          0          0          0          0         68   aeabi_memset.o
       228          4        148          0          0         96   bigflt0.o
      1936        128          0          0          0        672   btod.o
        18          0          0          0          0         80   exit.o
         6          0          0          0          0        152   heapauxi.o
         0          0          0          0          0          0   indicate_semi.o
        44         10        272          0          0         76   lc_ctype_c.o
        44         10         28          0          0         76   lc_numeric_c.o
         2          0          0          0          0          0   libinit.o
        34          0          0          0          0          0   libinit2.o
         2          0          0          0          0          0   libshutdown.o
         2          0          0          0          0          0   libshutdown2.o
         8          4          0          0         96         68   libspace.o
       138          0          0          0          0         80   lludiv10.o
       238          0          0          0          0        100   lludivv7m.o
        16          4          0          0          0         76   rt_ctype_table.o
         8          4          0          0          0         68   rt_errno_addr_intlibspace.o
         8          4          0          0          0         68   rt_locale_intlibspace.o
        68          0          0          0          0         68   rt_memclr.o
        78          0          0          0          0         80   rt_memclr_w.o
       100          0          0          0          0         80   rt_memcpy_w.o
         2          0          0          0          0          0   rtexit.o
        10          0          0          0          0          0   rtexit2.o
       128          0          0          0          0         68   strcmpv7m.o
        62          0          0          0          0         76   strlen.o
        12          4          0          0          0         68   sys_exit.o
        74          0          0          0          0         80   sys_stackheap_outer.o
         2          0          0          0          0         68   use_no_semi.o
        52          4          0          0          0         80   vsnprintf.o
        98          4          0          0          0        140   d2f.o
       156          4          0          0          0        140   dnaninf.o
        12          0          0          0          0        116   dretinf.o
       408         56          0          0          0        168   dsqrt_umaal.o
        86          4          0          0          0        132   f2d.o
       140          4          0          0          0        132   fnaninf.o
        10          0          0          0          0        116   fpinit.o
        10          0          0          0          0        116   fretinf.o
         4          0          0          0          0        116   printf1.o
         4          0          0          0          0        116   printf2.o
         0          0          0          0          0          0   usenofp.o
       300         42          0          0          0        176   asinf.o
       684         90          0          0          0        208   atan2f.o
        48          0          0          0          0        124   fpclassify.o
        38          0          0          0          0        116   fpclassifyf.o
        44         12          0          0          0        464   funder.o
       122          0          0          0          0        148   sqrt.o
        62          0          0          0          0        136   sqrtf.o

    ----------------------------------------------------------------------
      9636        486        552          0        100       7268   Library Totals
        28          0          1          0          4          0   (incl. Padding)

    ----------------------------------------------------------------------

      Code (inc. data)   RO Data    RW Data    ZI Data      Debug   Library Name

      7382        270        551          0         96       4604   c_w.l
       928         72          0          0          0       1292   fz_wm.l
      1298        144          0          0          0       1372   m_wm.l

    ----------------------------------------------------------------------
      9636        486        552          0        100       7268   Library Totals

    ----------------------------------------------------------------------

==============================================================================


      Code (inc. data)   RO Data    RW Data    ZI Data      Debug   

     52780       2646       1304        336      19384    1023420   Grand Totals
     52780       2646       1304         84      19384    1023420   ELF Image Totals (compressed)
     52780       2646       1304         84          0          0   ROM Totals

==============================================================================

    Total RO  Size (Code + RO Data)                54084 (  52.82kB)
    Total RW  Size (RW Data + ZI Data)             19720 (  19.26kB)
    Total ROM Size (Code + RO Data + RW Data)      54168 (  52.90kB)

==============================================================================

