Component: ARM Compiler 5.06 update 7 (build 960) Tool: armlink [4d3601]

==============================================================================

Section Cross References

    startup_stm32f407xx.o(STACK) refers (Special) to heapauxi.o(.text) for __use_two_region_memory
    startup_stm32f407xx.o(HEAP) refers (Special) to heapauxi.o(.text) for __use_two_region_memory
    startup_stm32f407xx.o(RESET) refers (Special) to heapauxi.o(.text) for __use_two_region_memory
    startup_stm32f407xx.o(RESET) refers to startup_stm32f407xx.o(STACK) for __initial_sp
    startup_stm32f407xx.o(RESET) refers to startup_stm32f407xx.o(.text) for Reset_Handler
    startup_stm32f407xx.o(RESET) refers to stm32f4xx_it.o(i.NMI_Handler) for NMI_Handler
    startup_stm32f407xx.o(RESET) refers to stm32f4xx_it.o(i.HardFault_Handler) for HardFault_Handler
    startup_stm32f407xx.o(RESET) refers to stm32f4xx_it.o(i.MemManage_Handler) for MemManage_Handler
    startup_stm32f407xx.o(RESET) refers to stm32f4xx_it.o(i.BusFault_Handler) for BusFault_Handler
    startup_stm32f407xx.o(RESET) refers to stm32f4xx_it.o(i.UsageFault_Handler) for UsageFault_Handler
    startup_stm32f407xx.o(RESET) refers to port.o(.emb_text) for SVC_Handler
    startup_stm32f407xx.o(RESET) refers to stm32f4xx_it.o(i.DebugMon_Handler) for DebugMon_Handler
    startup_stm32f407xx.o(RESET) refers to port.o(i.SysTick_Handler) for SysTick_Handler
    startup_stm32f407xx.o(RESET) refers to stm32f4xx_it.o(i.EXTI0_IRQHandler) for EXTI0_IRQHandler
    startup_stm32f407xx.o(RESET) refers to stm32f4xx_it.o(i.EXTI3_IRQHandler) for EXTI3_IRQHandler
    startup_stm32f407xx.o(RESET) refers to stm32f4xx_it.o(i.EXTI4_IRQHandler) for EXTI4_IRQHandler
    startup_stm32f407xx.o(RESET) refers to stm32f4xx_it.o(i.DMA1_Stream1_IRQHandler) for DMA1_Stream1_IRQHandler
    startup_stm32f407xx.o(RESET) refers to stm32f4xx_it.o(i.CAN1_RX0_IRQHandler) for CAN1_RX0_IRQHandler
    startup_stm32f407xx.o(RESET) refers to stm32f4xx_it.o(i.EXTI9_5_IRQHandler) for EXTI9_5_IRQHandler
    startup_stm32f407xx.o(RESET) refers to stm32f4xx_it.o(i.TIM2_IRQHandler) for TIM2_IRQHandler
    startup_stm32f407xx.o(RESET) refers to stm32f4xx_it.o(i.USART1_IRQHandler) for USART1_IRQHandler
    startup_stm32f407xx.o(RESET) refers to stm32f4xx_it.o(i.USART3_IRQHandler) for USART3_IRQHandler
    startup_stm32f407xx.o(RESET) refers to stm32f4xx_it.o(i.DMA2_Stream1_IRQHandler) for DMA2_Stream1_IRQHandler
    startup_stm32f407xx.o(RESET) refers to ins_task.o(i.DMA2_Stream2_IRQHandler) for DMA2_Stream2_IRQHandler
    startup_stm32f407xx.o(RESET) refers to stm32f4xx_it.o(i.CAN2_RX0_IRQHandler) for CAN2_RX0_IRQHandler
    startup_stm32f407xx.o(RESET) refers to stm32f4xx_it.o(i.DMA2_Stream6_IRQHandler) for DMA2_Stream6_IRQHandler
    startup_stm32f407xx.o(RESET) refers to stm32f4xx_it.o(i.DMA2_Stream7_IRQHandler) for DMA2_Stream7_IRQHandler
    startup_stm32f407xx.o(RESET) refers to stm32f4xx_it.o(i.USART6_IRQHandler) for USART6_IRQHandler
    startup_stm32f407xx.o(.text) refers (Special) to heapauxi.o(.text) for __use_two_region_memory
    startup_stm32f407xx.o(.text) refers to system_stm32f4xx.o(i.SystemInit) for SystemInit
    startup_stm32f407xx.o(.text) refers to __main.o(!!!main) for __main
    startup_stm32f407xx.o(.text) refers to startup_stm32f407xx.o(HEAP) for Heap_Mem
    startup_stm32f407xx.o(.text) refers to startup_stm32f407xx.o(STACK) for Stack_Mem
    main.o(i.HAL_TIM_PeriodElapsedCallback) refers to stm32f4xx_hal.o(i.HAL_IncTick) for HAL_IncTick
    main.o(i.SystemClock_Config) refers to rt_memclr_w.o(.text) for __aeabi_memclr4
    main.o(i.SystemClock_Config) refers to stm32f4xx_hal_rcc.o(i.HAL_RCC_OscConfig) for HAL_RCC_OscConfig
    main.o(i.SystemClock_Config) refers to main.o(i.Error_Handler) for Error_Handler
    main.o(i.SystemClock_Config) refers to stm32f4xx_hal_rcc.o(i.HAL_RCC_ClockConfig) for HAL_RCC_ClockConfig
    main.o(i.main) refers to stm32f4xx_hal.o(i.HAL_Init) for HAL_Init
    main.o(i.main) refers to main.o(i.SystemClock_Config) for SystemClock_Config
    main.o(i.main) refers to gpio.o(i.MX_GPIO_Init) for MX_GPIO_Init
    main.o(i.main) refers to dma.o(i.MX_DMA_Init) for MX_DMA_Init
    main.o(i.main) refers to can.o(i.MX_CAN1_Init) for MX_CAN1_Init
    main.o(i.main) refers to can.o(i.MX_CAN2_Init) for MX_CAN2_Init
    main.o(i.main) refers to usart.o(i.MX_USART3_UART_Init) for MX_USART3_UART_Init
    main.o(i.main) refers to usart.o(i.MX_USART6_UART_Init) for MX_USART6_UART_Init
    main.o(i.main) refers to usart.o(i.MX_USART1_UART_Init) for MX_USART1_UART_Init
    main.o(i.main) refers to spi.o(i.MX_SPI1_Init) for MX_SPI1_Init
    main.o(i.main) refers to tim.o(i.MX_TIM10_Init) for MX_TIM10_Init
    main.o(i.main) refers to i2c.o(i.MX_I2C3_Init) for MX_I2C3_Init
    main.o(i.main) refers to bsp_dwt.o(i.DWT_Init) for DWT_Init
    main.o(i.main) refers to bsp_dwt.o(i.delay_init) for delay_init
[...]
    HAL_NVIC_SetPriorityGrouping             0x08004c41   Thumb Code    32  stm32f4xx_hal_cortex.o(i.HAL_NVIC_SetPriorityGrouping)
    HAL_RCC_ClockConfig                      0x08004c69   Thumb Code   368  stm32f4xx_hal_rcc.o(i.HAL_RCC_ClockConfig)
    HAL_RCC_GetClockConfig                   0x08004ded   Thumb Code    58  stm32f4xx_hal_rcc.o(i.HAL_RCC_GetClockConfig)
    HAL_RCC_GetHCLKFreq                      0x08004e31   Thumb Code     6  stm32f4xx_hal_rcc.o(i.HAL_RCC_GetHCLKFreq)
    HAL_RCC_GetPCLK1Freq                     0x08004e3d   Thumb Code    22  stm32f4xx_hal_rcc.o(i.HAL_RCC_GetPCLK1Freq)
    HAL_RCC_GetPCLK2Freq                     0x08004e5d   Thumb Code    22  stm32f4xx_hal_rcc.o(i.HAL_RCC_GetPCLK2Freq)
    HAL_RCC_GetSysClockFreq                  0x08004e7d   Thumb Code   162  stm32f4xx_hal_rcc.o(i.HAL_RCC_GetSysClockFreq)
    HAL_RCC_OscConfig                        0x08004f2d   Thumb Code  1172  stm32f4xx_hal_rcc.o(i.HAL_RCC_OscConfig)
    HAL_SPI_Init                             0x080053c9   Thumb Code   200  stm32f4xx_hal_spi.o(i.HAL_SPI_Init)
    HAL_SPI_MspInit                          0x08005491   Thumb Code   316  spi.o(i.HAL_SPI_MspInit)
    HAL_SPI_TransmitReceive                  0x080055e9   Thumb Code   584  stm32f4xx_hal_spi.o(i.HAL_SPI_TransmitReceive)
    HAL_TIMEx_BreakCallback                  0x08005831   Thumb Code     2  stm32f4xx_hal_tim_ex.o(i.HAL_TIMEx_BreakCallback)
    HAL_TIMEx_CommutCallback                 0x08005833   Thumb Code     2  stm32f4xx_hal_tim_ex.o(i.HAL_TIMEx_CommutCallback)
    HAL_TIM_Base_Init                        0x08005835   Thumb Code   102  stm32f4xx_hal_tim.o(i.HAL_TIM_Base_Init)
    HAL_TIM_Base_MspInit                     0x0800589d   Thumb Code    44  tim.o(i.HAL_TIM_Base_MspInit)
    HAL_TIM_Base_Start_IT                    0x080058d1   Thumb Code   138  stm32f4xx_hal_tim.o(i.HAL_TIM_Base_Start_IT)
    HAL_TIM_IC_CaptureCallback               0x08005979   Thumb Code     2  stm32f4xx_hal_tim.o(i.HAL_TIM_IC_CaptureCallback)
    HAL_TIM_IRQHandler                       0x0800597b   Thumb Code   364  stm32f4xx_hal_tim.o(i.HAL_TIM_IRQHandler)
    HAL_TIM_MspPostInit                      0x08005ae9   Thumb Code    86  tim.o(i.HAL_TIM_MspPostInit)
    HAL_TIM_OC_DelayElapsedCallback          0x08005b4d   Thumb Code     2  stm32f4xx_hal_tim.o(i.HAL_TIM_OC_DelayElapsedCallback)
    HAL_TIM_PWM_ConfigChannel                0x08005b4f   Thumb Code   260  stm32f4xx_hal_tim.o(i.HAL_TIM_PWM_ConfigChannel)
    HAL_TIM_PWM_Init                         0x08005c53   Thumb Code   102  stm32f4xx_hal_tim.o(i.HAL_TIM_PWM_Init)
    HAL_TIM_PWM_MspInit                      0x08005cb9   Thumb Code     2  stm32f4xx_hal_tim.o(i.HAL_TIM_PWM_MspInit)
    HAL_TIM_PWM_PulseFinishedCallback        0x08005cbb   Thumb Code     2  stm32f4xx_hal_tim.o(i.HAL_TIM_PWM_PulseFinishedCallback)
    HAL_TIM_PeriodElapsedCallback            0x08005cbd   Thumb Code    18  main.o(i.HAL_TIM_PeriodElapsedCallback)
    HAL_TIM_TriggerCallback                  0x08005ccf   Thumb Code     2  stm32f4xx_hal_tim.o(i.HAL_TIM_TriggerCallback)
    HAL_UARTEx_RxEventCallback               0x08005cd1   Thumb Code     2  stm32f4xx_hal_uart.o(i.HAL_UARTEx_RxEventCallback)
    HAL_UART_ErrorCallback                   0x08005cd3   Thumb Code     2  stm32f4xx_hal_uart.o(i.HAL_UART_ErrorCallback)
    HAL_UART_IRQHandler                      0x08005cd5   Thumb Code   740  stm32f4xx_hal_uart.o(i.HAL_UART_IRQHandler)
    HAL_UART_Init                            0x08005fbd   Thumb Code   118  stm32f4xx_hal_uart.o(i.HAL_UART_Init)
    HAL_UART_MspInit                         0x08006035   Thumb Code   716  usart.o(i.HAL_UART_MspInit)
    HAL_UART_RxCpltCallback                  0x08006339   Thumb Code     2  stm32f4xx_hal_uart.o(i.HAL_UART_RxCpltCallback)
    HAL_UART_Transmit_DMA                    0x0800633d   Thumb Code   128  stm32f4xx_hal_uart.o(i.HAL_UART_Transmit_DMA)
    HAL_UART_TxCpltCallback                  0x080063c9   Thumb Code    16  usart.o(i.HAL_UART_TxCpltCallback)
    HAL_UART_TxHalfCpltCallback              0x080063e1   Thumb Code     2  stm32f4xx_hal_uart.o(i.HAL_UART_TxHalfCpltCallback)
    HardFault_Handler                        0x080063e5   Thumb Code    10  stm32f4xx_it.o(i.HardFault_Handler)
    IMU_Data_Process                         0x080069a1   Thumb Code   164  ins_task.o(i.IMU_Data_Process)
    IMU_Init_Self_inspection                 0x08006a71   Thumb Code   144  ins_task.o(i.IMU_Init_Self_inspection)
    INS_Task                                 0x08006b71   Thumb Code    14  freertos.o(i.INS_Task)
    INS_task                                 0x08006b7f   Thumb Code    12  ins_task.o(i.INS_task)
    Joint_Motor_pos_control                  0x08006b8d   Thumb Code   226  dm8009_drv.o(i.Joint_Motor_pos_control)
    MI_Motor_mit_ctrl                        0x08006c7d   Thumb Code   302  cybergear_drv.o(i.MI_Motor_mit_ctrl)
    MX_CAN1_Init                             0x08006dbd   Thumb Code    58  can.o(i.MX_CAN1_Init)
    MX_CAN2_Init                             0x08006e01   Thumb Code    58  can.o(i.MX_CAN2_Init)
    MX_DMA_Init                              0x08006e45   Thumb Code   162  dma.o(i.MX_DMA_Init)
    MX_FREERTOS_Init                         0x08006eed   Thumb Code   150  freertos.o(i.MX_FREERTOS_Init)
    MX_GPIO_Init                             0x08006fa1   Thumb Code   458  gpio.o(i.MX_GPIO_Init)
    MX_I2C3_Init                             0x08007181   Thumb Code    48  i2c.o(i.MX_I2C3_Init)
    MX_SPI1_Init                             0x080071bd   Thumb Code    62  spi.o(i.MX_SPI1_Init)
    MX_TIM10_Init                            0x08007205   Thumb Code   100  tim.o(i.MX_TIM10_Init)
    MX_USART1_UART_Init                      0x08007271   Thumb Code    46  usart.o(i.MX_USART1_UART_Init)
    MX_USART3_UART_Init                      0x080072a9   Thumb Code    44  usart.o(i.MX_USART3_UART_Init)
    MX_USART6_UART_Init                      0x080072e1   Thumb Code    46  usart.o(i.MX_USART6_UART_Init)
    MahonyAHRSupdate                         0x08007319   Thumb Code  1418  mahonyahrs.o(i.MahonyAHRSupdate)
    MahonyAHRSupdateIMU                      0x080078c5   Thumb Code   730  mahonyahrs.o(i.MahonyAHRSupdateIMU)
    MemManage_Handler                        0x08007bc1   Thumb Code     4  stm32f4xx_it.o(i.MemManage_Handler)
    NMI_Handler                              0x08007bc5   Thumb Code     4  stm32f4xx_it.o(i.NMI_Handler)
    OBSERVE_Task                             0x08007bc9   Thumb Code    10  freertos.o(i.OBSERVE_Task)
    PID_calc                                 0x08007bd5   Thumb Code   492  pid_1.o(i.PID_calc)
    PID_init                                 0x08007dc5   Thumb Code    92  pid_1.o(i.PID_init)
    SPI1_DMA_enable                          0x08007e25   Thumb Code 10024  bsp_spi.o(i.SPI1_DMA_enable)
    SPI1_DMA_init                            0x0800a561   Thumb Code   360  bsp_spi.o(i.SPI1_DMA_init)
    StartDefaultTask                         0x0800a8fd   Thumb Code    10  freertos.o(i.StartDefaultTask)
    SysTick_Handler                          0x0800a909   Thumb Code    46  port.o(i.SysTick_Handler)
    SystemClock_Config                       0x0800a93d   Thumb Code   170  main.o(i.SystemClock_Config)
    SystemInit                               0x0800a9f1   Thumb Code    14  system_stm32f4xx.o(i.SystemInit)
    TIM2_IRQHandler                          0x0800aa05   Thumb Code    10  stm32f4xx_it.o(i.TIM2_IRQHandler)
    TIM_Base_SetConfig                       0x0800aa15   Thumb Code   186  stm32f4xx_hal_tim.o(i.TIM_Base_SetConfig)
    TIM_OC2_SetConfig                        0x0800ab6d   Thumb Code   114  stm32f4xx_hal_tim.o(i.TIM_OC2_SetConfig)
    USART1_IRQHandler                        0x0800b1b9   Thumb Code    10  stm32f4xx_it.o(i.USART1_IRQHandler)
    USART3_IRQHandler                        0x0800b1c9   Thumb Code    16  stm32f4xx_it.o(i.USART3_IRQHandler)
    USART6_IRQHandler                        0x0800b1dd   Thumb Code    10  stm32f4xx_it.o(i.USART6_IRQHandler)
    UsageFault_Handler                       0x0800b1ed   Thumb Code     4  stm32f4xx_it.o(i.UsageFault_Handler)
    __ARM_fpclassify                         0x0800b1f1   Thumb Code    48  fpclassify.o(i.__ARM_fpclassify)
    __ARM_fpclassifyf                        0x0800b221   Thumb Code    38  fpclassifyf.o(i.__ARM_fpclassifyf)
    __hardfp_asinf                           0x0800b281   Thumb Code   258  asinf.o(i.__hardfp_asinf)
    __hardfp_atan2f                          0x0800b3ad   Thumb Code   594  atan2f.o(i.__hardfp_atan2f)
    __hardfp_sqrt                            0x0800b659   Thumb Code   122  sqrt.o(i.__hardfp_sqrt)
    __mathlib_flt_infnan                     0x0800b6d3   Thumb Code     6  funder.o(i.__mathlib_flt_infnan)
    __mathlib_flt_infnan2                    0x0800b6d9   Thumb Code     6  funder.o(i.__mathlib_flt_infnan2)
    __mathlib_flt_invalid                    0x0800b6e1   Thumb Code    10  funder.o(i.__mathlib_flt_invalid)
    __mathlib_flt_underflow                  0x0800b6f1   Thumb Code    10  funder.o(i.__mathlib_flt_underflow)
    _is_digit                                0x0800b701   Thumb Code    14  __printf_wp.o(i._is_digit)
    bmi088_accel_init                        0x0800b711   Thumb Code   302  bmi088driver.o(i.bmi088_accel_init)
    bmi088_accel_self_test                   0x0800b845   Thumb Code   760  bmi088driver.o(i.bmi088_accel_self_test)
    bmi088_gyro_init                         0x0800bb41   Thumb Code   238  bmi088driver.o(i.bmi088_gyro_init)
    bmi088_gyro_self_test                    0x0800bc35   Thumb Code   208  bmi088driver.o(i.bmi088_gyro_self_test)
    canx_send_data                           0x0800bd05   Thumb Code   108  bsp_can.o(i.canx_send_data)
    chassisL_task                            0x0800bda1   Thumb Code   108  chassisl_task.o(i.chassisL_task)
    chassisR_task                            0x0800be39   Thumb Code   122  chassisr_task.o(i.chassisR_task)
    dbus_uart_init                           0x0800bef5   Thumb Code    56  bsp_sbus.o(i.dbus_uart_init)
    degreesToRadians                         0x0800bf35   Thumb Code    22  dm8009_drv.o(i.degreesToRadians)
    delay_init                               0x0800bf55   Thumb Code    32  bsp_dwt.o(i.delay_init)
    delay_us                                 0x0800bf85   Thumb Code    76  bsp_dwt.o(i.delay_us)
    dm8009_data                              0x0800bfd5   Thumb Code   112  dm8009_drv.o(i.dm8009_data)
    dma_current_data_counter                 0x0800c045   Thumb Code     8  bsp_sbus.o(i.dma_current_data_counter)
    enable_motor_mode                        0x0800c04d   Thumb Code    66  dm8009_drv.o(i.enable_motor_mode)
    float_to_uint                            0x0800c0df   Thumb Code    50  dm8009_drv.o(i.float_to_uint)
    get_angle                                0x0800c111   Thumb Code   220  ins_task.o(i.get_angle)
    imu_pwm_set                              0x0800c395   Thumb Code     8  ins_task.o(i.imu_pwm_set)
    init_cybergear                           0x0800c445   Thumb Code    46  cybergear_drv.o(i.init_cybergear)
    invSqrt                                  0x0800c479   Thumb Code    56  mahonyahrs.o(i.invSqrt)
    ist8310_GPIO_init                        0x0800c4b5   Thumb Code     2  ist8310driver_middleware.o(i.ist8310_GPIO_init)
    ist8310_IIC_read_muli_reg                0x0800c4b9   Thumb Code    30  ist8310driver_middleware.o(i.ist8310_IIC_read_muli_reg)
    ist8310_IIC_read_single_reg              0x0800c4dd   Thumb Code    36  ist8310driver_middleware.o(i.ist8310_IIC_read_single_reg)
    ist8310_IIC_write_single_reg             0x0800c505   Thumb Code    34  ist8310driver_middleware.o(i.ist8310_IIC_write_single_reg)
    ist8310_RST_H                            0x0800c52d   Thumb Code    14  ist8310driver_middleware.o(i.ist8310_RST_H)
    ist8310_RST_L                            0x0800c541   Thumb Code    14  ist8310driver_middleware.o(i.ist8310_RST_L)
    ist8310_com_init                         0x0800c555   Thumb Code     2  ist8310driver_middleware.o(i.ist8310_com_init)
    ist8310_delay_ms                         0x0800c557   Thumb Code    12  ist8310driver_middleware.o(i.ist8310_delay_ms)
    ist8310_init                             0x0800c565   Thumb Code   142  ist8310driver.o(i.ist8310_init)
    ist8310_read_mag                         0x0800c5f9   Thumb Code   136  ist8310driver.o(i.ist8310_read_mag)
    main                                     0x0800c685   Thumb Code    70  main.o(i.main)
    myprintf                                 0x0800c6d9   Thumb Code    60  usart.o(i.myprintf)
    osDelay                                  0x0800c721   Thumb Code    24  cmsis_os.o(i.osDelay)
    osKernelStart                            0x0800c739   Thumb Code    10  cmsis_os.o(i.osKernelStart)
    osThreadCreate                           0x0800c743   Thumb Code    94  cmsis_os.o(i.osThreadCreate)
    pcTaskGetName                            0x0800c7a1   Thumb Code    44  tasks.o(i.pcTaskGetName)
    pvPortMalloc                             0x0800cd1d   Thumb Code   306  heap_4.o(i.pvPortMalloc)
    pxPortInitialiseStack                    0x0800ce69   Thumb Code    38  port.o(i.pxPortInitialiseStack)
    rc_callback_handler                      0x0800ce95   Thumb Code   218  bsp_sbus.o(i.rc_callback_handler)
    set_mode_cybergear                       0x0800cf6f   Thumb Code    28  cybergear_drv.o(i.set_mode_cybergear)
    sqrtf                                    0x0800cf8b   Thumb Code    62  sqrtf.o(i.sqrtf)
    start_cybergear                          0x0800cfc9   Thumb Code    60  cybergear_drv.o(i.start_cybergear)
    uart_receive_handler                     0x0800d055   Thumb Code    34  bsp_sbus.o(i.uart_receive_handler)
    uint_to_float                            0x0800d0e9   Thumb Code    52  dm8009_drv.o(i.uint_to_float)
    ulTaskNotifyTake                         0x0800d11d   Thumb Code   108  tasks.o(i.ulTaskNotifyTake)
    uxListRemove                             0x0800d191   Thumb Code    40  list.o(i.uxListRemove)
    vApplicationGetIdleTaskMemory            0x0800d1b9   Thumb Code    14  freertos.o(i.vApplicationGetIdleTaskMemory)
    vListInitialise                          0x0800d1d1   Thumb Code    26  list.o(i.vListInitialise)
    vListInitialiseItem                      0x0800d1eb   Thumb Code     6  list.o(i.vListInitialiseItem)
    vListInsert                              0x0800d1f1   Thumb Code    52  list.o(i.vListInsert)
    vListInsertEnd                           0x0800d225   Thumb Code    24  list.o(i.vListInsertEnd)
    vPortEnterCritical                       0x0800d23d   Thumb Code    76  port.o(i.vPortEnterCritical)
    vPortExitCritical                        0x0800d291   Thumb Code    56  port.o(i.vPortExitCritical)
    vPortFree                                0x0800d2cd   Thumb Code   150  heap_4.o(i.vPortFree)
    vPortSetupTimerInterrupt                 0x0800d371   Thumb Code    36  port.o(i.vPortSetupTimerInterrupt)
    vPortValidateInterruptPriority           0x0800d399   Thumb Code   106  port.o(i.vPortValidateInterruptPriority)
    vTaskDelay                               0x0800d411   Thumb Code    82  tasks.o(i.vTaskDelay)
    vTaskNotifyGiveFromISR                   0x0800d46d   Thumb Code   214  tasks.o(i.vTaskNotifyGiveFromISR)
    vTaskStartScheduler                      0x0800d55d   Thumb Code   146  tasks.o(i.vTaskStartScheduler)
    vTaskSuspendAll                          0x0800d60d   Thumb Code    12  tasks.o(i.vTaskSuspendAll)
    vTaskSwitchContext                       0x0800d61d   Thumb Code   118  tasks.o(i.vTaskSwitchContext)
    xPortStartScheduler                      0x0800d6a9   Thumb Code   330  port.o(i.xPortStartScheduler)
    xTaskCreate                              0x0800d811   Thumb Code   100  tasks.o(i.xTaskCreate)
    xTaskCreateStatic                        0x0800d875   Thumb Code   186  tasks.o(i.xTaskCreateStatic)
    xTaskGetHandle                           0x0800d931   Thumb Code   142  tasks.o(i.xTaskGetHandle)
    xTaskGetSchedulerState                   0x0800d9d5   Thumb Code    24  tasks.o(i.xTaskGetSchedulerState)
    xTaskIncrementTick                       0x0800d9f5   Thumb Code   282  tasks.o(i.xTaskIncrementTick)
    xTaskResumeAll                           0x0800db3d   Thumb Code   224  tasks.o(i.xTaskResumeAll)
    _get_lc_numeric                          0x0800dc41   Thumb Code    44  lc_numeric_c.o(locale$$code)
    _get_lc_ctype                            0x0800dc6d   Thumb Code    44  lc_ctype_c.o(locale$$code)
    __aeabi_d2f                              0x0800dc99   Thumb Code     0  d2f.o(x$fpl$d2f)
    _d2f                                     0x0800dc99   Thumb Code    98  d2f.o(x$fpl$d2f)
    __aeabi_i2d                              0x0800dcfb   Thumb Code     0  dflt_clz.o(x$fpl$dflt)
    _dflt                                    0x0800dcfb   Thumb Code    46  dflt_clz.o(x$fpl$dflt)
    __aeabi_dmul                             0x0800dd29   Thumb Code     0  dmul.o(x$fpl$dmul)
    _dmul                                    0x0800dd29   Thumb Code   332  dmul.o(x$fpl$dmul)
    __fpl_dnaninf                            0x0800de7d   Thumb Code   156  dnaninf.o(x$fpl$dnaninf)
    __fpl_dretinf                            0x0800df19   Thumb Code    12  dretinf.o(x$fpl$dretinf)
    _dsqrt                                   0x0800df25   Thumb Code   404  dsqrt_umaal.o(x$fpl$dsqrt)
    __aeabi_f2d                              0x0800e0bd   Thumb Code     0  f2d.o(x$fpl$f2d)
    _f2d                                     0x0800e0bd   Thumb Code    86  f2d.o(x$fpl$f2d)
    __fpl_fnaninf                            0x0800e113   Thumb Code   140  fnaninf.o(x$fpl$fnaninf)
    _fp_init                                 0x0800e19f   Thumb Code    10  fpinit.o(x$fpl$fpinit)
    __fplib_config_fpu_vfp                   0x0800e1a7   Thumb Code     0  fpinit.o(x$fpl$fpinit)
    __fplib_config_pureend_doubles           0x0800e1a7   Thumb Code     0  fpinit.o(x$fpl$fpinit)
    __fpl_fretinf                            0x0800e1a9   Thumb Code    10  fretinf.o(x$fpl$fretinf)
    _printf_fp_dec                           0x0800e1b3   Thumb Code     4  printf1.o(x$fpl$printf1)
    _printf_fp_hex                           0x0800e1b7   Thumb Code     4  printf2.o(x$fpl$printf2)
    __I$use$fp                               0x0800e1ba   Number         0  usenofp.o(x$fpl$usenofp)
    AHBPrescTable                            0x0800e26c   Data          16  system_stm32f4xx.o(.constdata)
    APBPrescTable                            0x0800e27c   Data           8  system_stm32f4xx.o(.constdata)
    Region$$Table$$Base                      0x0800e400   Number         0  anon$$obj.o(Region$$Table)
    Region$$Table$$Limit                     0x0800e420   Number         0  anon$$obj.o(Region$$Table)
    __ctype                                  0x0800e449   Data           0  lc_ctype_c.o(locale$$data)
    defaultTaskHandle                        0x20000000   Data           4  freertos.o(.data)
    INS_TASKHandle                           0x20000004   Data           4  freertos.o(.data)
    CHASSISR_TASKHandle                      0x20000008   Data           4  freertos.o(.data)
    CHASSISL_TASKHandle                      0x2000000c   Data           4  freertos.o(.data)
    OBSERVE_TASKHandle                       0x20000010   Data           4  freertos.o(.data)
    DT7_TASKHandle                           0x20000014   Data           4  freertos.o(.data)
    usart_dma_tx_over                        0x2000001c   Data           1  usart.o(.data)
    uwTick                                   0x20000020   Data           4  stm32f4xx_hal.o(.data)
    uwTickPrio                               0x20000024   Data           4  stm32f4xx_hal.o(.data)
    uwTickFreq                               0x20000028   Data           1  stm32f4xx_hal.o(.data)
    SystemCoreClock                          0x2000002c   Data           4  system_stm32f4xx.o(.data)
    pxCurrentTCB                             0x20000030   Data           4  tasks.o(.data)
    gyro_dma_rx_buf                          0x2000009c   Data           8  ins_task.o(.data)
    gyro_dma_tx_buf                          0x200000a4   Data           8  ins_task.o(.data)
    accel_dma_tx_buf                         0x200000ac   Data           9  ins_task.o(.data)
    accel_temp_dma_rx_buf                    0x200000b5   Data           4  ins_task.o(.data)
    accel_temp_dma_tx_buf                    0x200000b9   Data           4  ins_task.o(.data)
    gyro_update_flag                         0x200000bd   Data           1  ins_task.o(.data)
    accel_update_flag                        0x200000be   Data           1  ins_task.o(.data)
    accel_temp_update_flag                   0x200000bf   Data           1  ins_task.o(.data)
    mag_update_flag                          0x200000c0   Data           1  ins_task.o(.data)
    imu_start_dma_flag                       0x200000c1   Data           1  ins_task.o(.data)
    SysTime                                  0x200000c8   Data           8  bsp_dwt.o(.data)
    CYCCNT64                                 0x200000e8   Data           8  bsp_dwt.o(.data)
    twoKp                                    0x20000110   Data           4  mahonyahrs.o(.data)
    twoKi                                    0x20000114   Data           4  mahonyahrs.o(.data)
    integralFBx                              0x20000118   Data           4  mahonyahrs.o(.data)
    integralFBy                              0x2000011c   Data           4  mahonyahrs.o(.data)
    integralFBz                              0x20000120   Data           4  mahonyahrs.o(.data)
    BMI088_ACCEL_SEN                         0x20000124   Data           4  bmi088driver.o(.data)
    BMI088_GYRO_SEN                          0x20000128   Data           4  bmi088driver.o(.data)
    rx_data                                  0x20000150   Data           8  cybergear_drv.o(.data)
    Motor_Can_ID                             0x20000158   Data           4  cybergear_drv.o(.data)
    byte                                     0x2000015c   Data           4  cybergear_drv.o(.data)
    Selection                                0x20000160   Data           1  dm8009_drv.o(.data)
    Data_Enable                              0x20000161   Data           8  dm8009_drv.o(.data)
    Data_Failure                             0x20000169   Data           8  dm8009_drv.o(.data)
    Data_Save_zero                           0x20000171   Data           8  dm8009_drv.o(.data)
    hcan1                                    0x200003d0   Data          40  can.o(.bss)
    hcan2                                    0x200003f8   Data          40  can.o(.bss)
    hi2c3                                    0x20000420   Data          84  i2c.o(.bss)
    hspi1                                    0x20000474   Data          88  spi.o(.bss)
    hdma_spi1_rx                             0x200004cc   Data          96  spi.o(.bss)
    hdma_spi1_tx                             0x2000052c   Data          96  spi.o(.bss)
    htim10                                   0x2000058c   Data          72  tim.o(.bss)
    huart1                                   0x200005d4   Data          72  usart.o(.bss)
    huart3                                   0x2000061c   Data          72  usart.o(.bss)
    huart6                                   0x20000664   Data          72  usart.o(.bss)
    hdma_usart1_tx                           0x200006ac   Data          96  usart.o(.bss)
    hdma_usart3_rx                           0x2000070c   Data          96  usart.o(.bss)
    hdma_usart6_rx                           0x2000076c   Data          96  usart.o(.bss)
    hdma_usart6_tx                           0x200007cc   Data          96  usart.o(.bss)
    htim2                                    0x200008f4   Data          72  stm32f4xx_hal_timebase_tim.o(.bss)
    accel_dma_rx_buf                         0x2000462c   Data           9  ins_task.o(.bss)
    bmi088_real_data                         0x20004638   Data          36  ins_task.o(.bss)
    ist8310_real_data                        0x2000465c   Data          16  ins_task.o(.bss)
    INS_quat                                 0x200046b4   Data          16  ins_task.o(.bss)
    INS_angle                                0x200046c4   Data          12  ins_task.o(.bss)
    chassis_move                             0x200046d0   Data         400  chassisr_task.o(.bss)
    dbus_buf                                 0x20004860   Data          18  bsp_sbus.o(.bss)
    rc                                       0x20004872   Data          34  bsp_sbus.o(.bss)
    rxMsg                                    0x20004894   Data          28  cybergear_drv.o(.bss)
    txMsg                                    0x200048b0   Data          24  cybergear_drv.o(.bss)
    __libspace_start                         0x200048c8   Data          96  libspace.o(.bss)
    __temporary_stack_top$libspace           0x20004928   Data           0  libspace.o(.bss)



==============================================================================

Memory Map of the image

  Image Entry point : 0x08000189

  Load Region LR_IROM1 (Base: 0x08000000, Size: 0x0000e6c8, Max: 0x00100000, ABSOLUTE, COMPRESSED[0x0000e5a8])

    Execution Region ER_IROM1 (Exec base: 0x08000000, Load base: 0x08000000, Size: 0x0000e54c, Max: 0x00100000, ABSOLUTE)

    Exec Addr    Load Addr    Size         Type   Attr      Idx    E Section Name        Object

    0x08000000   0x08000000   0x00000188   Data   RO            3    RESET               startup_stm32f407xx.o
    0x08000188   0x08000188   0x00000008   Code   RO        13313  * !!!main             c_w.l(__main.o)
    0x08000190   0x08000190   0x00000034   Code   RO        13880    !!!scatter          c_w.l(__scatter.o)
    0x080001c4   0x080001c4   0x0000005a   Code   RO        13878    !!dczerorl2         c_w.l(__dczerorl2.o)
    0x0800021e   0x0800021e   0x00000002   PAD
    0x08000220   0x08000220   0x0000001c   Code   RO        13882    !!handler_zi        c_w.l(__scatter_zi.o)
    0x0800023c   0x0800023c   0x00000000   Code   RO        13583    .ARM.Collect$$_printf_percent$$00000000  c_w.l(_printf_percent.o)
    0x0800023c   0x0800023c   0x00000006   Code   RO        13572    .ARM.Collect$$_printf_percent$$00000001  c_w.l(_printf_n.o)
    0x08000242   0x08000242   0x00000006   Code   RO        13574    .ARM.Collect$$_printf_percent$$00000002  c_w.l(_printf_p.o)
    0x08000248   0x08000248   0x00000006   Code   RO        13579    .ARM.Collect$$_printf_percent$$00000003  c_w.l(_printf_f.o)
    0x0800024e   0x0800024e   0x00000006   Code   RO        13580    .ARM.Collect$$_printf_percent$$00000004  c_w.l(_printf_e.o)
    0x08000254   0x08000254   0x00000006   Code   RO        13581    .ARM.Collect$$_printf_percent$$00000005  c_w.l(_printf_g.o)
    0x0800025a   0x0800025a   0x00000006   Code   RO        13582    .ARM.Collect$$_printf_percent$$00000006  c_w.l(_printf_a.o)
    0x08000260   0x08000260   0x0000000a   Code   RO        13587    .ARM.Collect$$_printf_percent$$00000007  c_w.l(_printf_ll.o)
    0x0800026a   0x0800026a   0x00000006   Code   RO        13576    .ARM.Collect$$_printf_percent$$00000008  c_w.l(_printf_i.o)
    0x08000270   0x08000270   0x00000006   Code   RO        13577    .ARM.Collect$$_printf_percent$$00000009  c_w.l(_printf_d.o)
    0x08000276   0x08000276   0x00000006   Code   RO        13578    .ARM.Collect$$_printf_percent$$0000000A  c_w.l(_printf_u.o)
    0x0800027c   0x0800027c   0x00000006   Code   RO        13575    .ARM.Collect$$_printf_percent$$0000000B  c_w.l(_printf_o.o)
    0x08000282   0x08000282   0x00000006   Code   RO        13573    .ARM.Collect$$_printf_percent$$0000000C  c_w.l(_printf_x.o)
    0x08000288   0x08000288   0x00000006   Code   RO        13584    .ARM.Collect$$_printf_percent$$0000000D  c_w.l(_printf_lli.o)
    0x0800028e   0x0800028e   0x00000006   Code   RO        13585    .ARM.Collect$$_printf_percent$$0000000E  c_w.l(_printf_lld.o)
    0x08000294   0x08000294   0x00000006   Code   RO        13586    .ARM.Collect$$_printf_percent$$0000000F  c_w.l(_printf_llu.o)
    0x0800029a   0x0800029a   0x00000006   Code   RO        13591    .ARM.Collect$$_printf_percent$$00000010  c_w.l(_printf_llo.o)
    0x080002a0   0x080002a0   0x00000006   Code   RO        13592    .ARM.Collect$$_printf_percent$$00000011  c_w.l(_printf_llx.o)
    0x080002a6   0x080002a6   0x0000000a   Code   RO        13588    .ARM.Collect$$_printf_percent$$00000012  c_w.l(_printf_l.o)
    0x080002b0   0x080002b0   0x00000006   Code   RO        13570    .ARM.Collect$$_printf_percent$$00000013  c_w.l(_printf_c.o)
    0x080002b6   0x080002b6   0x00000006   Code   RO        13571    .ARM.Collect$$_printf_percent$$00000014  c_w.l(_printf_s.o)
    0x080002bc   0x080002bc   0x00000006   Code   RO        13589    .ARM.Collect$$_printf_percent$$00000015  c_w.l(_printf_lc.o)
    0x080002c2   0x080002c2   0x00000006   Code   RO        13590    .ARM.Collect$$_printf_percent$$00000016  c_w.l(_printf_ls.o)
    0x080002c8   0x080002c8   0x00000004   Code   RO        13688    .ARM.Collect$$_printf_percent$$00000017  c_w.l(_printf_percent_end.o)
    0x080002cc   0x080002cc   0x00000002   Code   RO        13744    .ARM.Collect$$libinit$$00000000  c_w.l(libinit.o)
    0x080002ce   0x080002ce   0x00000004   Code   RO        13758    .ARM.Collect$$libinit$$00000001  c_w.l(libinit2.o)
    0x080002d2   0x080002d2   0x00000000   Code   RO        13761    .ARM.Collect$$libinit$$00000004  c_w.l(libinit2.o)
    0x080002d2   0x080002d2   0x00000000   Code   RO        13764    .ARM.Collect$$libinit$$0000000A  c_w.l(libinit2.o)
    0x080002d2   0x080002d2   0x00000000   Code   RO        13766    .ARM.Collect$$libinit$$0000000C  c_w.l(libinit2.o)
    0x080002d2   0x080002d2   0x00000000   Code   RO        13768    .ARM.Collect$$libinit$$0000000E  c_w.l(libinit2.o)
    0x080002d2   0x080002d2   0x00000006   Code   RO        13769    .ARM.Collect$$libinit$$0000000F  c_w.l(libinit2.o)
    0x080002d8   0x080002d8   0x00000000   Code   RO        13771    .ARM.Collect$$libinit$$00000011  c_w.l(libinit2.o)
    0x080002d8   0x080002d8   0x0000000c   Code   RO        13772    .ARM.Collect$$libinit$$00000012  c_w.l(libinit2.o)
    0x080002e4   0x080002e4   0x00000000   Code   RO        13773    .ARM.Collect$$libinit$$00000013  c_w.l(libinit2.o)
    0x080002e4   0x080002e4   0x00000000   Code   RO        13775    .ARM.Collect$$libinit$$00000015  c_w.l(libinit2.o)
    0x080002e4   0x080002e4   0x0000000a   Code   RO        13776    .ARM.Collect$$libinit$$00000016  c_w.l(libinit2.o)
    0x080002ee   0x080002ee   0x00000000   Code   RO        13777    .ARM.Collect$$libinit$$00000017  c_w.l(libinit2.o)
    0x080002ee   0x080002ee   0x00000000   Code   RO        13779    .ARM.Collect$$libinit$$00000019  c_w.l(libinit2.o)
    0x080002ee   0x080002ee   0x00000000   Code   RO        13781    .ARM.Collect$$libinit$$0000001B  c_w.l(libinit2.o)
    0x080002ee   0x080002ee   0x00000000   Code   RO        13783    .ARM.Collect$$libinit$$0000001D  c_w.l(libinit2.o)
    0x080002ee   0x080002ee   0x00000000   Code   RO        13785    .ARM.Collect$$libinit$$0000001F  c_w.l(libinit2.o)
    0x080002ee   0x080002ee   0x00000000   Code   RO        13787    .ARM.Collect$$libinit$$00000021  c_w.l(libinit2.o)
    0x080002ee   0x080002ee   0x00000000   Code   RO        13789    .ARM.Collect$$libinit$$00000023  c_w.l(libinit2.o)
    0x080002ee   0x080002ee   0x00000000   Code   RO        13791    .ARM.Collect$$libinit$$00000025  c_w.l(libinit2.o)
    0x080002ee   0x080002ee   0x00000000   Code   RO        13795    .ARM.Collect$$libinit$$0000002C  c_w.l(libinit2.o)
    0x080002ee   0x080002ee   0x00000000   Code   RO        13797    .ARM.Collect$$libinit$$0000002E  c_w.l(libinit2.o)
    0x080002ee   0x080002ee   0x00000000   Code   RO        13799    .ARM.Collect$$libinit$$00000030  c_w.l(libinit2.o)
    0x080002ee   0x080002ee   0x00000000   Code   RO        13801    .ARM.Collect$$libinit$$00000032  c_w.l(libinit2.o)
    0x080002ee   0x080002ee   0x00000002   Code   RO        13802    .ARM.Collect$$libinit$$00000033  c_w.l(libinit2.o)
    0x080002f0   0x080002f0   0x00000002   Code   RO        13833    .ARM.Collect$$libshutdown$$00000000  c_w.l(libshutdown.o)
    0x080002f2   0x080002f2   0x00000000   Code   RO        13859    .ARM.Collect$$libshutdown$$00000002  c_w.l(libshutdown2.o)
    0x080002f2   0x080002f2   0x00000000   Code   RO        13861    .ARM.Collect$$libshutdown$$00000004  c_w.l(libshutdown2.o)
    0x080002f2   0x080002f2   0x00000000   Code   RO        13863    .ARM.Collect$$libshutdown$$00000006  c_w.l(libshutdown2.o)
    0x080002f2   0x080002f2   0x00000000   Code   RO        13866    .ARM.Collect$$libshutdown$$00000009  c_w.l(libshutdown2.o)
    0x080002f2   0x080002f2   0x00000000   Code   RO        13869    .ARM.Collect$$libshutdown$$0000000C  c_w.l(libshutdown2.o)
    0x080002f2   0x080002f2   0x00000000   Code   RO        13871    .ARM.Collect$$libshutdown$$0000000E  c_w.l(libshutdown2.o)
    0x080002f2   0x080002f2   0x00000000   Code   RO        13874    .ARM.Collect$$libshutdown$$00000011  c_w.l(libshutdown2.o)
    0x080002f2   0x080002f2   0x00000002   Code   RO        13875    .ARM.Collect$$libshutdown$$00000012  c_w.l(libshutdown2.o)
    0x080002f4   0x080002f4   0x00000000   Code   RO        13493    .ARM.Collect$$rtentry$$00000000  c_w.l(__rtentry.o)
    0x080002f4   0x080002f4   0x00000000   Code   RO        13652    .ARM.Collect$$rtentry$$00000002  c_w.l(__rtentry2.o)
    0x080002f4   0x080002f4   0x00000006   Code   RO        13664    .ARM.Collect$$rtentry$$00000004  c_w.l(__rtentry4.o)
    0x080002fa   0x080002fa   0x00000000   Code   RO        13654    .ARM.Collect$$rtentry$$00000009  c_w.l(__rtentry2.o)
    0x080002fa   0x080002fa   0x00000004   Code   RO        13655    .ARM.Collect$$rtentry$$0000000A  c_w.l(__rtentry2.o)
    0x080002fe   0x080002fe   0x00000000   Code   RO        13657    .ARM.Collect$$rtentry$$0000000C  c_w.l(__rtentry2.o)
    0x080002fe   0x080002fe   0x00000008   Code   RO        13658    .ARM.Collect$$rtentry$$0000000D  c_w.l(__rtentry2.o)
    0x08000306   0x08000306   0x00000002   Code   RO        13745    .ARM.Collect$$rtexit$$00000000  c_w.l(rtexit.o)
    0x08000308   0x08000308   0x00000000   Code   RO        13806    .ARM.Collect$$rtexit$$00000002  c_w.l(rtexit2.o)
    0x08000308   0x08000308   0x00000004   Code   RO        13807    .ARM.Collect$$rtexit$$00000003  c_w.l(rtexit2.o)
    0x0800030c   0x0800030c   0x00000006   Code   RO        13808    .ARM.Collect$$rtexit$$00000004  c_w.l(rtexit2.o)
    0x08000312   0x08000312   0x00000002   PAD
    0x08000314   0x08000314   0x000000be   Code   RO         5811    .emb_text           port.o
    0x080003d2   0x080003d2   0x00000002   PAD
    0x080003d4   0x080003d4   0x00000040   Code   RO            4    .text               startup_stm32f407xx.o
    0x08000414   0x08000414   0x000000ee   Code   RO        13287    .text               c_w.l(lludivv7m.o)
    0x08000502   0x08000502   0x00000002   PAD
    0x08000504   0x08000504   0x00000034   Code   RO        13295    .text               c_w.l(vsnprintf.o)
    0x08000538   0x08000538   0x0000003e   Code   RO        13297    .text               c_w.l(strlen.o)
    0x08000576   0x08000576   0x00000064   Code   RO        13301    .text               c_w.l(rt_memcpy_w.o)
    0x080005da   0x080005da   0x00000010   Code   RO        13305    .text               c_w.l(aeabi_memset.o)
    0x080005ea   0x080005ea   0x00000044   Code   RO        13307    .text               c_w.l(rt_memclr.o)
    0x0800062e   0x0800062e   0x0000004e   Code   RO        13309    .text               c_w.l(rt_memclr_w.o)
    0x0800067c   0x0800067c   0x00000006   Code   RO        13311    .text               c_w.l(heapauxi.o)
    0x08000682   0x08000682   0x00000016   Code   RO        13498    .text               c_w.l(_rserrno.o)
    0x08000698   0x08000698   0x0000004e   Code   RO        13502    .text               c_w.l(_printf_pad.o)
    0x080006e6   0x080006e6   0x00000024   Code   RO        13504    .text               c_w.l(_printf_truncate.o)
    0x0800070a   0x0800070a   0x00000052   Code   RO        13506    .text               c_w.l(_printf_str.o)
    0x0800075c   0x0800075c   0x00000078   Code   RO        13508    .text               c_w.l(_printf_dec.o)
    0x080007d4   0x080007d4   0x00000028   Code   RO        13510    .text               c_w.l(_printf_charcount.o)
    0x080007fc   0x080007fc   0x00000030   Code   RO        13512    .text               c_w.l(_printf_char_common.o)
    0x0800082c   0x0800082c   0x0000000a   Code   RO        13514    .text               c_w.l(_sputc.o)
    0x08000836   0x08000836   0x00000010   Code   RO        13516    .text               c_w.l(_snputc.o)
    0x08000846   0x08000846   0x00000002   PAD
    0x08000848   0x08000848   0x000000bc   Code   RO        13518    .text               c_w.l(_printf_wctomb.o)
    0x08000904   0x08000904   0x0000007c   Code   RO        13521    .text               c_w.l(_printf_longlong_dec.o)
    0x08000980   0x08000980   0x00000070   Code   RO        13527    .text               c_w.l(_printf_oct_int_ll.o)
    0x080009f0   0x080009f0   0x00000094   Code   RO        13547    .text               c_w.l(_printf_hex_int_ll_ptr.o)
    0x08000a84   0x08000a84   0x00000188   Code   RO        13567    .text               c_w.l(__printf_flags_ss_wp.o)
    0x08000c0c   0x08000c0c   0x00000008   Code   RO        13671    .text               c_w.l(rt_errno_addr_intlibspace.o)
    0x08000c14   0x08000c14   0x0000008a   Code   RO        13673    .text               c_w.l(lludiv10.o)
    0x08000c9e   0x08000c9e   0x000000b2   Code   RO        13675    .text               c_w.l(_printf_intcommon.o)
    0x08000d50   0x08000d50   0x0000041e   Code   RO        13677    .text               c_w.l(_printf_fp_dec.o)
    0x0800116e   0x0800116e   0x00000002   PAD
    0x08001170   0x08001170   0x000002fc   Code   RO        13679    .text               c_w.l(_printf_fp_hex.o)
    0x0800146c   0x0800146c   0x0000002c   Code   RO        13684    .text               c_w.l(_printf_char.o)
    0x08001498   0x08001498   0x0000002c   Code   RO        13686    .text               c_w.l(_printf_wchar.o)
    0x080014c4   0x080014c4   0x00000040   Code   RO        13689    .text               c_w.l(_wcrtomb.o)
    0x08001504   0x08001504   0x00000008   Code   RO        13691    .text               c_w.l(libspace.o)
    0x0800150c   0x0800150c   0x0000004a   Code   RO        13694    .text               c_w.l(sys_stackheap_outer.o)
    0x08001556   0x08001556   0x00000002   PAD
    0x08001558   0x08001558   0x00000010   Code   RO        13696    .text               c_w.l(rt_ctype_table.o)
    0x08001568   0x08001568   0x00000008   Code   RO        13701    .text               c_w.l(rt_locale_intlibspace.o)
    0x08001570   0x08001570   0x00000080   Code   RO        13703    .text               c_w.l(_printf_fp_infnan.o)
    0x080015f0   0x080015f0   0x000000e4   Code   RO        13705    .text               c_w.l(bigflt0.o)
    0x080016d4   0x080016d4   0x00000012   Code   RO        13733    .text               c_w.l(exit.o)
    0x080016e6   0x080016e6   0x00000002   PAD
    0x080016e8   0x080016e8   0x00000080   Code   RO        13756    .text               c_w.l(strcmpv7m.o)
    0x08001768   0x08001768   0x0000000c   Code   RO        13803    .text               c_w.l(sys_exit.o)
    0x08001774   0x08001774   0x00000002   Code   RO        13822    .text               c_w.l(use_no_semi.o)
    0x08001776   0x08001776   0x00000000   Code   RO        13824    .text               c_w.l(indicate_semi.o)
    0x08001776   0x08001776   0x0000003e   Code   RO        13708    CL$$btod_d2e        c_w.l(btod.o)
    0x080017b4   0x080017b4   0x00000046   Code   RO        13710    CL$$btod_d2e_denorm_low  c_w.l(btod.o)
    0x080017fa   0x080017fa   0x00000060   Code   RO        13709    CL$$btod_d2e_norm_op1  c_w.l(btod.o)
    0x0800185a   0x0800185a   0x00000338   Code   RO        13718    CL$$btod_div_common  c_w.l(btod.o)
    0x08001b92   0x08001b92   0x000000dc   Code   RO        13715    CL$$btod_e2e        c_w.l(btod.o)
    0x08001c6e   0x08001c6e   0x0000002a   Code   RO        13712    CL$$btod_ediv       c_w.l(btod.o)
    0x08001c98   0x08001c98   0x0000002a   Code   RO        13711    CL$$btod_emul       c_w.l(btod.o)
    0x08001cc2   0x08001cc2   0x00000244   Code   RO        13717    CL$$btod_mult_common  c_w.l(btod.o)
    0x08001f06   0x08001f06   0x00000002   PAD
    0x08001f08   0x08001f08   0x00000028   Code   RO         6482    i.AHRS_init         mahonyahrs.o
    0x08001f30   0x08001f30   0x0000006a   Code   RO         6483    i.AHRS_update       mahonyahrs.o
    0x08001f9a   0x08001f9a   0x00000002   PAD
    0x08001f9c   0x08001f9c   0x00000014   Code   RO         6771    i.BMI088_ACCEL_NS_H  bmi088middleware.o
    0x08001fb0   0x08001fb0   0x00000014   Code   RO         6772    i.BMI088_ACCEL_NS_L  bmi088middleware.o
    0x08001fc4   0x08001fc4   0x00000002   Code   RO         6773    i.BMI088_GPIO_init  bmi088middleware.o
    0x08001fc6   0x08001fc6   0x00000002   PAD
    0x08001fc8   0x08001fc8   0x00000014   Code   RO         6774    i.BMI088_GYRO_NS_H  bmi088middleware.o
    0x08001fdc   0x08001fdc   0x00000014   Code   RO         6775    i.BMI088_GYRO_NS_L  bmi088middleware.o
    0x08001ff0   0x08001ff0   0x00000090   Code   RO         6635    i.BMI088_accel_read_over  bmi088driver.o
    0x08002080   0x08002080   0x00000002   Code   RO         6776    i.BMI088_com_init   bmi088middleware.o
    0x08002082   0x08002082   0x0000000c   Code   RO         6777    i.BMI088_delay_ms   bmi088middleware.o
    0x0800208e   0x0800208e   0x0000000c   Code   RO         6778    i.BMI088_delay_us   bmi088middleware.o
    0x0800209a   0x0800209a   0x00000002   PAD
    0x0800209c   0x0800209c   0x00000068   Code   RO         6636    i.BMI088_gyro_read_over  bmi088driver.o
    0x08002104   0x08002104   0x00000034   Code   RO         6637    i.BMI088_init       bmi088driver.o
    0x08002138   0x08002138   0x0000017c   Code   RO         6638    i.BMI088_read       bmi088driver.o
    0x080022b4   0x080022b4   0x00000026   Code   RO         6641    i.BMI088_read_muli_reg  bmi088driver.o
    0x080022da   0x080022da   0x00000018   Code   RO         6642    i.BMI088_read_single_reg  bmi088driver.o
    0x080022f2   0x080022f2   0x00000002   PAD
    0x080022f4   0x080022f4   0x00000020   Code   RO         6779    i.BMI088_read_write_byte  bmi088middleware.o
    0x08002314   0x08002314   0x00000034   Code   RO         6643    i.BMI088_temperature_read_over  bmi088driver.o
    0x08002348   0x08002348   0x00000014   Code   RO         6644    i.BMI088_write_single_reg  bmi088driver.o
    0x0800235c   0x0800235c   0x00000004   Code   RO          650    i.BusFault_Handler  stm32f4xx_it.o
    0x08002360   0x08002360   0x00000050   Code   RO         6314    i.CAN1_Config       bsp_can.o
    0x080023b0   0x080023b0   0x00000010   Code   RO          651    i.CAN1_RX0_IRQHandler  stm32f4xx_it.o
    0x080023c0   0x080023c0   0x00000010   Code   RO          652    i.CAN2_RX0_IRQHandler  stm32f4xx_it.o
    0x080023d0   0x080023d0   0x0000000e   Code   RO          288    i.ChassiR_Task      freertos.o
    0x080023de   0x080023de   0x0000000e   Code   RO          289    i.ChassisrL_Task    freertos.o
    0x080023ec   0x080023ec   0x000000a4   Code   RO         6967    i.CyberGear_data    cybergear_drv.o
    0x08002490   0x08002490   0x00000010   Code   RO          653    i.DMA1_Stream1_IRQHandler  stm32f4xx_it.o
    0x080024a0   0x080024a0   0x00000010   Code   RO          654    i.DMA2_Stream1_IRQHandler  stm32f4xx_it.o
    0x080024b0   0x080024b0   0x00000898   Code   RO         5891    i.DMA2_Stream2_IRQHandler  ins_task.o
    0x08002d48   0x08002d48   0x00000010   Code   RO          655    i.DMA2_Stream6_IRQHandler  stm32f4xx_it.o
    0x08002d58   0x08002d58   0x00000010   Code   RO          656    i.DMA2_Stream7_IRQHandler  stm32f4xx_it.o
    0x08002d68   0x08002d68   0x00000034   Code   RO         1596    i.DMA_CalcBaseAndBitshift  stm32f4xx_hal_dma.o
    0x08002d9c   0x08002d9c   0x000000aa   Code   RO         1597    i.DMA_CheckFifoParam  stm32f4xx_hal_dma.o
    0x08002e46   0x08002e46   0x0000002c   Code   RO         1598    i.DMA_SetConfig     stm32f4xx_hal_dma.o
    0x08002e72   0x08002e72   0x00000002   PAD
    0x08002e74   0x08002e74   0x000000f4   Code   RO         7080    i.DM_Motor_mit_ctrl  dm8009_drv.o
    0x08002f68   0x08002f68   0x0000000e   Code   RO          290    i.DT7_Task          freertos.o
    0x08002f76   0x08002f76   0x00000002   PAD
    0x08002f78   0x08002f78   0x00000028   Code   RO         6130    i.DT7_task          dt7_task.o
    0x08002fa0   0x08002fa0   0x0000003c   Code   RO         6220    i.DWT_Delay         bsp_dwt.o
    0x08002fdc   0x08002fdc   0x00000068   Code   RO         6226    i.DWT_Init          bsp_dwt.o
    0x08003044   0x08003044   0x00000002   Code   RO          657    i.DebugMon_Handler  stm32f4xx_it.o
    0x08003046   0x08003046   0x0000000a   Code   RO          658    i.EXTI0_IRQHandler  stm32f4xx_it.o
    0x08003050   0x08003050   0x0000000a   Code   RO          659    i.EXTI3_IRQHandler  stm32f4xx_it.o
    0x0800305a   0x0800305a   0x0000000a   Code   RO          660    i.EXTI4_IRQHandler  stm32f4xx_it.o
    0x08003064   0x08003064   0x0000000a   Code   RO          661    i.EXTI9_5_IRQHandler  stm32f4xx_it.o
    0x0800306e   0x0800306e   0x00000006   Code   RO           13    i.Error_Handler     main.o
    0x08003074   0x08003074   0x00000020   Code   RO         6968    i.Float_to_Byte     cybergear_drv.o
    0x08003094   0x08003094   0x0000002a   Code   RO          859    i.HAL_CAN_ActivateNotification  stm32f4xx_hal_can.o
    0x080030be   0x080030be   0x0000014a   Code   RO          860    i.HAL_CAN_AddTxMessage  stm32f4xx_hal_can.o
    0x08003208   0x08003208   0x00000124   Code   RO          861    i.HAL_CAN_ConfigFilter  stm32f4xx_hal_can.o
    0x0800332c   0x0800332c   0x00000002   Code   RO          864    i.HAL_CAN_ErrorCallback  stm32f4xx_hal_can.o
    0x0800332e   0x0800332e   0x00000194   Code   RO          867    i.HAL_CAN_GetRxMessage  stm32f4xx_hal_can.o
    0x080034c2   0x080034c2   0x0000024e   Code   RO          871    i.HAL_CAN_IRQHandler  stm32f4xx_hal_can.o
    0x08003710   0x08003710   0x00000174   Code   RO          872    i.HAL_CAN_Init      stm32f4xx_hal_can.o
    0x08003884   0x08003884   0x00000160   Code   RO          369    i.HAL_CAN_MspInit   can.o
    0x080039e4   0x080039e4   0x00000002   Code   RO          879    i.HAL_CAN_RxFifo0FullCallback  stm32f4xx_hal_can.o
    0x080039e6   0x080039e6   0x00000002   PAD
    0x080039e8   0x080039e8   0x000000ec   Code   RO         6316    i.HAL_CAN_RxFifo0MsgPendingCallback  bsp_can.o
    0x08003ad4   0x08003ad4   0x00000002   Code   RO          881    i.HAL_CAN_RxFifo1FullCallback  stm32f4xx_hal_can.o
    0x08003ad6   0x08003ad6   0x00000002   Code   RO          882    i.HAL_CAN_RxFifo1MsgPendingCallback  stm32f4xx_hal_can.o
    0x08003ad8   0x08003ad8   0x00000002   Code   RO          883    i.HAL_CAN_SleepCallback  stm32f4xx_hal_can.o
    0x08003ada   0x08003ada   0x0000005e   Code   RO          884    i.HAL_CAN_Start     stm32f4xx_hal_can.o
    0x08003b38   0x08003b38   0x00000002   Code   RO          886    i.HAL_CAN_TxMailbox0AbortCallback  stm32f4xx_hal_can.o
    0x08003b3a   0x08003b3a   0x00000002   Code   RO          887    i.HAL_CAN_TxMailbox0CompleteCallback  stm32f4xx_hal_can.o
    0x08003b3c   0x08003b3c   0x00000002   Code   RO          888    i.HAL_CAN_TxMailbox1AbortCallback  stm32f4xx_hal_can.o
    0x08003b3e   0x08003b3e   0x00000002   Code   RO          889    i.HAL_CAN_TxMailbox1CompleteCallback  stm32f4xx_hal_can.o
    0x08003b40   0x08003b40   0x00000002   Code   RO          890    i.HAL_CAN_TxMailbox2AbortCallback  stm32f4xx_hal_can.o
    0x08003b42   0x08003b42   0x00000002   Code   RO          891    i.HAL_CAN_TxMailbox2CompleteCallback  stm32f4xx_hal_can.o
    0x08003b44   0x08003b44   0x00000002   Code   RO          893    i.HAL_CAN_WakeUpFromRxMsgCallback  stm32f4xx_hal_can.o
    0x08003b46   0x08003b46   0x000000ac   Code   RO         1599    i.HAL_DMA_Abort     stm32f4xx_hal_dma.o
    0x08003bf2   0x08003bf2   0x00000028   Code   RO         1600    i.HAL_DMA_Abort_IT  stm32f4xx_hal_dma.o
    0x08003c1a   0x08003c1a   0x00000002   PAD
    0x08003c1c   0x08003c1c   0x00000240   Code   RO         1604    i.HAL_DMA_IRQHandler  stm32f4xx_hal_dma.o
    0x08003e5c   0x08003e5c   0x000000ec   Code   RO         1605    i.HAL_DMA_Init      stm32f4xx_hal_dma.o
    0x08003f48   0x08003f48   0x00000066   Code   RO         1608    i.HAL_DMA_Start     stm32f4xx_hal_dma.o
    0x08003fae   0x08003fae   0x00000092   Code   RO         1609    i.HAL_DMA_Start_IT  stm32f4xx_hal_dma.o
    0x08004040   0x08004040   0x000000d4   Code   RO         5892    i.HAL_GPIO_EXTI_Callback  ins_task.o
    0x08004114   0x08004114   0x0000001c   Code   RO         1491    i.HAL_GPIO_EXTI_IRQHandler  stm32f4xx_hal_gpio.o
    0x08004130   0x08004130   0x000001f4   Code   RO         1492    i.HAL_GPIO_Init     stm32f4xx_hal_gpio.o
    0x08004324   0x08004324   0x0000000c   Code   RO         1496    i.HAL_GPIO_WritePin  stm32f4xx_hal_gpio.o
    0x08004330   0x08004330   0x0000000c   Code   RO         2047    i.HAL_GetTick       stm32f4xx_hal.o
    0x0800433c   0x0800433c   0x000001d0   Code   RO         2303    i.HAL_I2C_Init      stm32f4xx_hal_i2c.o
    0x0800450c   0x0800450c   0x00000308   Code   RO         2321    i.HAL_I2C_Mem_Read  stm32f4xx_hal_i2c.o
    0x08004814   0x08004814   0x00000164   Code   RO         2324    i.HAL_I2C_Mem_Write  stm32f4xx_hal_i2c.o
    0x08004978   0x08004978   0x000000c8   Code   RO          442    i.HAL_I2C_MspInit   i2c.o
    0x08004a40   0x08004a40   0x00000018   Code   RO         2053    i.HAL_IncTick       stm32f4xx_hal.o
    0x08004a58   0x08004a58   0x0000003c   Code   RO         2054    i.HAL_Init          stm32f4xx_hal.o
    0x08004a94   0x08004a94   0x000000b4   Code   RO          819    i.HAL_InitTick      stm32f4xx_hal_timebase_tim.o
    0x08004b48   0x08004b48   0x00000054   Code   RO          795    i.HAL_MspInit       stm32f4xx_hal_msp.o
    0x08004b9c   0x08004b9c   0x00000028   Code   RO         1884    i.HAL_NVIC_EnableIRQ  stm32f4xx_hal_cortex.o
    0x08004bc4   0x08004bc4   0x0000007c   Code   RO         1890    i.HAL_NVIC_SetPriority  stm32f4xx_hal_cortex.o
    0x08004c40   0x08004c40   0x00000028   Code   RO         1891    i.HAL_NVIC_SetPriorityGrouping  stm32f4xx_hal_cortex.o
    0x08004c68   0x08004c68   0x00000184   Code   RO         1093    i.HAL_RCC_ClockConfig  stm32f4xx_hal_rcc.o
    0x08004dec   0x08004dec   0x00000044   Code   RO         1097    i.HAL_RCC_GetClockConfig  stm32f4xx_hal_rcc.o
    0x08004e30   0x08004e30   0x0000000c   Code   RO         1098    i.HAL_RCC_GetHCLKFreq  stm32f4xx_hal_rcc.o
    0x08004e3c   0x08004e3c   0x00000020   Code   RO         1100    i.HAL_RCC_GetPCLK1Freq  stm32f4xx_hal_rcc.o
    0x08004e5c   0x08004e5c   0x00000020   Code   RO         1101    i.HAL_RCC_GetPCLK2Freq  stm32f4xx_hal_rcc.o
    0x08004e7c   0x08004e7c   0x000000b0   Code   RO         1102    i.HAL_RCC_GetSysClockFreq  stm32f4xx_hal_rcc.o
    0x08004f2c   0x08004f2c   0x0000049c   Code   RO         1105    i.HAL_RCC_OscConfig  stm32f4xx_hal_rcc.o
    0x080053c8   0x080053c8   0x000000c8   Code   RO         2798    i.HAL_SPI_Init      stm32f4xx_hal_spi.o
    0x08005490   0x08005490   0x00000158   Code   RO          484    i.HAL_SPI_MspInit   spi.o
    0x080055e8   0x080055e8   0x00000248   Code   RO         2807    i.HAL_SPI_TransmitReceive  stm32f4xx_hal_spi.o
    0x08005830   0x08005830   0x00000002   Code   RO         3826    i.HAL_TIMEx_BreakCallback  stm32f4xx_hal_tim_ex.o
    0x08005832   0x08005832   0x00000002   Code   RO         3827    i.HAL_TIMEx_CommutCallback  stm32f4xx_hal_tim_ex.o
    0x08005834   0x08005834   0x00000066   Code   RO         3111    i.HAL_TIM_Base_Init  stm32f4xx_hal_tim.o
    0x0800589a   0x0800589a   0x00000002   PAD
    0x0800589c   0x0800589c   0x00000034   Code   RO          526    i.HAL_TIM_Base_MspInit  tim.o
    0x080058d0   0x080058d0   0x000000a8   Code   RO         3116    i.HAL_TIM_Base_Start_IT  stm32f4xx_hal_tim.o
    0x08005978   0x08005978   0x00000002   Code   RO         3145    i.HAL_TIM_IC_CaptureCallback  stm32f4xx_hal_tim.o
    0x0800597a   0x0800597a   0x0000016c   Code   RO         3159    i.HAL_TIM_IRQHandler  stm32f4xx_hal_tim.o
    0x08005ae6   0x08005ae6   0x00000002   PAD
    0x08005ae8   0x08005ae8   0x00000064   Code   RO          527    i.HAL_TIM_MspPostInit  tim.o
    0x08005b4c   0x08005b4c   0x00000002   Code   RO         3162    i.HAL_TIM_OC_DelayElapsedCallback  stm32f4xx_hal_tim.o
    0x08005b4e   0x08005b4e   0x00000104   Code   RO         3183    i.HAL_TIM_PWM_ConfigChannel  stm32f4xx_hal_tim.o
    0x08005c52   0x08005c52   0x00000066   Code   RO         3186    i.HAL_TIM_PWM_Init  stm32f4xx_hal_tim.o
    0x08005cb8   0x08005cb8   0x00000002   Code   RO         3188    i.HAL_TIM_PWM_MspInit  stm32f4xx_hal_tim.o
    0x08005cba   0x08005cba   0x00000002   Code   RO         3189    i.HAL_TIM_PWM_PulseFinishedCallback  stm32f4xx_hal_tim.o
    0x08005cbc   0x08005cbc   0x00000012   Code   RO           14    i.HAL_TIM_PeriodElapsedCallback  main.o
    0x08005cce   0x08005cce   0x00000002   Code   RO         3202    i.HAL_TIM_TriggerCallback  stm32f4xx_hal_tim.o
    0x08005cd0   0x08005cd0   0x00000002   Code   RO         4105    i.HAL_UARTEx_RxEventCallback  stm32f4xx_hal_uart.o
    0x08005cd2   0x08005cd2   0x00000002   Code   RO         4119    i.HAL_UART_ErrorCallback  stm32f4xx_hal_uart.o
    0x08005cd4   0x08005cd4   0x000002e8   Code   RO         4122    i.HAL_UART_IRQHandler  stm32f4xx_hal_uart.o
    0x08005fbc   0x08005fbc   0x00000076   Code   RO         4123    i.HAL_UART_Init     stm32f4xx_hal_uart.o
    0x08006032   0x08006032   0x00000002   PAD
    0x08006034   0x08006034   0x00000304   Code   RO          574    i.HAL_UART_MspInit  usart.o
    0x08006338   0x08006338   0x00000002   Code   RO         4129    i.HAL_UART_RxCpltCallback  stm32f4xx_hal_uart.o
    0x0800633a   0x0800633a   0x00000002   PAD
    0x0800633c   0x0800633c   0x0000008c   Code   RO         4132    i.HAL_UART_Transmit_DMA  stm32f4xx_hal_uart.o
    0x080063c8   0x080063c8   0x00000018   Code   RO          575    i.HAL_UART_TxCpltCallback  usart.o
    0x080063e0   0x080063e0   0x00000002   Code   RO         4135    i.HAL_UART_TxHalfCpltCallback  stm32f4xx_hal_uart.o
    0x080063e2   0x080063e2   0x00000002   PAD
    0x080063e4   0x080063e4   0x0000002c   Code   RO          662    i.HardFault_Handler  stm32f4xx_it.o
    0x08006410   0x08006410   0x0000003e   Code   RO         2347    i.I2C_IsAcknowledgeFailed  stm32f4xx_hal_i2c.o
    0x0800644e   0x0800644e   0x00000002   PAD
    0x08006450   0x08006450   0x00000160   Code   RO         2358    i.I2C_RequestMemoryRead  stm32f4xx_hal_i2c.o
    0x080065b0   0x080065b0   0x000000e0   Code   RO         2359    i.I2C_RequestMemoryWrite  stm32f4xx_hal_i2c.o
    0x08006690   0x08006690   0x00000066   Code   RO         2367    i.I2C_WaitOnBTFFlagUntilTimeout  stm32f4xx_hal_i2c.o
    0x080066f6   0x080066f6   0x000000be   Code   RO         2368    i.I2C_WaitOnFlagUntilTimeout  stm32f4xx_hal_i2c.o
    0x080067b4   0x080067b4   0x000000fa   Code   RO         2369    i.I2C_WaitOnMasterAddressFlagUntilTimeout  stm32f4xx_hal_i2c.o
    0x080068ae   0x080068ae   0x0000008a   Code   RO         2370    i.I2C_WaitOnRXNEFlagUntilTimeout  stm32f4xx_hal_i2c.o
    0x08006938   0x08006938   0x00000066   Code   RO         2373    i.I2C_WaitOnTXEFlagUntilTimeout  stm32f4xx_hal_i2c.o
    0x0800699e   0x0800699e   0x00000002   PAD
    0x080069a0   0x080069a0   0x000000d0   Code   RO         5893    i.IMU_Data_Process  ins_task.o
    0x08006a70   0x08006a70   0x00000100   Code   RO         5894    i.IMU_Init_Self_inspection  ins_task.o
    0x08006b70   0x08006b70   0x0000000e   Code   RO          291    i.INS_Task          freertos.o
    0x08006b7e   0x08006b7e   0x0000000c   Code   RO         5895    i.INS_task          ins_task.o
    0x08006b8a   0x08006b8a   0x00000002   PAD
    0x08006b8c   0x08006b8c   0x000000f0   Code   RO         7086    i.Joint_Motor_pos_control  dm8009_drv.o
    0x08006c7c   0x08006c7c   0x00000140   Code   RO         6969    i.MI_Motor_mit_ctrl  cybergear_drv.o
    0x08006dbc   0x08006dbc   0x00000044   Code   RO          370    i.MX_CAN1_Init      can.o
    0x08006e00   0x08006e00   0x00000044   Code   RO          371    i.MX_CAN2_Init      can.o
    0x08006e44   0x08006e44   0x000000a8   Code   RO          417    i.MX_DMA_Init       dma.o
    0x08006eec   0x08006eec   0x000000b4   Code   RO          292    i.MX_FREERTOS_Init  freertos.o
    0x08006fa0   0x08006fa0   0x000001e0   Code   RO          264    i.MX_GPIO_Init      gpio.o
    0x08007180   0x08007180   0x0000003c   Code   RO          443    i.MX_I2C3_Init      i2c.o
    0x080071bc   0x080071bc   0x00000048   Code   RO          485    i.MX_SPI1_Init      spi.o
    0x08007204   0x08007204   0x0000006c   Code   RO          528    i.MX_TIM10_Init     tim.o
    0x08007270   0x08007270   0x00000038   Code   RO          576    i.MX_USART1_UART_Init  usart.o
    0x080072a8   0x080072a8   0x00000038   Code   RO          577    i.MX_USART3_UART_Init  usart.o
    0x080072e0   0x080072e0   0x00000038   Code   RO          578    i.MX_USART6_UART_Init  usart.o
    0x08007318   0x08007318   0x000005ac   Code   RO         6484    i.MahonyAHRSupdate  mahonyahrs.o
    0x080078c4   0x080078c4   0x000002fc   Code   RO         6485    i.MahonyAHRSupdateIMU  mahonyahrs.o
    0x08007bc0   0x08007bc0   0x00000004   Code   RO          663    i.MemManage_Handler  stm32f4xx_it.o
    0x08007bc4   0x08007bc4   0x00000004   Code   RO          664    i.NMI_Handler       stm32f4xx_it.o
    0x08007bc8   0x08007bc8   0x0000000a   Code   RO          293    i.OBSERVE_Task      freertos.o
    0x08007bd2   0x08007bd2   0x00000002   PAD
    0x08007bd4   0x08007bd4   0x000001f0   Code   RO         6443    i.PID_calc          pid_1.o
    0x08007dc4   0x08007dc4   0x00000060   Code   RO         6445    i.PID_init          pid_1.o
    0x08007e24   0x08007e24   0x0000273c   Code   RO         6185    i.SPI1_DMA_enable   bsp_spi.o
    0x0800a560   0x0800a560   0x00000180   Code   RO         6186    i.SPI1_DMA_init     bsp_spi.o
    0x0800a6e0   0x0800a6e0   0x00000088   Code   RO         2836    i.SPI_EndRxTxTransaction  stm32f4xx_hal_spi.o
    0x0800a768   0x0800a768   0x000000d8   Code   RO         2841    i.SPI_WaitFlagStateUntilTimeout  stm32f4xx_hal_spi.o
    0x0800a840   0x0800a840   0x000000bc   Code   RO         6970    i.Set_Motor_Parameter  cybergear_drv.o
    0x0800a8fc   0x0800a8fc   0x0000000a   Code   RO          294    i.StartDefaultTask  freertos.o
    0x0800a906   0x0800a906   0x00000002   PAD
    0x0800a908   0x0800a908   0x00000034   Code   RO         5812    i.SysTick_Handler   port.o
    0x0800a93c   0x0800a93c   0x000000b4   Code   RO           15    i.SystemClock_Config  main.o
    0x0800a9f0   0x0800a9f0   0x00000014   Code   RO         4467    i.SystemInit        system_stm32f4xx.o
    0x0800aa04   0x0800aa04   0x00000010   Code   RO          665    i.TIM2_IRQHandler   stm32f4xx_it.o
    0x0800aa14   0x0800aa14   0x000000e8   Code   RO         3204    i.TIM_Base_SetConfig  stm32f4xx_hal_tim.o
    0x0800aafc   0x0800aafc   0x00000070   Code   RO         3217    i.TIM_OC1_SetConfig  stm32f4xx_hal_tim.o
    0x0800ab6c   0x0800ab6c   0x0000007c   Code   RO         3218    i.TIM_OC2_SetConfig  stm32f4xx_hal_tim.o
    0x0800abe8   0x0800abe8   0x00000078   Code   RO         3219    i.TIM_OC3_SetConfig  stm32f4xx_hal_tim.o
    0x0800ac60   0x0800ac60   0x00000054   Code   RO         3220    i.TIM_OC4_SetConfig  stm32f4xx_hal_tim.o
    0x0800acb4   0x0800acb4   0x00000014   Code   RO         4136    i.UART_DMAAbortOnError  stm32f4xx_hal_uart.o
    0x0800acc8   0x0800acc8   0x00000050   Code   RO         4137    i.UART_DMAError     stm32f4xx_hal_uart.o
    0x0800ad18   0x0800ad18   0x00000058   Code   RO         4142    i.UART_DMATransmitCplt  stm32f4xx_hal_uart.o
    0x0800ad70   0x0800ad70   0x0000000e   Code   RO         4144    i.UART_DMATxHalfCplt  stm32f4xx_hal_uart.o
    0x0800ad7e   0x0800ad7e   0x0000006c   Code   RO         4146    i.UART_EndRxTransfer  stm32f4xx_hal_uart.o
    0x0800adea   0x0800adea   0x00000020   Code   RO         4147    i.UART_EndTransmit_IT  stm32f4xx_hal_uart.o
    0x0800ae0a   0x0800ae0a   0x00000026   Code   RO         4148    i.UART_EndTxTransfer  stm32f4xx_hal_uart.o
    0x0800ae30   0x0800ae30   0x000000fc   Code   RO         4149    i.UART_Receive_IT   stm32f4xx_hal_uart.o
    0x0800af2c   0x0800af2c   0x0000022c   Code   RO         4150    i.UART_SetConfig    stm32f4xx_hal_uart.o
    0x0800b158   0x0800b158   0x00000060   Code   RO         4153    i.UART_Transmit_IT  stm32f4xx_hal_uart.o
    0x0800b1b8   0x0800b1b8   0x00000010   Code   RO          666    i.USART1_IRQHandler  stm32f4xx_it.o
    0x0800b1c8   0x0800b1c8   0x00000014   Code   RO          667    i.USART3_IRQHandler  stm32f4xx_it.o
    0x0800b1dc   0x0800b1dc   0x00000010   Code   RO          668    i.USART6_IRQHandler  stm32f4xx_it.o
    0x0800b1ec   0x0800b1ec   0x00000004   Code   RO          669    i.UsageFault_Handler  stm32f4xx_it.o
    0x0800b1f0   0x0800b1f0   0x00000030   Code   RO        13630    i.__ARM_fpclassify  m_wm.l(fpclassify.o)
    0x0800b220   0x0800b220   0x00000026   Code   RO        13632    i.__ARM_fpclassifyf  m_wm.l(fpclassifyf.o)
    0x0800b246   0x0800b246   0x00000002   PAD
    0x0800b248   0x0800b248   0x00000010   Code   RO         1897    i.__NVIC_GetPriorityGrouping  stm32f4xx_hal_cortex.o
    0x0800b258   0x0800b258   0x00000028   Code   RO         1898    i.__NVIC_SetPriority  stm32f4xx_hal_cortex.o
    0x0800b280   0x0800b280   0x0000012c   Code   RO        13357    i.__hardfp_asinf    m_wm.l(asinf.o)
    0x0800b3ac   0x0800b3ac   0x000002ac   Code   RO        13369    i.__hardfp_atan2f   m_wm.l(atan2f.o)
    0x0800b658   0x0800b658   0x0000007a   Code   RO        13457    i.__hardfp_sqrt     m_wm.l(sqrt.o)
    0x0800b6d2   0x0800b6d2   0x00000006   Code   RO        13635    i.__mathlib_flt_infnan  m_wm.l(funder.o)
    0x0800b6d8   0x0800b6d8   0x00000006   Code   RO        13636    i.__mathlib_flt_infnan2  m_wm.l(funder.o)
    0x0800b6de   0x0800b6de   0x00000002   PAD
    0x0800b6e0   0x0800b6e0   0x00000010   Code   RO        13637    i.__mathlib_flt_invalid  m_wm.l(funder.o)
    0x0800b6f0   0x0800b6f0   0x00000010   Code   RO        13640    i.__mathlib_flt_underflow  m_wm.l(funder.o)
    0x0800b700   0x0800b700   0x0000000e   Code   RO        13560    i._is_digit         c_w.l(__printf_wp.o)
    0x0800b70e   0x0800b70e   0x00000002   PAD
    0x0800b710   0x0800b710   0x00000134   Code   RO         6645    i.bmi088_accel_init  bmi088driver.o
    0x0800b844   0x0800b844   0x000002fc   Code   RO         6646    i.bmi088_accel_self_test  bmi088driver.o
    0x0800bb40   0x0800bb40   0x000000f4   Code   RO         6647    i.bmi088_gyro_init  bmi088driver.o
    0x0800bc34   0x0800bc34   0x000000d0   Code   RO         6648    i.bmi088_gyro_self_test  bmi088driver.o
    0x0800bd04   0x0800bd04   0x0000009c   Code   RO         6317    i.canx_send_data    bsp_can.o
    0x0800bda0   0x0800bda0   0x00000098   Code   RO         6072    i.chassisL_task     chassisl_task.o
    0x0800be38   0x0800be38   0x000000bc   Code   RO         6103    i.chassisR_task     chassisr_task.o
    0x0800bef4   0x0800bef4   0x00000040   Code   RO         6363    i.dbus_uart_init    bsp_sbus.o
    0x0800bf34   0x0800bf34   0x00000020   Code   RO         7087    i.degreesToRadians  dm8009_drv.o
    0x0800bf54   0x0800bf54   0x00000030   Code   RO         6228    i.delay_init        bsp_dwt.o
    0x0800bf84   0x0800bf84   0x00000050   Code   RO         6230    i.delay_us          bsp_dwt.o
    0x0800bfd4   0x0800bfd4   0x00000070   Code   RO         7090    i.dm8009_data       dm8009_drv.o
    0x0800c044   0x0800c044   0x00000008   Code   RO         6364    i.dma_current_data_counter  bsp_sbus.o
    0x0800c04c   0x0800c04c   0x00000042   Code   RO         7091    i.enable_motor_mode  dm8009_drv.o
    0x0800c08e   0x0800c08e   0x00000050   Code   RO         6973    i.float_to_uint     cybergear_drv.o
    0x0800c0de   0x0800c0de   0x00000032   Code   RO         7092    i.float_to_uint     dm8009_drv.o
    0x0800c110   0x0800c110   0x000000dc   Code   RO         5896    i.get_angle         ins_task.o
    0x0800c1ec   0x0800c1ec   0x000001a8   Code   RO         5897    i.imu_cmd_spi_dma   ins_task.o
    0x0800c394   0x0800c394   0x0000000c   Code   RO         5898    i.imu_pwm_set       ins_task.o
    0x0800c3a0   0x0800c3a0   0x000000a4   Code   RO         5899    i.imu_temp_control  ins_task.o
    0x0800c444   0x0800c444   0x00000034   Code   RO         6974    i.init_cybergear    cybergear_drv.o
    0x0800c478   0x0800c478   0x0000003c   Code   RO         6487    i.invSqrt           mahonyahrs.o
    0x0800c4b4   0x0800c4b4   0x00000002   Code   RO         6888    i.ist8310_GPIO_init  ist8310driver_middleware.o
    0x0800c4b6   0x0800c4b6   0x00000002   PAD
    0x0800c4b8   0x0800c4b8   0x00000024   Code   RO         6889    i.ist8310_IIC_read_muli_reg  ist8310driver_middleware.o
    0x0800c4dc   0x0800c4dc   0x00000028   Code   RO         6890    i.ist8310_IIC_read_single_reg  ist8310driver_middleware.o
    0x0800c504   0x0800c504   0x00000028   Code   RO         6892    i.ist8310_IIC_write_single_reg  ist8310driver_middleware.o
    0x0800c52c   0x0800c52c   0x00000014   Code   RO         6893    i.ist8310_RST_H     ist8310driver_middleware.o
    0x0800c540   0x0800c540   0x00000014   Code   RO         6894    i.ist8310_RST_L     ist8310driver_middleware.o
    0x0800c554   0x0800c554   0x00000002   Code   RO         6895    i.ist8310_com_init  ist8310driver_middleware.o
    0x0800c556   0x0800c556   0x0000000c   Code   RO         6896    i.ist8310_delay_ms  ist8310driver_middleware.o
    0x0800c562   0x0800c562   0x00000002   PAD
    0x0800c564   0x0800c564   0x00000094   Code   RO         6844    i.ist8310_init      ist8310driver.o
    0x0800c5f8   0x0800c5f8   0x0000008c   Code   RO         6845    i.ist8310_read_mag  ist8310driver.o
    0x0800c684   0x0800c684   0x00000046   Code   RO           16    i.main              main.o
    0x0800c6ca   0x0800c6ca   0x0000000e   Code   RO         5365    i.makeFreeRtosPriority  cmsis_os.o
    0x0800c6d8   0x0800c6d8   0x00000048   Code   RO          579    i.myprintf          usart.o
    0x0800c720   0x0800c720   0x00000018   Code   RO         5367    i.osDelay           cmsis_os.o
    0x0800c738   0x0800c738   0x0000000a   Code   RO         5370    i.osKernelStart     cmsis_os.o
    0x0800c742   0x0800c742   0x0000005e   Code   RO         5404    i.osThreadCreate    cmsis_os.o
    0x0800c7a0   0x0800c7a0   0x00000030   Code   RO         4990    i.pcTaskGetName     tasks.o
    0x0800c7d0   0x0800c7d0   0x000000a4   Code   RO         4991    i.prvAddCurrentTaskToDelayedList  tasks.o
    0x0800c874   0x0800c874   0x000000b4   Code   RO         4992    i.prvAddNewTaskToReadyList  tasks.o
    0x0800c928   0x0800c928   0x00000048   Code   RO         4993    i.prvCheckTasksWaitingTermination  tasks.o
    0x0800c970   0x0800c970   0x00000050   Code   RO         4994    i.prvDeleteTCB      tasks.o
    0x0800c9c0   0x0800c9c0   0x0000007c   Code   RO         5744    i.prvHeapInit       heap_4.o
    0x0800ca3c   0x0800ca3c   0x00000028   Code   RO         4995    i.prvIdleTask       tasks.o
    0x0800ca64   0x0800ca64   0x000000c2   Code   RO         4996    i.prvInitialiseNewTask  tasks.o
    0x0800cb26   0x0800cb26   0x00000002   PAD
    0x0800cb28   0x0800cb28   0x00000068   Code   RO         4997    i.prvInitialiseTaskLists  tasks.o
    0x0800cb90   0x0800cb90   0x00000068   Code   RO         5745    i.prvInsertBlockIntoFreeList  heap_4.o
    0x0800cbf8   0x0800cbf8   0x00000034   Code   RO         4998    i.prvResetNextTaskUnblockTime  tasks.o
    0x0800cc2c   0x0800cc2c   0x000000b0   Code   RO         4999    i.prvSearchForNameWithinSingleList  tasks.o
    0x0800ccdc   0x0800ccdc   0x00000040   Code   RO         5813    i.prvTaskExitError  port.o
    0x0800cd1c   0x0800cd1c   0x0000014c   Code   RO         5746    i.pvPortMalloc      heap_4.o
    0x0800ce68   0x0800ce68   0x0000002c   Code   RO         5814    i.pxPortInitialiseStack  port.o
    0x0800ce94   0x0800ce94   0x000000da   Code   RO         6366    i.rc_callback_handler  bsp_sbus.o
    0x0800cf6e   0x0800cf6e   0x0000001c   Code   RO         6978    i.set_mode_cybergear  cybergear_drv.o
    0x0800cf8a   0x0800cf8a   0x0000003e   Code   RO        13471    i.sqrtf             m_wm.l(sqrtf.o)
    0x0800cfc8   0x0800cfc8   0x00000044   Code   RO         6980    i.start_cybergear   cybergear_drv.o
    0x0800d00c   0x0800d00c   0x00000048   Code   RO         6368    i.uart_receive_dma_no_it  bsp_sbus.o
    0x0800d054   0x0800d054   0x00000022   Code   RO         6369    i.uart_receive_handler  bsp_sbus.o
    0x0800d076   0x0800d076   0x00000002   PAD
    0x0800d078   0x0800d078   0x00000070   Code   RO         6370    i.uart_rx_idle_callback  bsp_sbus.o
    0x0800d0e8   0x0800d0e8   0x00000034   Code   RO         7096    i.uint_to_float     dm8009_drv.o
    0x0800d11c   0x0800d11c   0x00000074   Code   RO         5003    i.ulTaskNotifyTake  tasks.o
    0x0800d190   0x0800d190   0x00000028   Code   RO         4604    i.uxListRemove      list.o
    0x0800d1b8   0x0800d1b8   0x00000018   Code   RO          295    i.vApplicationGetIdleTaskMemory  freertos.o
    0x0800d1d0   0x0800d1d0   0x0000001a   Code   RO         4605    i.vListInitialise   list.o
    0x0800d1ea   0x0800d1ea   0x00000006   Code   RO         4606    i.vListInitialiseItem  list.o
    0x0800d1f0   0x0800d1f0   0x00000034   Code   RO         4607    i.vListInsert       list.o
    0x0800d224   0x0800d224   0x00000018   Code   RO         4608    i.vListInsertEnd    list.o
    0x0800d23c   0x0800d23c   0x00000054   Code   RO         5816    i.vPortEnterCritical  port.o
    0x0800d290   0x0800d290   0x0000003c   Code   RO         5817    i.vPortExitCritical  port.o
    0x0800d2cc   0x0800d2cc   0x000000a4   Code   RO         5747    i.vPortFree         heap_4.o
    0x0800d370   0x0800d370   0x00000028   Code   RO         5818    i.vPortSetupTimerInterrupt  port.o
    0x0800d398   0x0800d398   0x00000078   Code   RO         5819    i.vPortValidateInterruptPriority  port.o
    0x0800d410   0x0800d410   0x0000005c   Code   RO         5011    i.vTaskDelay        tasks.o
    0x0800d46c   0x0800d46c   0x000000f0   Code   RO         5017    i.vTaskNotifyGiveFromISR  tasks.o
    0x0800d55c   0x0800d55c   0x000000b0   Code   RO         5025    i.vTaskStartScheduler  tasks.o
    0x0800d60c   0x0800d60c   0x00000010   Code   RO         5027    i.vTaskSuspendAll   tasks.o
    0x0800d61c   0x0800d61c   0x0000008c   Code   RO         5028    i.vTaskSwitchContext  tasks.o
    0x0800d6a8   0x0800d6a8   0x00000168   Code   RO         5820    i.xPortStartScheduler  port.o
    0x0800d810   0x0800d810   0x00000064   Code   RO         5032    i.xTaskCreate       tasks.o
    0x0800d874   0x0800d874   0x000000ba   Code   RO         5033    i.xTaskCreateStatic  tasks.o
    0x0800d92e   0x0800d92e   0x00000002   PAD
    0x0800d930   0x0800d930   0x000000a4   Code   RO         5037    i.xTaskGetHandle    tasks.o
    0x0800d9d4   0x0800d9d4   0x00000020   Code   RO         5038    i.xTaskGetSchedulerState  tasks.o
    0x0800d9f4   0x0800d9f4   0x00000148   Code   RO         5041    i.xTaskIncrementTick  tasks.o
    0x0800db3c   0x0800db3c   0x00000104   Code   RO         5047    i.xTaskResumeAll    tasks.o
    0x0800dc40   0x0800dc40   0x0000002c   Code   RO        13731    locale$$code        c_w.l(lc_numeric_c.o)
    0x0800dc6c   0x0800dc6c   0x0000002c   Code   RO        13750    locale$$code        c_w.l(lc_ctype_c.o)
    0x0800dc98   0x0800dc98   0x00000062   Code   RO        13317    x$fpl$d2f           fz_wm.l(d2f.o)
    0x0800dcfa   0x0800dcfa   0x0000002e   Code   RO        13340    x$fpl$dflt          fz_wm.l(dflt_clz.o)
    0x0800dd28   0x0800dd28   0x00000154   Code   RO        13347    x$fpl$dmul          fz_wm.l(dmul.o)
    0x0800de7c   0x0800de7c   0x0000009c   Code   RO        13595    x$fpl$dnaninf       fz_wm.l(dnaninf.o)
    0x0800df18   0x0800df18   0x0000000c   Code   RO        13597    x$fpl$dretinf       fz_wm.l(dretinf.o)
    0x0800df24   0x0800df24   0x00000198   Code   RO        13599    x$fpl$dsqrt         fz_wm.l(dsqrt_umaal.o)
    0x0800e0bc   0x0800e0bc   0x00000056   Code   RO        13351    x$fpl$f2d           fz_wm.l(f2d.o)
    0x0800e112   0x0800e112   0x0000008c   Code   RO        13601    x$fpl$fnaninf       fz_wm.l(fnaninf.o)
    0x0800e19e   0x0800e19e   0x0000000a   Code   RO        13818    x$fpl$fpinit        fz_wm.l(fpinit.o)
    0x0800e1a8   0x0800e1a8   0x0000000a   Code   RO        13603    x$fpl$fretinf       fz_wm.l(fretinf.o)
    0x0800e1b2   0x0800e1b2   0x00000004   Code   RO        13607    x$fpl$printf1       fz_wm.l(printf1.o)
    0x0800e1b6   0x0800e1b6   0x00000004   Code   RO        13609    x$fpl$printf2       fz_wm.l(printf2.o)
    0x0800e1ba   0x0800e1ba   0x00000000   Code   RO        13615    x$fpl$usenofp       fz_wm.l(usenofp.o)
    0x0800e1ba   0x0800e1ba   0x00000002   PAD
    0x0800e1bc   0x0800e1bc   0x000000a8   Data   RO          297    .constdata          freertos.o
    0x0800e264   0x0800e264   0x00000008   Data   RO         1611    .constdata          stm32f4xx_hal_dma.o
    0x0800e26c   0x0800e26c   0x00000018   Data   RO         4468    .constdata          system_stm32f4xx.o
    0x0800e284   0x0800e284   0x0000000c   Data   RO         5901    .constdata          ins_task.o
    0x0800e290   0x0800e290   0x00000012   Data   RO         6653    .constdata          bmi088driver.o
    0x0800e2a2   0x0800e2a2   0x0000000c   Data   RO         6847    .constdata          ist8310driver.o
    0x0800e2ae   0x0800e2ae   0x00000002   PAD
    0x0800e2b0   0x0800e2b0   0x00000008   Data   RO        13519    .constdata          c_w.l(_printf_wctomb.o)
    0x0800e2b8   0x0800e2b8   0x00000028   Data   RO        13548    .constdata          c_w.l(_printf_hex_int_ll_ptr.o)
    0x0800e2e0   0x0800e2e0   0x00000011   Data   RO        13568    .constdata          c_w.l(__printf_flags_ss_wp.o)
    0x0800e2f1   0x0800e2f1   0x00000026   Data   RO        13680    .constdata          c_w.l(_printf_fp_hex.o)
    0x0800e317   0x0800e317   0x00000001   PAD
    0x0800e318   0x0800e318   0x00000094   Data   RO        13706    .constdata          c_w.l(bigflt0.o)
    0x0800e3ac   0x0800e3ac   0x00000054   Data   RO          298    .conststring        freertos.o
    0x0800e400   0x0800e400   0x00000020   Data   RO        13876    Region$$Table       anon$$obj.o
    0x0800e420   0x0800e420   0x0000001c   Data   RO        13730    locale$$data        c_w.l(lc_numeric_c.o)
    0x0800e43c   0x0800e43c   0x00000110   Data   RO        13749    locale$$data        c_w.l(lc_ctype_c.o)


    Execution Region RW_IRAM1 (Exec base: 0x20000000, Load base: 0x0800e54c, Size: 0x00004f28, Max: 0x0001c000, ABSOLUTE, COMPRESSED[0x0000005c])

    Exec Addr    Load Addr    Size         Type   Attr      Idx    E Section Name        Object

    0x20000000   COMPRESSED   0x00000018   Data   RW          299    .data               freertos.o
    0x20000018   COMPRESSED   0x00000004   Data   RW          373    .data               can.o
    0x2000001c   COMPRESSED   0x00000001   Data   RW          581    .data               usart.o
    0x2000001d   COMPRESSED   0x00000003   PAD
    0x20000020   COMPRESSED   0x00000009   Data   RW         2061    .data               stm32f4xx_hal.o
    0x20000029   COMPRESSED   0x00000003   PAD
    0x2000002c   COMPRESSED   0x00000004   Data   RW         4469    .data               system_stm32f4xx.o
    0x20000030   COMPRESSED   0x0000003c   Data   RW         5050    .data               tasks.o
    0x2000006c   COMPRESSED   0x00000020   Data   RW         5753    .data               heap_4.o
    0x2000008c   COMPRESSED   0x0000000c   Data   RW         5821    .data               port.o
    0x20000098   COMPRESSED   0x00000030   Data   RW         5902    .data               ins_task.o
    0x200000c8   COMPRESSED   0x00000048   Data   RW         6231    .data               bsp_dwt.o
    0x20000110   COMPRESSED   0x00000014   Data   RW         6493    .data               mahonyahrs.o
    0x20000124   COMPRESSED   0x0000002c   Data   RW         6654    .data               bmi088driver.o
    0x20000150   COMPRESSED   0x00000010   Data   RW         6983    .data               cybergear_drv.o
    0x20000160   COMPRESSED   0x00000019   Data   RW         7097    .data               dm8009_drv.o
    0x20000179   COMPRESSED   0x00000003   PAD
    0x2000017c        -       0x00000254   Zero   RW          296    .bss                freertos.o
    0x200003d0        -       0x00000050   Zero   RW          372    .bss                can.o
    0x20000420        -       0x00000054   Zero   RW          444    .bss                i2c.o
    0x20000474        -       0x00000118   Zero   RW          486    .bss                spi.o
    0x2000058c        -       0x00000048   Zero   RW          529    .bss                tim.o
    0x200005d4        -       0x00000320   Zero   RW          580    .bss                usart.o
    0x200008f4        -       0x00000048   Zero   RW          822    .bss                stm32f4xx_hal_timebase_tim.o
    0x2000093c        -       0x000000f0   Zero   RW         5049    .bss                tasks.o
    0x20000a2c        -       0x00003c00   Zero   RW         5752    .bss                heap_4.o
    0x2000462c        -       0x000000a4   Zero   RW         5900    .bss                ins_task.o
    0x200046d0        -       0x00000190   Zero   RW         6104    .bss                chassisr_task.o
    0x20004860        -       0x00000034   Zero   RW         6371    .bss                bsp_sbus.o
    0x20004894        -       0x00000034   Zero   RW         6982    .bss                cybergear_drv.o
    0x200048c8        -       0x00000060   Zero   RW        13692    .bss                c_w.l(libspace.o)
    0x20004928        -       0x00000200   Zero   RW            2    HEAP                startup_stm32f407xx.o
    0x20004b28        -       0x00000400   Zero   RW            1    STACK               startup_stm32f407xx.o


    Execution Region RW_IRAM2 (Exec base: 0x2001c000, Load base: 0x0800e5a8, Size: 0x00000000, Max: 0x00004000, ABSOLUTE)

    **** No section assigned to this execution region ****


==============================================================================

Image component sizes


      Code (inc. data)   RO Data    RW Data    ZI Data      Debug   Object Name

      2338         40         18         44          0      10715   bmi088driver.o
       140         28          0          0          0       4836   bmi088middleware.o
       472         66          0          0          0       3050   bsp_can.o
       292         60          0         72          0       3994   bsp_dwt.o
       508         22          0          0         52       5187   bsp_sbus.o
     10428        170          0          0          0       5662   bsp_spi.o
       488         44          0          4         80       2562   can.o
       152         44          0          0          0       1872   chassisl_task.o
       188         66          0          0        400        987   chassisr_task.o
       142          0          0          0          0      23003   cmsis_os.o
       932         66          0         16         52       9008   cybergear_drv.o
       796         32          0         25          0       7711   dm8009_drv.o
       168          6          0          0          0        966   dma.o
        40         20          0          0          0        467   dt7_task.o
         0          0          0          0          0      16604   event_groups.o
       280         40        252         24        596       5596   freertos.o
       480         22          0          0          0       1339   gpio.o
       724         74          0         32      15360       7535   heap_4.o
       260         30          0          0         84       1849   i2c.o
      3708        326         12         48        164      11270   ins_task.o
       288         10         12          0          0       2794   ist8310driver.o
       172         28          0          0          0       5375   ist8310driver_middleware.o
       148          0          0          0          0       3698   list.o
      2422         78          0         20          0       7519   mahonyahrs.o
       274         10          0          0          0     758619   main.o
       592          8          0          0          0       2574   pid_1.o
      1014         92          0         12          0      12145   port.o
       416         38          0          0        280       2055   spi.o
        64         26        392          0       1536        844   startup_stm32f407xx.o
        96         20          0          9          0       8202   stm32f4xx_hal.o
      2148          6          0          0          0      14491   stm32f4xx_hal_can.o
       260         22          0          0          0      33566   stm32f4xx_hal_cortex.o
      1538         16          8          0          0       8038   stm32f4xx_hal_dma.o
       540         50          0          0          0       2867   stm32f4xx_hal_gpio.o
      3016         48          0          0          0      11994   stm32f4xx_hal_i2c.o
        84          6          0          0          0        982   stm32f4xx_hal_msp.o
      1888         94          0          0          0       6385   stm32f4xx_hal_rcc.o
      1136         14          0          0          0       4773   stm32f4xx_hal_spi.o
      1678        112          0          0          0      11328   stm32f4xx_hal_tim.o
         4          0          0          0          0       1717   stm32f4xx_hal_tim_ex.o
       180         18          0          0         72       1587   stm32f4xx_hal_timebase_tim.o
      2294         26          0          0          0      13148   stm32f4xx_hal_uart.o
       266         92          0          0          0       9801   stm32f4xx_it.o
         0          0          0          0          0        416   stream_buffer.o
        20          6         24          4          0       1251   system_stm32f4xx.o
      2960        340          0         60        240      25991   tasks.o
       260         30          0          0         72       2418   tim.o
      1036        108          0          1        800       5555   usart.o

    ----------------------------------------------------------------------
     47378       2454        752        380      19788    1084346   Object Totals
         0          0         32          0          0          0   (incl. Generated)
        48          0          2          9          0          0   (incl. Padding)

    ----------------------------------------------------------------------

      Code (inc. data)   RO Data    RW Data    ZI Data      Debug   Library Member Name

        90          0          0          0          0          0   __dczerorl2.o
         8          0          0          0          0         68   __main.o
       392          4         17          0          0         92   __printf_flags_ss_wp.o
        14          0          0          0          0         68   __printf_wp.o
         0          0          0          0          0          0   __rtentry.o
        12          0          0          0          0          0   __rtentry2.o
         6          0          0          0          0          0   __rtentry4.o
        52          8          0          0          0          0   __scatter.o
        28          0          0          0          0          0   __scatter_zi.o
         6          0          0          0          0          0   _printf_a.o
         6          0          0          0          0          0   _printf_c.o
        44          0          0          0          0        108   _printf_char.o
        48          6          0          0          0         96   _printf_char_common.o
        40          0          0          0          0         68   _printf_charcount.o
         6          0          0          0          0          0   _printf_d.o
       120         16          0          0          0         92   _printf_dec.o
         6          0          0          0          0          0   _printf_e.o
         6          0          0          0          0          0   _printf_f.o
      1054          0          0          0          0        216   _printf_fp_dec.o
       764          8         38          0          0        100   _printf_fp_hex.o
       128         16          0          0          0         84   _printf_fp_infnan.o
         6          0          0          0          0          0   _printf_g.o
       148          4         40          0          0        160   _printf_hex_int_ll_ptr.o
         6          0          0          0          0          0   _printf_i.o
       178          0          0          0          0         88   _printf_intcommon.o
        10          0          0          0          0          0   _printf_l.o
         6          0          0          0          0          0   _printf_lc.o
        10          0          0          0          0          0   _printf_ll.o
         6          0          0          0          0          0   _printf_lld.o
         6          0          0          0          0          0   _printf_lli.o
         6          0          0          0          0          0   _printf_llo.o
         6          0          0          0          0          0   _printf_llu.o
         6          0          0          0          0          0   _printf_llx.o
       124         16          0          0          0         92   _printf_longlong_dec.o
         6          0          0          0          0          0   _printf_ls.o
         6          0          0          0          0          0   _printf_n.o
         6          0          0          0          0          0   _printf_o.o
       112         10          0          0          0        124   _printf_oct_int_ll.o
         6          0          0          0          0          0   _printf_p.o
        78          0          0          0          0        108   _printf_pad.o
         0          0          0          0          0          0   _printf_percent.o
         4          0          0          0          0          0   _printf_percent_end.o
         6          0          0          0          0          0   _printf_s.o
        82          0          0          0          0         80   _printf_str.o
        36          0          0          0          0         84   _printf_truncate.o
         6          0          0          0          0          0   _printf_u.o
        44          0          0          0          0        108   _printf_wchar.o
       188          6          8          0          0         92   _printf_wctomb.o
         6          0          0          0          0          0   _printf_x.o
        22          0          0          0          0        100   _rserrno.o
        16          0          0          0          0         68   _snputc.o
        10          0          0          0          0         68   _sputc.o
        64          0          0          0          0         92   _wcrtomb.o
        16          0          0          0          0         68   aeabi_memset.o
       228          4        148          0          0         96   bigflt0.o
      1936        128          0          0          0        672   btod.o
        18          0          0          0          0         80   exit.o
         6          0          0          0          0        152   heapauxi.o
         0          0          0          0          0          0   indicate_semi.o
        44         10        272          0          0         76   lc_ctype_c.o
        44         10         28          0          0         76   lc_numeric_c.o
         2          0          0          0          0          0   libinit.o
        34          0          0          0          0          0   libinit2.o
         2          0          0          0          0          0   libshutdown.o
         2          0          0          0          0          0   libshutdown2.o
         8          4          0          0         96         68   libspace.o
       138          0          0          0          0         80   lludiv10.o
       238          0          0          0          0        100   lludivv7m.o
        16          4          0          0          0         76   rt_ctype_table.o
         8          4          0          0          0         68   rt_errno_addr_intlibspace.o
         8          4          0          0          0         68   rt_locale_intlibspace.o
        68          0          0          0          0         68   rt_memclr.o
        78          0          0          0          0         80   rt_memclr_w.o
       100          0          0          0          0         80   rt_memcpy_w.o
         2          0          0          0          0          0   rtexit.o
        10          0          0          0          0          0   rtexit2.o
       128          0          0          0          0         68   strcmpv7m.o
        62          0          0          0          0         76   strlen.o
        12          4          0          0          0         68   sys_exit.o
        74          0          0          0          0         80   sys_stackheap_outer.o
         2          0          0          0          0         68   use_no_semi.o
        52          4          0          0          0         80   vsnprintf.o
        98          4          0          0          0        140   d2f.o
        46          0          0          0          0        116   dflt_clz.o
       340         12          0          0          0        152   dmul.o
       156          4          0          0          0        140   dnaninf.o
        12          0          0          0          0        116   dretinf.o
       408         56          0          0          0        168   dsqrt_umaal.o
        86          4          0          0          0        132   f2d.o
       140          4          0          0          0        132   fnaninf.o
        10          0          0          0          0        116   fpinit.o
        10          0          0          0          0        116   fretinf.o
         4          0          0          0          0        116   printf1.o
         4          0          0          0          0        116   printf2.o
         0          0          0          0          0          0   usenofp.o
       300         42          0          0          0        176   asinf.o
       684         90          0          0          0        208   atan2f.o
        48          0          0          0          0        124   fpclassify.o
        38          0          0          0          0        116   fpclassifyf.o
        44         12          0          0          0        464   funder.o
       122          0          0          0          0        148   sqrt.o
        62          0          0          0          0        136   sqrtf.o

    ----------------------------------------------------------------------
     10018        498        552          0         96       7536   Library Totals
        24          0          1          0          0          0   (incl. Padding)

    ----------------------------------------------------------------------

      Code (inc. data)   RO Data    RW Data    ZI Data      Debug   Library Name

      7382        270        551          0         96       4604   c_w.l
      1314         84          0          0          0       1560   fz_wm.l
      1298        144          0          0          0       1372   m_wm.l

    ----------------------------------------------------------------------
     10018        498        552          0         96       7536   Library Totals

    ----------------------------------------------------------------------

==============================================================================


      Code (inc. data)   RO Data    RW Data    ZI Data      Debug   

     57396       2952       1304        380      19884    1061534   Grand Totals
     57396       2952       1304         92      19884    1061534   ELF Image Totals (compressed)
     57396       2952       1304         92          0          0   ROM Totals

==============================================================================

    Total RO  Size (Code + RO Data)                58700 (  57.32kB)
    Total RW  Size (RW Data + ZI Data)             20264 (  19.79kB)
    Total ROM Size (Code + RO Data + RW Data)      58792 (  57.41kB)

==============================================================================

